Archive member included to satisfy reference by file (symbol)

c:/program files (x86)/atmel/studio/7.0/toolchain/arm/arm-gnu-toolchain/bin/../lib/gcc/arm-none-eabi/6.3.1/thumb/v6-m\libgcc.a(_thumb1_case_sqi.o)
                              usb/device/usbdc.o (__gnu_thumb1_case_sqi)
c:/program files (x86)/atmel/studio/7.0/toolchain/arm/arm-gnu-toolchain/bin/../lib/gcc/arm-none-eabi/6.3.1/thumb/v6-m\libgcc.a(_thumb1_case_uqi.o)
                              hal/src/hal_usb_device.o (__gnu_thumb1_case_uqi)
c:/program files (x86)/atmel/studio/7.0/toolchain/arm/arm-gnu-toolchain/bin/../lib/gcc/arm-none-eabi/6.3.1/thumb/v6-m\libgcc.a(_thumb1_case_shi.o)
                              usb/device/usbdc.o (__gnu_thumb1_case_shi)
c:/program files (x86)/atmel/studio/7.0/toolchain/arm/arm-gnu-toolchain/bin/../lib/gcc/arm-none-eabi/6.3.1/thumb/v6-m\libgcc.a(_thumb1_case_uhi.o)
                              main.o (__gnu_thumb1_case_uhi)
c:/program files (x86)/atmel/studio/7.0/toolchain/arm/arm-gnu-toolchain/bin/../lib/gcc/arm-none-eabi/6.3.1/thumb/v6-m\libgcc.a(_udivsi3.o)
                              hal/src/hal_flash.o (__aeabi_uidiv)
c:/program files (x86)/atmel/studio/7.0/toolchain/arm/arm-gnu-toolchain/bin/../lib/gcc/arm-none-eabi/6.3.1/thumb/v6-m\libgcc.a(_divsi3.o)
                              main.o (__aeabi_idivmod)
c:/program files (x86)/atmel/studio/7.0/toolchain/arm/arm-gnu-toolchain/bin/../lib/gcc/arm-none-eabi/6.3.1/thumb/v6-m\libgcc.a(_dvmd_tls.o)
                              c:/program files (x86)/atmel/studio/7.0/toolchain/arm/arm-gnu-toolchain/bin/../lib/gcc/arm-none-eabi/6.3.1/thumb/v6-m\libgcc.a(_udivsi3.o) (__aeabi_idiv0)
c:/program files (x86)/atmel/studio/7.0/toolchain/arm/arm-gnu-toolchain/bin/../lib/gcc/arm-none-eabi/6.3.1/thumb/v6-m\libgcc.a(_aeabi_uldivmod.o)
                              hpl/sercom/hpl_sercom.o (__aeabi_uldivmod)
c:/program files (x86)/atmel/studio/7.0/toolchain/arm/arm-gnu-toolchain/bin/../lib/gcc/arm-none-eabi/6.3.1/thumb/v6-m\libgcc.a(_muldi3.o)
                              hpl/sercom/hpl_sercom.o (__aeabi_lmul)
c:/program files (x86)/atmel/studio/7.0/toolchain/arm/arm-gnu-toolchain/bin/../lib/gcc/arm-none-eabi/6.3.1/thumb/v6-m\libgcc.a(_ffssi2.o)
                              hpl/eic/hpl_eic.o (__ffssi2)
c:/program files (x86)/atmel/studio/7.0/toolchain/arm/arm-gnu-toolchain/bin/../lib/gcc/arm-none-eabi/6.3.1/thumb/v6-m\libgcc.a(_fixunsdfsi.o)
                              hpl/sercom/hpl_sercom.o (__aeabi_d2uiz)
c:/program files (x86)/atmel/studio/7.0/toolchain/arm/arm-gnu-toolchain/bin/../lib/gcc/arm-none-eabi/6.3.1/thumb/v6-m\libgcc.a(_udivmoddi4.o)
                              c:/program files (x86)/atmel/studio/7.0/toolchain/arm/arm-gnu-toolchain/bin/../lib/gcc/arm-none-eabi/6.3.1/thumb/v6-m\libgcc.a(_aeabi_uldivmod.o) (__udivmoddi4)
c:/program files (x86)/atmel/studio/7.0/toolchain/arm/arm-gnu-toolchain/bin/../lib/gcc/arm-none-eabi/6.3.1/thumb/v6-m\libgcc.a(divdf3.o)
                              hpl/sercom/hpl_sercom.o (__aeabi_ddiv)
c:/program files (x86)/atmel/studio/7.0/toolchain/arm/arm-gnu-toolchain/bin/../lib/gcc/arm-none-eabi/6.3.1/thumb/v6-m\libgcc.a(muldf3.o)
                              hpl/sercom/hpl_sercom.o (__aeabi_dmul)
c:/program files (x86)/atmel/studio/7.0/toolchain/arm/arm-gnu-toolchain/bin/../lib/gcc/arm-none-eabi/6.3.1/thumb/v6-m\libgcc.a(subdf3.o)
                              hpl/sercom/hpl_sercom.o (__aeabi_dsub)
c:/program files (x86)/atmel/studio/7.0/toolchain/arm/arm-gnu-toolchain/bin/../lib/gcc/arm-none-eabi/6.3.1/thumb/v6-m\libgcc.a(fixdfsi.o)
                              c:/program files (x86)/atmel/studio/7.0/toolchain/arm/arm-gnu-toolchain/bin/../lib/gcc/arm-none-eabi/6.3.1/thumb/v6-m\libgcc.a(_fixunsdfsi.o) (__aeabi_d2iz)
c:/program files (x86)/atmel/studio/7.0/toolchain/arm/arm-gnu-toolchain/bin/../lib/gcc/arm-none-eabi/6.3.1/thumb/v6-m\libgcc.a(floatsidf.o)
                              hpl/sercom/hpl_sercom.o (__aeabi_i2d)
c:/program files (x86)/atmel/studio/7.0/toolchain/arm/arm-gnu-toolchain/bin/../lib/gcc/arm-none-eabi/6.3.1/thumb/v6-m\libgcc.a(floatunsidf.o)
                              hpl/sercom/hpl_sercom.o (__aeabi_ui2d)
c:/program files (x86)/atmel/studio/7.0/toolchain/arm/arm-gnu-toolchain/bin/../lib/gcc/arm-none-eabi/6.3.1/thumb/v6-m\libgcc.a(_arm_cmpdf2.o)
                              c:/program files (x86)/atmel/studio/7.0/toolchain/arm/arm-gnu-toolchain/bin/../lib/gcc/arm-none-eabi/6.3.1/thumb/v6-m\libgcc.a(_fixunsdfsi.o) (__aeabi_dcmpge)
c:/program files (x86)/atmel/studio/7.0/toolchain/arm/arm-gnu-toolchain/bin/../lib/gcc/arm-none-eabi/6.3.1/thumb/v6-m\libgcc.a(_clzsi2.o)
                              c:/program files (x86)/atmel/studio/7.0/toolchain/arm/arm-gnu-toolchain/bin/../lib/gcc/arm-none-eabi/6.3.1/thumb/v6-m\libgcc.a(divdf3.o) (__clzsi2)
c:/program files (x86)/atmel/studio/7.0/toolchain/arm/arm-gnu-toolchain/bin/../lib/gcc/arm-none-eabi/6.3.1/thumb/v6-m\libgcc.a(_clzdi2.o)
[...]
Memory Configuration

Name             Origin             Length             Attributes
rom              0x00000000         0x00040000         xr
ram              0x20000000         0x00008000         xrw
*default*        0x00000000         0xffffffff

Linker script and memory map

LOAD c:/program files (x86)/atmel/studio/7.0/toolchain/arm/arm-gnu-toolchain/bin/../lib/gcc/arm-none-eabi/6.3.1/thumb/v6-m/crti.o
LOAD c:/program files (x86)/atmel/studio/7.0/toolchain/arm/arm-gnu-toolchain/bin/../lib/gcc/arm-none-eabi/6.3.1/thumb/v6-m/crtbegin.o
LOAD c:/program files (x86)/atmel/studio/7.0/toolchain/arm/arm-gnu-toolchain/bin/../lib/gcc/arm-none-eabi/6.3.1/../../../../arm-none-eabi/lib/thumb/v6-m/crt0.o
LOAD atmel_start.o
LOAD Device_Startup/startup_samd21.o
LOAD Device_Startup/system_samd21.o
LOAD driver_init.o
LOAD examples/driver_examples.o
LOAD global.o
LOAD hal/src/hal_adc_async.o
LOAD hal/src/hal_atomic.o
LOAD hal/src/hal_dac_async.o
LOAD hal/src/hal_delay.o
LOAD hal/src/hal_ext_irq.o
LOAD hal/src/hal_flash.o
LOAD hal/src/hal_gpio.o
LOAD hal/src/hal_i2c_m_sync.o
LOAD hal/src/hal_init.o
LOAD hal/src/hal_io.o
LOAD hal/src/hal_sleep.o
LOAD hal/src/hal_spi_m_sync.o
LOAD hal/src/hal_timer.o
LOAD hal/src/hal_usart_async.o
LOAD hal/src/hal_usart_sync.o
LOAD hal/src/hal_usb_device.o
LOAD hal/utils/src/utils_assert.o
LOAD hal/utils/src/utils_event.o
LOAD hal/utils/src/utils_list.o
LOAD hal/utils/src/utils_ringbuffer.o
LOAD hal/utils/src/utils_syscalls.o
LOAD hpl/adc/hpl_adc.o
LOAD hpl/core/hpl_core_m0plus_base.o
LOAD hpl/core/hpl_init.o
LOAD hpl/dac/hpl_dac.o
LOAD hpl/dmac/hpl_dmac.o
LOAD hpl/eic/hpl_eic.o
LOAD hpl/gclk/hpl_gclk.o
LOAD hpl/nvmctrl/hpl_nvmctrl.o
LOAD hpl/pm/hpl_pm.o
LOAD hpl/rtc/hpl_rtc.o
LOAD hpl/sercom/hpl_sercom.o
LOAD hpl/sysctrl/hpl_sysctrl.o
LOAD hpl/usb/hpl_usb.o
LOAD main.o
LOAD persistent_storage/nv_internal_flash_ultra.o
LOAD persistent_storage/nv_storage.o
LOAD persistent_storage_start.o
LOAD stdio_redirect/gcc/read.o
LOAD stdio_redirect/gcc/write.o
LOAD stdio_redirect/stdio_io.o
LOAD stdio_start.o
LOAD uart.o
LOAD usb/class/cdc/device/cdcdf_acm.o
LOAD usb/class/hid/device/hiddf_generic.o
LOAD usb/class/hid/device/hiddf_keyboard.o
LOAD usb/class/hid/device/hiddf_mouse.o
LOAD usb/class/msc/device/mscdf.o
LOAD usb/device/usbdc.o
LOAD usb/usb_protocol.o
LOAD usb_start.o
START GROUP
LOAD c:/program files (x86)/atmel/studio/7.0/toolchain/arm/arm-gnu-toolchain/bin/../lib/gcc/arm-none-eabi/6.3.1/../../../../arm-none-eabi/lib/thumb/v6-m\libm.a
END GROUP
START GROUP
LOAD c:/program files (x86)/atmel/studio/7.0/toolchain/arm/arm-gnu-toolchain/bin/../lib/gcc/arm-none-eabi/6.3.1/thumb/v6-m\libgcc.a
LOAD c:/program files (x86)/atmel/studio/7.0/toolchain/arm/arm-gnu-toolchain/bin/../lib/gcc/arm-none-eabi/6.3.1/../../../../arm-none-eabi/lib/thumb/v6-m\libc_nano.a
END GROUP
START GROUP
LOAD c:/program files (x86)/atmel/studio/7.0/toolchain/arm/arm-gnu-toolchain/bin/../lib/gcc/arm-none-eabi/6.3.1/thumb/v6-m\libgcc.a
LOAD c:/program files (x86)/atmel/studio/7.0/toolchain/arm/arm-gnu-toolchain/bin/../lib/gcc/arm-none-eabi/6.3.1/../../../../arm-none-eabi/lib/thumb/v6-m\libc_nano.a
END GROUP
LOAD c:/program files (x86)/atmel/studio/7.0/toolchain/arm/arm-gnu-toolchain/bin/../lib/gcc/arm-none-eabi/6.3.1/thumb/v6-m/crtend.o
LOAD c:/program files (x86)/atmel/studio/7.0/toolchain/arm/arm-gnu-toolchain/bin/../lib/gcc/arm-none-eabi/6.3.1/thumb/v6-m/crtn.o
                0x00002000                STACK_SIZE = DEFINED (STACK_SIZE)?STACK_SIZE:DEFINED (__stack_size__)?__stack_size__:0x2000

.text           0x00000000     0xc474
                0x00000000                . = ALIGN (0x4)
                0x00000000                _sfixed = .
 *(.vectors .vectors.*)
 .vectors       0x00000000       0xb4 Device_Startup/startup_samd21.o
                0x00000000                exception_table
 *(.text .text.* .gnu.linkonce.t.*)
 .text          0x000000b4       0x60 c:/program files (x86)/atmel/studio/7.0/toolchain/arm/arm-gnu-toolchain/bin/../lib/gcc/arm-none-eabi/6.3.1/thumb/v6-m/crtbegin.o
 .text.atmel_start_init
                0x00000114       0x3c atmel_start.o
                0x00000114                atmel_start_init
 .text.Dummy_Handler
                0x00000150        0x2 Device_Startup/startup_samd21.o
                0x00000150                SVCall_Handler
                0x00000150                DMAC_Handler
                0x00000150                HardFault_Handler
                0x00000150                AC_Handler
                0x00000150                SysTick_Handler
                0x00000150                PendSV_Handler
                0x00000150                TC7_Handler
                0x00000150                NonMaskableInt_Handler
                0x00000150                TCC1_Handler
                0x00000150                SERCOM2_Handler
                0x00000150                TCC0_Handler
                0x00000150                TC6_Handler
                0x00000150                WDT_Handler
                0x00000150                TC4_Handler
                0x00000150                TC3_Handler
                0x00000150                Dummy_Handler
                0x00000150                PM_Handler
                0x00000150                SERCOM5_Handler
                0x00000150                TCC2_Handler
                0x00000150                EVSYS_Handler
                0x00000150                SERCOM3_Handler
                0x00000150                SERCOM4_Handler
                0x00000150                I2S_Handler
                0x00000150                SERCOM0_Handler
                0x00000150                PTC_Handler
                0x00000150                TC5_Handler
                0x00000150                SYSCTRL_Handler
 *fill*         0x00000152        0x2 
 .text.Reset_Handler
                0x00000154       0xbc Device_Startup/startup_samd21.o
                0x00000154                Reset_Handler
 .text._gpio_set_pin_function
                0x00000210       0x70 driver_init.o
 .text.gpio_set_pin_pull_mode
                0x00000280       0x6c driver_init.o
 .text.gpio_set_pin_direction
                0x000002ec       0x84 driver_init.o
 .text.ADC_0_init
                0x00000370       0x84 driver_init.o
                0x00000370                ADC_0_init
 .text.EXTERNAL_IRQ_0_init
                0x000003f4      0x1ac driver_init.o
                0x000003f4                EXTERNAL_IRQ_0_init
 .text.FLASH_0_CLOCK_init
                0x000005a0       0x10 driver_init.o
                0x000005a0                FLASH_0_CLOCK_init
 .text.FLASH_0_init
                0x000005b0       0x20 driver_init.o
                0x000005b0                FLASH_0_init
 .text.SPI_0_PORT_init
                0x000005d0       0x60 driver_init.o
                0x000005d0                SPI_0_PORT_init
 .text.SPI_0_CLOCK_init
                0x00000630       0x20 driver_init.o
                0x00000630                SPI_0_CLOCK_init
 .text.SPI_0_init
                0x00000650       0x28 driver_init.o
                0x00000650                SPI_0_init
 .text.USART_1_CLOCK_init
                0x00000678       0x20 driver_init.o
                0x00000678                USART_1_CLOCK_init
 .text.USART_1_PORT_init
                0x00000698       0x20 driver_init.o
                0x00000698                USART_1_PORT_init
 .text.USART_1_init
                0x000006b8       0x38 driver_init.o
                0x000006b8                USART_1_init
 .text.I2C_0_PORT_init
                0x000006f0       0x38 driver_init.o
                0x000006f0                I2C_0_PORT_init
 .text.I2C_0_CLOCK_init
                0x00000728       0x28 driver_init.o
                0x00000728                I2C_0_CLOCK_init
 .text.I2C_0_init
                0x00000750       0x28 driver_init.o
                0x00000750                I2C_0_init
 .text.USART_0_PORT_init
                0x00000778       0x20 driver_init.o
                0x00000778                USART_0_PORT_init
 .text.USART_0_CLOCK_init
                0x00000798       0x20 driver_init.o
                0x00000798                USART_0_CLOCK_init
 .text.USART_0_init
                0x000007b8       0x2c driver_init.o
                0x000007b8                USART_0_init
 .text.DAC_0_PORT_init
                0x000007e4       0x20 driver_init.o
                0x000007e4                DAC_0_PORT_init
 .text.DAC_0_CLOCK_init
                0x00000804       0x20 driver_init.o
                0x00000804                DAC_0_CLOCK_init
 .text.DAC_0_init
                0x00000824       0x28 driver_init.o
                0x00000824                DAC_0_init
 .text.USB_0_PORT_init
                0x0000084c       0x5c driver_init.o
                0x0000084c                USB_0_PORT_init
 .text.USB_0_CLOCK_init
                0x000008a8       0x28 driver_init.o
                0x000008a8                USB_0_CLOCK_init
 .text.USB_0_init
                0x000008d0       0x1c driver_init.o
                0x000008d0                USB_0_init
 .text.system_init
                0x000008ec      0x268 driver_init.o
                0x000008ec                system_init
 .text.adc_async_window_threshold_reached
                0x00000b54        0xc hal/src/hal_adc_async.o
 .text.adc_async_error_occured
                0x00000b60        0xc hal/src/hal_adc_async.o
 .text.adc_async_channel_conversion_done
                0x00000b6c       0x58 hal/src/hal_adc_async.o
 .text.adc_async_init
                0x00000bc4       0x4c hal/src/hal_adc_async.o
                0x00000bc4                adc_async_init
 .text.adc_async_register_channel_buffer
                0x00000c10       0x64 hal/src/hal_adc_async.o
                0x00000c10                adc_async_register_channel_buffer
 .text.adc_async_enable_channel
                0x00000c74       0x10 hal/src/hal_adc_async.o
                0x00000c74                adc_async_enable_channel
 .text.adc_async_register_callback
                0x00000c84       0x3c hal/src/hal_adc_async.o
                0x00000c84                adc_async_register_callback
 .text.adc_async_read_channel
                0x00000cc0       0x74 hal/src/hal_adc_async.o
                0x00000cc0                adc_async_read_channel
 .text.adc_async_start_conversion
                0x00000d34       0x10 hal/src/hal_adc_async.o
                0x00000d34                adc_async_start_conversion
 .text.atomic_enter_critical
                0x00000d44        0xe hal/src/hal_atomic.o
                0x00000d44                atomic_enter_critical
 .text.atomic_leave_critical
                0x00000d52        0xc hal/src/hal_atomic.o
                0x00000d52                atomic_leave_critical
 .text.dac_tx_error
                0x00000d5e        0xe hal/src/hal_dac_async.o
 .text.dac_tx_ready
                0x00000d6c       0x34 hal/src/hal_dac_async.o
 .text.dac_async_init
                0x00000da0       0x28 hal/src/hal_dac_async.o
                0x00000da0                dac_async_init
 .text.dac_async_enable_channel
                0x00000dc8       0x10 hal/src/hal_dac_async.o
                0x00000dc8                dac_async_enable_channel
 .text.dac_async_write
                0x00000dd8       0x40 hal/src/hal_dac_async.o
                0x00000dd8                dac_async_write
 .text.delay_us
                0x00000e18       0x20 hal/src/hal_delay.o
                0x00000e18                delay_us
 .text.delay_ms
                0x00000e38       0x20 hal/src/hal_delay.o
                0x00000e38                delay_ms
 .text.process_ext_irq
                0x00000e58       0x40 hal/src/hal_ext_irq.o
 .text.ext_irq_init
                0x00000e98       0x2c hal/src/hal_ext_irq.o
                0x00000e98                ext_irq_init
 .text.ext_irq_register
                0x00000ec4       0x80 hal/src/hal_ext_irq.o
                0x00000ec4                ext_irq_register
 .text.flash_ready
                0x00000f44        0xc hal/src/hal_flash.o
 .text.flash_error
                0x00000f50        0xc hal/src/hal_flash.o
 .text.flash_init
                0x00000f5c       0x24 hal/src/hal_flash.o
                0x00000f5c                flash_init
 .text.flash_read
                0x00000f80       0x44 hal/src/hal_flash.o
                0x00000f80                flash_read
 .text.flash_write
                0x00000fc4       0x58 hal/src/hal_flash.o
                0x00000fc4                flash_write
 .text.flash_append
                0x0000101c       0x58 hal/src/hal_flash.o
                0x0000101c                flash_append
 .text.flash_erase
                0x00001074       0x60 hal/src/hal_flash.o
                0x00001074                flash_erase
 .text.flash_get_page_size
                0x000010d4        0xc hal/src/hal_flash.o
                0x000010d4                flash_get_page_size
 .text.i2c_m_sync_write
                0x000010e0       0x2c hal/src/hal_i2c_m_sync.o
 .text.i2c_m_sync_read
                0x0000110c       0x2c hal/src/hal_i2c_m_sync.o
 .text.i2c_m_sync_init
                0x00001138       0x24 hal/src/hal_i2c_m_sync.o
                0x00001138                i2c_m_sync_init
 .text.io_write
                0x0000115c        0x8 hal/src/hal_io.o
                0x0000115c                io_write
 .text.io_read  0x00001164        0x8 hal/src/hal_io.o
                0x00001164                io_read
 .text.spi_m_sync_init
                0x0000116c       0x30 hal/src/hal_spi_m_sync.o
                0x0000116c                spi_m_sync_init
 .text.spi_m_sync_transfer
                0x0000119c       0x20 hal/src/hal_spi_m_sync.o
                0x0000119c                spi_m_sync_transfer
 .text._spi_m_sync_io_write
                0x000011bc       0x1c hal/src/hal_spi_m_sync.o
 .text._spi_m_sync_io_read
                0x000011d8       0x1c hal/src/hal_spi_m_sync.o
 .text.timer_add_timer_task
                0x000011f4       0x58 hal/src/hal_timer.o
 .text.timer_process_counted
                0x0000124c       0x60 hal/src/hal_timer.o
 .text.timer_init
                0x000012ac       0x1c hal/src/hal_timer.o
                0x000012ac                timer_init
 .text.timer_start
                0x000012c8       0x24 hal/src/hal_timer.o
                0x000012c8                timer_start
 .text.timer_add_task
                0x000012ec       0x78 hal/src/hal_timer.o
                0x000012ec                timer_add_task
 .text.usart_transmission_complete
                0x00001364       0x12 hal/src/hal_usart_async.o
 .text.usart_error
                0x00001376       0x12 hal/src/hal_usart_async.o
 .text.usart_fill_rx_buffer
                0x00001388       0x1c hal/src/hal_usart_async.o
 .text.usart_async_write
                0x000013a4       0x34 hal/src/hal_usart_async.o
 .text.usart_process_byte_sent
                0x000013d8       0x3c hal/src/hal_usart_async.o
 .text.usart_async_read
                0x00001414       0x58 hal/src/hal_usart_async.o
 .text.usart_async_init
                0x0000146c       0x64 hal/src/hal_usart_async.o
                0x0000146c                usart_async_init
 .text.usart_async_enable
                0x000014d0       0x10 hal/src/hal_usart_async.o
                0x000014d0                usart_async_enable
 .text.usart_async_get_io_descriptor
                0x000014e0        0x6 hal/src/hal_usart_async.o
                0x000014e0                usart_async_get_io_descriptor
 *fill*         0x000014e6        0x2 
 .text.usart_async_register_callback
                0x000014e8       0x48 hal/src/hal_usart_async.o
                0x000014e8                usart_async_register_callback
 .text.usart_async_is_tx_empty
                0x00001530       0x10 hal/src/hal_usart_async.o
                0x00001530                usart_async_is_tx_empty
 .text.usart_sync_write
                0x00001540       0x4c hal/src/hal_usart_sync.o
 .text.usart_sync_read
                0x0000158c       0x34 hal/src/hal_usart_sync.o
 .text.usart_sync_init
                0x000015c0       0x24 hal/src/hal_usart_sync.o
                0x000015c0                usart_sync_init
 .text.usart_sync_enable
                0x000015e4       0x10 hal/src/hal_usart_sync.o
                0x000015e4                usart_sync_enable
 .text._usb_d_find_ep
                0x000015f4       0x34 hal/src/hal_usb_device.o
 .text.usb_d_dummy_cb_false
                0x00001628        0x4 hal/src/hal_usb_device.o
 .text.usb_d_cb_trans_more
                0x0000162c       0x2c hal/src/hal_usb_device.o
 .text._usb_d_cb_trans_done
                0x00001658       0xf8 hal/src/hal_usb_device.o
 .text.usb_d_cb_trans_setup
                0x00001750       0x84 hal/src/hal_usb_device.o
 .text.usb_d_init
                0x000017d4       0x6c hal/src/hal_usb_device.o
                0x000017d4                usb_d_init
 .text.usb_d_register_callback
                0x00001840        0xc hal/src/hal_usb_device.o
                0x00001840                usb_d_register_callback
 .text.usb_d_enable
                0x0000184c        0xc hal/src/hal_usb_device.o
                0x0000184c                usb_d_enable
 .text.usb_d_attach
                0x00001858        0xc hal/src/hal_usb_device.o
                0x00001858                usb_d_attach
 .text.usb_d_set_address
                0x00001864        0xc hal/src/hal_usb_device.o
                0x00001864                usb_d_set_address
 .text.usb_d_ep_init
                0x00001870       0x50 hal/src/hal_usb_device.o
                0x00001870                usb_d_ep_init
 .text.usb_d_ep0_init
                0x000018c0       0x14 hal/src/hal_usb_device.o
                0x000018c0                usb_d_ep0_init
 .text.usb_d_ep_deinit
                0x000018d4       0x2c hal/src/hal_usb_device.o
                0x000018d4                usb_d_ep_deinit
 .text.usb_d_ep_enable
                0x00001900       0x40 hal/src/hal_usb_device.o
                0x00001900                usb_d_ep_enable
 .text.usb_d_ep_transfer
                0x00001940       0xf8 hal/src/hal_usb_device.o
                0x00001940                usb_d_ep_transfer
 .text.usb_d_ep_halt
                0x00001a38       0x60 hal/src/hal_usb_device.o
                0x00001a38                usb_d_ep_halt
 .text.usb_d_ep_register_callback
                0x00001a98       0x4c hal/src/hal_usb_device.o
                0x00001a98                usb_d_ep_register_callback
 .text.is_list_element
                0x00001ae4       0x10 hal/utils/src/utils_list.o
                0x00001ae4                is_list_element
 .text.list_insert_as_head
                0x00001af4        0x8 hal/utils/src/utils_list.o
                0x00001af4                list_insert_as_head
 .text.list_insert_after
                0x00001afc        0x8 hal/utils/src/utils_list.o
                0x00001afc                list_insert_after
 .text.list_insert_at_end
                0x00001b04       0x1a hal/utils/src/utils_list.o
                0x00001b04                list_insert_at_end
 .text.list_remove_head
                0x00001b1e        0xe hal/utils/src/utils_list.o
                0x00001b1e                list_remove_head
 .text.ringbuffer_init
                0x00001b2c       0x18 hal/utils/src/utils_ringbuffer.o
                0x00001b2c                ringbuffer_init
 .text.ringbuffer_get
                0x00001b44       0x22 hal/utils/src/utils_ringbuffer.o
                0x00001b44                ringbuffer_get
 .text.ringbuffer_put
                0x00001b66       0x22 hal/utils/src/utils_ringbuffer.o
                0x00001b66                ringbuffer_put
 .text.ringbuffer_num
                0x00001b88        0x8 hal/utils/src/utils_ringbuffer.o
                0x00001b88                ringbuffer_num
 .text._sbrk    0x00001b90       0x20 hal/utils/src/utils_syscalls.o
                0x00001b90                _sbrk
 .text._close   0x00001bb0        0x6 hal/utils/src/utils_syscalls.o
                0x00001bb0                _close
 .text._fstat   0x00001bb6        0xa hal/utils/src/utils_syscalls.o
                0x00001bb6                _fstat
 .text._isatty  0x00001bc0        0x4 hal/utils/src/utils_syscalls.o
                0x00001bc0                _isatty
 .text._lseek   0x00001bc4        0x4 hal/utils/src/utils_syscalls.o
                0x00001bc4                _lseek
 .text.hri_adc_wait_for_sync
                0x00001bc8        0x8 hpl/adc/hpl_adc.o
 .text._adc_init
                0x00001bd0       0xa4 hpl/adc/hpl_adc.o
 .text._adc_get_regs.isra.1
                0x00001c74        0x4 hpl/adc/hpl_adc.o
 .text._adc_async_init
                0x00001c78       0x4c hpl/adc/hpl_adc.o
                0x00001c78                _adc_async_init
 .text._adc_async_enable_channel
                0x00001cc4        0xc hpl/adc/hpl_adc.o
                0x00001cc4                _adc_async_enable_channel
 .text._adc_async_get_data_size
                0x00001cd0       0x20 hpl/adc/hpl_adc.o
                0x00001cd0                _adc_async_get_data_size
 .text._adc_async_convert
                0x00001cf0       0x18 hpl/adc/hpl_adc.o
                0x00001cf0                _adc_async_convert
 .text._adc_async_set_irq_state
                0x00001d08       0x20 hpl/adc/hpl_adc.o
                0x00001d08                _adc_async_set_irq_state
 .text.ADC_Handler
                0x00001d28       0x54 hpl/adc/hpl_adc.o
                0x00001d28                ADC_Handler
 .text._get_cycles_for_us
                0x00001d7c       0x1c hpl/core/hpl_core_m0plus_base.o
                0x00001d7c                _get_cycles_for_us
 .text._get_cycles_for_ms
                0x00001d98       0x1c hpl/core/hpl_core_m0plus_base.o
                0x00001d98                _get_cycles_for_ms
 .text._delay_cycles
                0x00001db4        0x6 hpl/core/hpl_core_m0plus_base.o
                0x00001db4                _delay_cycles
 *fill*         0x00001dba        0x2 
 .text._init_chip
                0x00001dbc       0x30 hpl/core/hpl_init.o
                0x00001dbc                _init_chip
 .text.hri_dac_wait_for_sync
                0x00001dec        0x8 hpl/dac/hpl_dac.o
 .text._dac_init
                0x00001df4       0x40 hpl/dac/hpl_dac.o
 .text.DAC_Handler
                0x00001e34       0x44 hpl/dac/hpl_dac.o
                0x00001e34                DAC_Handler
 .text._dac_async_init
                0x00001e78       0x44 hpl/dac/hpl_dac.o
                0x00001e78                _dac_async_init
 .text._dac_async_enable_channel
                0x00001ebc       0x18 hpl/dac/hpl_dac.o
                0x00001ebc                _dac_async_enable_channel
 .text._dac_async_is_channel_enable
                0x00001ed4       0x18 hpl/dac/hpl_dac.o
                0x00001ed4                _dac_async_is_channel_enable
 .text._dac_async_write_data
                0x00001eec       0x10 hpl/dac/hpl_dac.o
                0x00001eec                _dac_async_write_data
 .text.hri_eic_wait_for_sync.constprop.3
                0x00001efc       0x10 hpl/eic/hpl_eic.o
 .text._ext_irq_init
                0x00001f0c       0x74 hpl/eic/hpl_eic.o
                0x00001f0c                _ext_irq_init
 .text._ext_irq_enable
                0x00001f80       0x44 hpl/eic/hpl_eic.o
                0x00001f80                _ext_irq_enable
 .text.EIC_Handler
                0x00001fc4       0x94 hpl/eic/hpl_eic.o
                0x00001fc4                EIC_Handler
 .text._gclk_init_generators_by_fref
                0x00002058       0x54 hpl/gclk/hpl_gclk.o
                0x00002058                _gclk_init_generators_by_fref
 .text._flash_program.constprop.1
                0x000020ac       0x58 hpl/nvmctrl/hpl_nvmctrl.o
 .text._flash_init
                0x00002104       0x34 hpl/nvmctrl/hpl_nvmctrl.o
                0x00002104                _flash_init
 .text._flash_get_page_size
                0x00002138        0x4 hpl/nvmctrl/hpl_nvmctrl.o
                0x00002138                _flash_get_page_size
 .text._flash_get_total_pages
                0x0000213c        0x6 hpl/nvmctrl/hpl_nvmctrl.o
                0x0000213c                _flash_get_total_pages
 .text._flash_read
                0x00002142       0x48 hpl/nvmctrl/hpl_nvmctrl.o
                0x00002142                _flash_read
 *fill*         0x0000218a        0x2 
 .text._flash_write
                0x0000218c       0xd8 hpl/nvmctrl/hpl_nvmctrl.o
                0x0000218c                _flash_write
 .text._flash_append
                0x00002264       0x60 hpl/nvmctrl/hpl_nvmctrl.o
                0x00002264                _flash_append
 .text._flash_erase
                0x000022c4       0xa8 hpl/nvmctrl/hpl_nvmctrl.o
                0x000022c4                _flash_erase
 .text._flash_is_locked
                0x0000236c       0x16 hpl/nvmctrl/hpl_nvmctrl.o
                0x0000236c                _flash_is_locked
 *fill*         0x00002382        0x2 
 .text.NVMCTRL_Handler
                0x00002384       0x30 hpl/nvmctrl/hpl_nvmctrl.o
                0x00002384                NVMCTRL_Handler
 .text._pm_init
                0x000023b4       0x20 hpl/pm/hpl_pm.o
                0x000023b4                _pm_init
 .text.hri_rtc_wait_for_sync
                0x000023d4        0x8 hpl/rtc/hpl_rtc.o
 .text._timer_init
                0x000023dc       0x3c hpl/rtc/hpl_rtc.o
                0x000023dc                _timer_init
 .text._timer_start
                0x00002418       0x30 hpl/rtc/hpl_rtc.o
                0x00002418                _timer_start
 .text._timer_is_started
                0x00002448       0x18 hpl/rtc/hpl_rtc.o
                0x00002448                _timer_is_started
 .text._timer_set_irq
                0x00002460        0x2 hpl/rtc/hpl_rtc.o
                0x00002460                _timer_set_irq
 .text._rtc_get_timer
                0x00002462        0x4 hpl/rtc/hpl_rtc.o
                0x00002462                _rtc_get_timer
 *fill*         0x00002466        0x2 
 .text.RTC_Handler
                0x00002468       0x24 hpl/rtc/hpl_rtc.o
                0x00002468                RTC_Handler
 .text.__NVIC_EnableIRQ
                0x0000248c       0x18 hpl/sercom/hpl_sercom.o
 .text.__NVIC_DisableIRQ
                0x000024a4       0x20 hpl/sercom/hpl_sercom.o
 .text.__NVIC_ClearPendingIRQ
                0x000024c4       0x1c hpl/sercom/hpl_sercom.o
 .text.hri_sercomi2cm_wait_for_sync
                0x000024e0        0x8 hpl/sercom/hpl_sercom.o
 .text.hri_sercomspi_wait_for_sync
                0x000024e8        0x8 hpl/sercom/hpl_sercom.o
 .text.hri_sercomusart_wait_for_sync
                0x000024f0        0x8 hpl/sercom/hpl_sercom.o
 .text.hri_sercomi2cm_clear_CTRLA_ENABLE_bit
                0x000024f8       0x18 hpl/sercom/hpl_sercom.o
 .text.hri_sercomusart_clear_CTRLA_ENABLE_bit
                0x00002510       0x18 hpl/sercom/hpl_sercom.o
 .text._get_i2cm_index
                0x00002528       0x18 hpl/sercom/hpl_sercom.o
 .text._sercom_i2c_send_stop
                0x00002540       0x18 hpl/sercom/hpl_sercom.o
 .text._sercom_i2c_sync_analyse_flags
                0x00002558      0x188 hpl/sercom/hpl_sercom.o
 .text._i2c_m_sync_init_impl
                0x000026e0       0xb4 hpl/sercom/hpl_sercom.o
 .text._usart_init
                0x00002794       0xd4 hpl/sercom/hpl_sercom.o
 .text._usart_sync_init
                0x00002868       0x10 hpl/sercom/hpl_sercom.o
                0x00002868                _usart_sync_init
 .text._usart_async_init
                0x00002878       0x58 hpl/sercom/hpl_sercom.o
                0x00002878                _usart_async_init
 .text._usart_sync_enable
                0x000028d0       0x18 hpl/sercom/hpl_sercom.o
                0x000028d0                _usart_sync_enable
 .text._usart_async_enable
                0x000028e8       0x18 hpl/sercom/hpl_sercom.o
                0x000028e8                _usart_async_enable
 .text._usart_sync_write_byte
                0x00002900        0x8 hpl/sercom/hpl_sercom.o
                0x00002900                _usart_sync_write_byte
 .text._usart_async_write_byte
                0x00002908        0x8 hpl/sercom/hpl_sercom.o
                0x00002908                _usart_async_write_byte
 .text._usart_sync_read_byte
                0x00002910        0x8 hpl/sercom/hpl_sercom.o
                0x00002910                _usart_sync_read_byte
 .text._usart_sync_is_ready_to_send
                0x00002918        0xa hpl/sercom/hpl_sercom.o
                0x00002918                _usart_sync_is_ready_to_send
 .text._usart_sync_is_transmit_done
                0x00002922        0xa hpl/sercom/hpl_sercom.o
                0x00002922                _usart_sync_is_transmit_done
 .text._usart_async_is_byte_sent
                0x0000292c        0xa hpl/sercom/hpl_sercom.o
                0x0000292c                _usart_async_is_byte_sent
 .text._usart_sync_is_byte_received
                0x00002936        0xa hpl/sercom/hpl_sercom.o
                0x00002936                _usart_sync_is_byte_received
 .text._usart_async_enable_byte_sent_irq
                0x00002940        0x8 hpl/sercom/hpl_sercom.o
                0x00002940                _usart_async_enable_byte_sent_irq
 .text._usart_async_enable_tx_done_irq
                0x00002948        0x8 hpl/sercom/hpl_sercom.o
                0x00002948                _usart_async_enable_tx_done_irq
 .text._usart_async_set_irq_state
                0x00002950       0x3c hpl/sercom/hpl_sercom.o
                0x00002950                _usart_async_set_irq_state
 .text._i2c_m_sync_init
                0x0000298c       0x10 hpl/sercom/hpl_sercom.o
                0x0000298c                _i2c_m_sync_init
 .text._i2c_m_sync_transfer
                0x0000299c      0x154 hpl/sercom/hpl_sercom.o
                0x0000299c                _i2c_m_sync_transfer
 .text.SERCOM1_Handler
                0x00002af0       0x6c hpl/sercom/hpl_sercom.o
                0x00002af0                SERCOM1_Handler
 .text._spi_m_sync_init
                0x00002b5c       0x8c hpl/sercom/hpl_sercom.o
                0x00002b5c                _spi_m_sync_init
 .text._spi_m_sync_trans
                0x00002be8       0xc0 hpl/sercom/hpl_sercom.o
                0x00002be8                _spi_m_sync_trans
 .text._sysctrl_init_sources
                0x00002ca8       0x40 hpl/sysctrl/hpl_sysctrl.o
                0x00002ca8                _sysctrl_init_sources
 .text._sysctrl_init_referenced_generators
                0x00002ce8       0x70 hpl/sysctrl/hpl_sysctrl.o
                0x00002ce8                _sysctrl_init_referenced_generators
 .text._dummy_func_no_return
                0x00002d58        0x4 hpl/usb/hpl_usb.o
 .text._usb_d_dev_wait_dfll_rdy
                0x00002d5c       0x24 hpl/usb/hpl_usb.o
 .text._usb_d_dev_ept
                0x00002d80       0x1c hpl/usb/hpl_usb.o
 .text._usb_d_dev_handle_setup
                0x00002d9c       0x7c hpl/usb/hpl_usb.o
 .text._usb_d_dev_handle_stall
                0x00002e18       0x2c hpl/usb/hpl_usb.o
 .text._usb_d_dev_trans_done
                0x00002e44       0x24 hpl/usb/hpl_usb.o
 .text._usb_d_dev_trans_stop
                0x00002e68       0x60 hpl/usb/hpl_usb.o
 .text._usb_d_dev_handle_trfail
                0x00002ec8       0xe4 hpl/usb/hpl_usb.o
 .text._usb_d_dev_reset_epts
                0x00002fac       0x40 hpl/usb/hpl_usb.o
 .text._usb_d_dev_in_next
                0x00002fec      0x170 hpl/usb/hpl_usb.o
 .text._usb_d_dev_out_next
                0x0000315c      0x1d4 hpl/usb/hpl_usb.o
 .text._usbd_ep_pcksize_size
                0x00003330       0x38 hpl/usb/hpl_usb.o
 .text._usb_d_dev_init
                0x00003368       0xc4 hpl/usb/hpl_usb.o
                0x00003368                _usb_d_dev_init
 .text._usb_d_dev_enable
                0x0000342c       0x48 hpl/usb/hpl_usb.o
                0x0000342c                _usb_d_dev_enable
 .text._usb_d_dev_attach
                0x00003474       0x10 hpl/usb/hpl_usb.o
                0x00003474                _usb_d_dev_attach
 .text._usb_d_dev_set_address
                0x00003484       0x10 hpl/usb/hpl_usb.o
                0x00003484                _usb_d_dev_set_address
 .text._usb_d_dev_ep_init
                0x00003494       0xc8 hpl/usb/hpl_usb.o
                0x00003494                _usb_d_dev_ep_init
 .text._usb_d_dev_ep_deinit
                0x0000355c       0x7c hpl/usb/hpl_usb.o
                0x0000355c                _usb_d_dev_ep_deinit
 .text._usb_d_dev_ep_enable
                0x000035d8      0x13c hpl/usb/hpl_usb.o
                0x000035d8                _usb_d_dev_ep_enable
 .text._usb_d_dev_ep_stall
                0x00003714       0xd0 hpl/usb/hpl_usb.o
                0x00003714                _usb_d_dev_ep_stall
 .text._usb_d_dev_ep_read_req
                0x000037e4       0x58 hpl/usb/hpl_usb.o
                0x000037e4                _usb_d_dev_ep_read_req
 .text._usb_d_dev_ep_trans
                0x0000383c      0x118 hpl/usb/hpl_usb.o
                0x0000383c                _usb_d_dev_ep_trans
 .text._usb_d_dev_register_callback
                0x00003954       0x24 hpl/usb/hpl_usb.o
                0x00003954                _usb_d_dev_register_callback
 .text._usb_d_dev_register_ep_callback
                0x00003978       0x2c hpl/usb/hpl_usb.o
                0x00003978                _usb_d_dev_register_ep_callback
 .text.USB_Handler
                0x000039a4      0x1cc hpl/usb/hpl_usb.o
                0x000039a4                USB_Handler
 .text.set_prev_curr_form
                0x00003b70       0x10 main.o
 .text.convert_cb_ADC_0
                0x00003b80       0x20 main.o
 .text.TIMER_task1_cb
                0x00003ba0      0x1ec main.o
 .text.sync_trigger
                0x00003d8c       0x80 main.o
 .text.button   0x00003e0c       0x2c main.o
 .text.TIMER_task2_cb
                0x00003e38       0x24 main.o
 .text.write_flash
                0x00003e5c      0x1a8 main.o
                0x00003e5c                write_flash
 .text.read_flash
                0x00004004      0x218 main.o
                0x00004004                read_flash
 .text.resync   0x0000421c       0x14 main.o
                0x0000421c                resync
 .text.io_write_clear_ack
                0x00004230       0xac main.o
                0x00004230                io_write_clear_ack
 .text.getCRC   0x000042dc       0x14 main.o
                0x000042dc                getCRC
 .text.print_no
                0x000042f0       0x64 main.o
 .text.switch_to_form
                0x00004354      0x2c8 main.o
 .text.print_slices
                0x0000461c       0x6c main.o
 .text.print_volumes
                0x00004688       0x6c main.o
 .text.ADC_init
                0x000046f4       0x2c main.o
                0x000046f4                ADC_init
 .text.ps_error
                0x00004720       0x74 main.o
                0x00004720                ps_error
 .text.usb_error
                0x00004794       0x5c main.o
                0x00004794                usb_error
 .text.start_simulation
                0x000047f0       0x88 main.o
                0x000047f0                start_simulation
 .text.stop_simulation
                0x00004878       0x4c main.o
                0x00004878                stop_simulation
 .text.start_man_trig
                0x000048c4       0x70 main.o
                0x000048c4                start_man_trig
 .text.stop_man_trig
                0x00004934       0x4c main.o
                0x00004934                stop_man_trig
 .text.start_session
                0x00004980       0xc4 main.o
                0x00004980                start_session
 .text.stop_session
                0x00004a44       0x60 main.o
                0x00004a44                stop_session
 .text.TIMER_init
                0x00004aa4       0x54 main.o
                0x00004aa4                TIMER_init
 .text.startup.main
                0x00004af8      0xb10 main.o
                0x00004af8                main
 .text.nv_init  0x00005608        0xc persistent_storage/nv_internal_flash_ultra.o
                0x00005608                nv_init
 .text.nv_write
                0x00005614       0x1c persistent_storage/nv_internal_flash_ultra.o
                0x00005614                nv_write
 .text.nv_read  0x00005630       0x1c persistent_storage/nv_internal_flash_ultra.o
                0x00005630                nv_read
 .text.nv_erase_sector
                0x0000564c       0x38 persistent_storage/nv_internal_flash_ultra.o
                0x0000564c                nv_erase_sector
 .text.nv_is_equal
                0x00005684       0x64 persistent_storage/nv_internal_flash_ultra.o
                0x00005684                nv_is_equal
 .text.nv_is_empty
                0x000056e8       0x68 persistent_storage/nv_internal_flash_ultra.o
                0x000056e8                nv_is_empty
 .text.nv_align_next_access_address
                0x00005750        0xe persistent_storage/nv_internal_flash_ultra.o
                0x00005750                nv_align_next_access_address
 *fill*         0x0000575e        0x2 
 .text.find_item
                0x00005760       0x30 persistent_storage/nv_storage.o
 .text.calculate_block_header_checksum
                0x00005790       0x30 persistent_storage/nv_storage.o
 .text.write_and_verify
                0x000057c0       0x24 persistent_storage/nv_storage.o
 .text.create_sector
                0x000057e4       0xb4 persistent_storage/nv_storage.o
 .text.nv_storage_init
                0x00005898      0x16c persistent_storage/nv_storage.o
                0x00005898                nv_storage_init
 .text.persistent_storage_init
                0x00005a04       0x1c persistent_storage_start.o
                0x00005a04                persistent_storage_init
 .text._read    0x00005a20       0x20 stdio_redirect/gcc/read.o
                0x00005a20                _read
 .text._write   0x00005a40       0x20 stdio_redirect/gcc/write.o
                0x00005a40                _write
 .text.stdio_io_init
                0x00005a60       0x2c stdio_redirect/stdio_io.o
                0x00005a60                stdio_io_init
 .text.stdio_io_read
                0x00005a8c       0x20 stdio_redirect/stdio_io.o
                0x00005a8c                stdio_io_read
 .text.stdio_io_write
                0x00005aac       0x20 stdio_redirect/stdio_io.o
                0x00005aac                stdio_io_write
 .text.stdio_redirect_init
                0x00005acc       0x20 stdio_start.o
                0x00005acc                stdio_redirect_init
 .text.serial_rx_callback
                0x00005aec       0xb0 uart.o
                0x00005aec                serial_rx_callback
 .text.send_uart
                0x00005b9c       0x7c uart.o
                0x00005b9c                send_uart
 .text.serial_tx_callback
                0x00005c18       0x20 uart.o
                0x00005c18                serial_tx_callback
 .text.uart_init
                0x00005c38       0x60 uart.o
                0x00005c38                uart_init
 .text.cdcdf_acm_req
                0x00005c98       0xdc usb/class/cdc/device/cdcdf_acm.o
 .text.cdcdf_acm_ctrl
                0x00005d74      0x124 usb/class/cdc/device/cdcdf_acm.o
 .text.cdcdf_acm_init
                0x00005e98       0x44 usb/class/cdc/device/cdcdf_acm.o
                0x00005e98                cdcdf_acm_init
 .text.hid_keyboard_req
                0x00005edc       0x88 usb/class/hid/device/hiddf_keyboard.o
 .text.hid_keyboard_ctrl
                0x00005f64      0x100 usb/class/hid/device/hiddf_keyboard.o
 .text.hiddf_keyboard_init
                0x00006064       0x44 usb/class/hid/device/hiddf_keyboard.o
                0x00006064                hiddf_keyboard_init
 .text.hiddf_keyboard_keys_state_change
                0x000060a8       0x98 usb/class/hid/device/hiddf_keyboard.o
                0x000060a8                hiddf_keyboard_keys_state_change
 .text.hid_mouse_req
                0x00006140       0x88 usb/class/hid/device/hiddf_mouse.o
 .text.hid_mouse_ctrl
                0x000061c8       0xe0 usb/class/hid/device/hiddf_mouse.o
 .text.hiddf_mouse_init
                0x000062a8       0x44 usb/class/hid/device/hiddf_mouse.o
                0x000062a8                hiddf_mouse_init
 .text.usbdc_unconfig
                0x000062ec       0x20 usb/device/usbdc.o
 .text.usbdc_change_notify
                0x0000630c       0x24 usb/device/usbdc.o
 .text.usbdc_request_handler
                0x00006330       0x3c usb/device/usbdc.o
 .text.usbd_sof_cb
                0x0000636c       0x1c usb/device/usbdc.o
 .text.usbdc_cb_ctl_done
                0x00006388       0x70 usb/device/usbdc.o
 .text.usbdc_reset
                0x000063f8       0x58 usb/device/usbdc.o
                0x000063f8                usbdc_reset
 .text.usbd_event_cb
                0x00006450       0x20 usb/device/usbdc.o
 .text.usbdc_xfer
                0x00006470       0x1c usb/device/usbdc.o
                0x00006470                usbdc_xfer
 .text.usbdc_cb_ctl_req
                0x0000648c      0x31c usb/device/usbdc.o
 .text.usbdc_register_handler
                0x000067a8       0x30 usb/device/usbdc.o
                0x000067a8                usbdc_register_handler
 .text.usbdc_init
                0x000067d8       0x44 usb/device/usbdc.o
                0x000067d8                usbdc_init
 .text.usbdc_register_function
                0x0000681c       0x18 usb/device/usbdc.o
                0x0000681c                usbdc_register_function
 .text.usbdc_start
                0x00006834       0x34 usb/device/usbdc.o
                0x00006834                usbdc_start
 .text.usbdc_attach
                0x00006868        0xc usb/device/usbdc.o
                0x00006868                usbdc_attach
 .text.usbdc_get_ctrl_buffer
                0x00006874        0xc usb/device/usbdc.o
                0x00006874                usbdc_get_ctrl_buffer
 .text.usbdc_get_state
                0x00006880       0x14 usb/device/usbdc.o
                0x00006880                usbdc_get_state
 .text.usb_find_desc
                0x00006894       0x1a usb/usb_protocol.o
                0x00006894                usb_find_desc
 .text.usb_find_ep_desc
                0x000068ae       0x1c usb/usb_protocol.o
                0x000068ae                usb_find_ep_desc
 *fill*         0x000068ca        0x2 
 .text.usb_find_cfg_desc
                0x000068cc       0x3c usb/usb_protocol.o
                0x000068cc                usb_find_cfg_desc
 .text.usb_find_str_desc
                0x00006908       0x30 usb/usb_protocol.o
                0x00006908                usb_find_str_desc
 .text.gpio_get_pin_level
                0x00006938       0x44 usb_start.o
 .text.hiddf_sof_event
                0x0000697c      0x248 usb_start.o
 .text.hiddf_init
                0x00006bc4       0x18 usb_start.o
                0x00006bc4                hiddf_init
 .text.composite_device_init
                0x00006bdc       0x58 usb_start.o
                0x00006bdc                composite_device_init
 .text.composite_device_start
                0x00006c34       0x34 usb_start.o
                0x00006c34                composite_device_start
 .text.usb_init
                0x00006c68       0x1c usb_start.o
                0x00006c68                usb_init
 .text          0x00006c84       0x14 c:/program files (x86)/atmel/studio/7.0/toolchain/arm/arm-gnu-toolchain/bin/../lib/gcc/arm-none-eabi/6.3.1/thumb/v6-m\libgcc.a(_thumb1_case_sqi.o)
                0x00006c84                __gnu_thumb1_case_sqi
 .text          0x00006c98       0x14 c:/program files (x86)/atmel/studio/7.0/toolchain/arm/arm-gnu-toolchain/bin/../lib/gcc/arm-none-eabi/6.3.1/thumb/v6-m\libgcc.a(_thumb1_case_uqi.o)
                0x00006c98                __gnu_thumb1_case_uqi
 .text          0x00006cac       0x14 c:/program files (x86)/atmel/studio/7.0/toolchain/arm/arm-gnu-toolchain/bin/../lib/gcc/arm-none-eabi/6.3.1/thumb/v6-m\libgcc.a(_thumb1_case_shi.o)
                0x00006cac                __gnu_thumb1_case_shi
 .text          0x00006cc0       0x14 c:/program files (x86)/atmel/studio/7.0/toolchain/arm/arm-gnu-toolchain/bin/../lib/gcc/arm-none-eabi/6.3.1/thumb/v6-m\libgcc.a(_thumb1_case_uhi.o)
                0x00006cc0                __gnu_thumb1_case_uhi
 .text          0x00006cd4      0x114 c:/program files (x86)/atmel/studio/7.0/toolchain/arm/arm-gnu-toolchain/bin/../lib/gcc/arm-none-eabi/6.3.1/thumb/v6-m\libgcc.a(_udivsi3.o)
                0x00006cd4                __aeabi_uidiv
                0x00006cd4                __udivsi3
                0x00006de0                __aeabi_uidivmod
 .text          0x00006de8      0x1d4 c:/program files (x86)/atmel/studio/7.0/toolchain/arm/arm-gnu-toolchain/bin/../lib/gcc/arm-none-eabi/6.3.1/thumb/v6-m\libgcc.a(_divsi3.o)
                0x00006de8                __divsi3
                0x00006de8                __aeabi_idiv
                0x00006fb4                __aeabi_idivmod
 .text          0x00006fbc        0x4 c:/program files (x86)/atmel/studio/7.0/toolchain/arm/arm-gnu-toolchain/bin/../lib/gcc/arm-none-eabi/6.3.1/thumb/v6-m\libgcc.a(_dvmd_tls.o)
                0x00006fbc                __aeabi_idiv0
                0x00006fbc                __aeabi_ldiv0
 .text          0x00006fc0       0x14 c:/program files (x86)/atmel/studio/7.0/toolchain/arm/arm-gnu-toolchain/bin/../lib/gcc/arm-none-eabi/6.3.1/thumb/v6-m\libgcc.a(_ffssi2.o)
                0x00006fc0                __ffssi2
 .text          0x00006fd4       0x40 c:/program files (x86)/atmel/studio/7.0/toolchain/arm/arm-gnu-toolchain/bin/../lib/gcc/arm-none-eabi/6.3.1/thumb/v6-m\libgcc.a(_ctzsi2.o)
                0x00006fd4                __ctzsi2
 .text.__libc_init_array
                0x00007014       0x48 c:/program files (x86)/atmel/studio/7.0/toolchain/arm/arm-gnu-toolchain/bin/../lib/gcc/arm-none-eabi/6.3.1/../../../../arm-none-eabi/lib/thumb/v6-m\libc_nano.a(lib_a-init.o)
                0x00007014                __libc_init_array
 .text.memcmp   0x0000705c       0x1e c:/program files (x86)/atmel/studio/7.0/toolchain/arm/arm-gnu-toolchain/bin/../lib/gcc/arm-none-eabi/6.3.1/../../../../arm-none-eabi/lib/thumb/v6-m\libc_nano.a(lib_a-memcmp.o)
                0x0000705c                memcmp
 .text.memcpy   0x0000707a       0x12 c:/program files (x86)/atmel/studio/7.0/toolchain/arm/arm-gnu-toolchain/bin/../lib/gcc/arm-none-eabi/6.3.1/../../../../arm-none-eabi/lib/thumb/v6-m\libc_nano.a(lib_a-memcpy-stub.o)
                0x0000707a                memcpy
 .text.memset   0x0000708c       0x10 c:/program files (x86)/atmel/studio/7.0/toolchain/arm/arm-gnu-toolchain/bin/../lib/gcc/arm-none-eabi/6.3.1/../../../../arm-none-eabi/lib/thumb/v6-m\libc_nano.a(lib_a-memset.o)
                0x0000708c                memset
 .text.printf   0x0000709c       0x34 c:/program files (x86)/atmel/studio/7.0/toolchain/arm/arm-gnu-toolchain/bin/../lib/gcc/arm-none-eabi/6.3.1/../../../../arm-none-eabi/lib/thumb/v6-m\libc_nano.a(lib_a-printf.o)
                0x0000709c                iprintf
                0x0000709c                printf
 .text._puts_r  0x000070d0       0xc0 c:/program files (x86)/atmel/studio/7.0/toolchain/arm/arm-gnu-toolchain/bin/../lib/gcc/arm-none-eabi/6.3.1/../../../../arm-none-eabi/lib/thumb/v6-m\libc_nano.a(lib_a-puts.o)
                0x000070d0                _puts_r
 .text.puts     0x00007190       0x14 c:/program files (x86)/atmel/studio/7.0/toolchain/arm/arm-gnu-toolchain/bin/../lib/gcc/arm-none-eabi/6.3.1/../../../../arm-none-eabi/lib/thumb/v6-m\libc_nano.a(lib_a-puts.o)
                0x00007190                puts
 .text.setbuf   0x000071a4       0x12 c:/program files (x86)/atmel/studio/7.0/toolchain/arm/arm-gnu-toolchain/bin/../lib/gcc/arm-none-eabi/6.3.1/../../../../arm-none-eabi/lib/thumb/v6-m\libc_nano.a(lib_a-setbuf.o)
                0x000071a4                setbuf
 *fill*         0x000071b6        0x2 
 .text.setvbuf  0x000071b8      0x158 c:/program files (x86)/atmel/studio/7.0/toolchain/arm/arm-gnu-toolchain/bin/../lib/gcc/arm-none-eabi/6.3.1/../../../../arm-none-eabi/lib/thumb/v6-m\libc_nano.a(lib_a-setvbuf.o)
                0x000071b8                setvbuf
 .text.snprintf
                0x00007310       0x64 c:/program files (x86)/atmel/studio/7.0/toolchain/arm/arm-gnu-toolchain/bin/../lib/gcc/arm-none-eabi/6.3.1/../../../../arm-none-eabi/lib/thumb/v6-m\libc_nano.a(lib_a-snprintf.o)
                0x00007310                sniprintf
                0x00007310                snprintf
 .text          0x00007374        0xe c:/program files (x86)/atmel/studio/7.0/toolchain/arm/arm-gnu-toolchain/bin/../lib/gcc/arm-none-eabi/6.3.1/../../../../arm-none-eabi/lib/thumb/v6-m\libc_nano.a(lib_a-strlen.o)
                0x00007374                strlen
 *fill*         0x00007382        0x2 
 .text.__swbuf_r
                0x00007384       0xac c:/program files (x86)/atmel/studio/7.0/toolchain/arm/arm-gnu-toolchain/bin/../lib/gcc/arm-none-eabi/6.3.1/../../../../arm-none-eabi/lib/thumb/v6-m\libc_nano.a(lib_a-wbuf.o)
                0x00007384                __swbuf_r
 .text.__swsetup_r
                0x00007430       0xec c:/program files (x86)/atmel/studio/7.0/toolchain/arm/arm-gnu-toolchain/bin/../lib/gcc/arm-none-eabi/6.3.1/../../../../arm-none-eabi/lib/thumb/v6-m\libc_nano.a(lib_a-wsetup.o)
                0x00007430                __swsetup_r
 .text.__sflush_r
                0x0000751c      0x114 c:/program files (x86)/atmel/studio/7.0/toolchain/arm/arm-gnu-toolchain/bin/../lib/gcc/arm-none-eabi/6.3.1/../../../../arm-none-eabi/lib/thumb/v6-m\libc_nano.a(lib_a-fflush.o)
                0x0000751c                __sflush_r
 .text._fflush_r
                0x00007630       0x58 c:/program files (x86)/atmel/studio/7.0/toolchain/arm/arm-gnu-toolchain/bin/../lib/gcc/arm-none-eabi/6.3.1/../../../../arm-none-eabi/lib/thumb/v6-m\libc_nano.a(lib_a-fflush.o)
                0x00007630                _fflush_r
 .text._cleanup_r
                0x00007688       0x10 c:/program files (x86)/atmel/studio/7.0/toolchain/arm/arm-gnu-toolchain/bin/../lib/gcc/arm-none-eabi/6.3.1/../../../../arm-none-eabi/lib/thumb/v6-m\libc_nano.a(lib_a-findfp.o)
                0x00007688                _cleanup_r
 .text.std.isra.0
                0x00007698       0x48 c:/program files (x86)/atmel/studio/7.0/toolchain/arm/arm-gnu-toolchain/bin/../lib/gcc/arm-none-eabi/6.3.1/../../../../arm-none-eabi/lib/thumb/v6-m\libc_nano.a(lib_a-findfp.o)
 .text.__sfmoreglue
                0x000076e0       0x2c c:/program files (x86)/atmel/studio/7.0/toolchain/arm/arm-gnu-toolchain/bin/../lib/gcc/arm-none-eabi/6.3.1/../../../../arm-none-eabi/lib/thumb/v6-m\libc_nano.a(lib_a-findfp.o)
                0x000076e0                __sfmoreglue
 .text.__sinit  0x0000770c       0x68 c:/program files (x86)/atmel/studio/7.0/toolchain/arm/arm-gnu-toolchain/bin/../lib/gcc/arm-none-eabi/6.3.1/../../../../arm-none-eabi/lib/thumb/v6-m\libc_nano.a(lib_a-findfp.o)
                0x0000770c                __sinit
 .text.__sfp    0x00007774       0x80 c:/program files (x86)/atmel/studio/7.0/toolchain/arm/arm-gnu-toolchain/bin/../lib/gcc/arm-none-eabi/6.3.1/../../../../arm-none-eabi/lib/thumb/v6-m\libc_nano.a(lib_a-findfp.o)
                0x00007774                __sfp
 .text._fwalk_reent
                0x000077f4       0x42 c:/program files (x86)/atmel/studio/7.0/toolchain/arm/arm-gnu-toolchain/bin/../lib/gcc/arm-none-eabi/6.3.1/../../../../arm-none-eabi/lib/thumb/v6-m\libc_nano.a(lib_a-fwalk.o)
                0x000077f4                _fwalk_reent
 *fill*         0x00007836        0x2 
 .text.__swhatbuf_r
                0x00007838       0x50 c:/program files (x86)/atmel/studio/7.0/toolchain/arm/arm-gnu-toolchain/bin/../lib/gcc/arm-none-eabi/6.3.1/../../../../arm-none-eabi/lib/thumb/v6-m\libc_nano.a(lib_a-makebuf.o)
                0x00007838                __swhatbuf_r
 .text.__smakebuf_r
                0x00007888       0x88 c:/program files (x86)/atmel/studio/7.0/toolchain/arm/arm-gnu-toolchain/bin/../lib/gcc/arm-none-eabi/6.3.1/../../../../arm-none-eabi/lib/thumb/v6-m\libc_nano.a(lib_a-makebuf.o)
                0x00007888                __smakebuf_r
 .text.malloc   0x00007910       0x14 c:/program files (x86)/atmel/studio/7.0/toolchain/arm/arm-gnu-toolchain/bin/../lib/gcc/arm-none-eabi/6.3.1/../../../../arm-none-eabi/lib/thumb/v6-m\libc_nano.a(lib_a-malloc.o)
                0x00007910                malloc
 .text._free_r  0x00007924       0x94 c:/program files (x86)/atmel/studio/7.0/toolchain/arm/arm-gnu-toolchain/bin/../lib/gcc/arm-none-eabi/6.3.1/../../../../arm-none-eabi/lib/thumb/v6-m\libc_nano.a(lib_a-nano-freer.o)
                0x00007924                _free_r
 .text._malloc_r
                0x000079b8       0xbc c:/program files (x86)/atmel/studio/7.0/toolchain/arm/arm-gnu-toolchain/bin/../lib/gcc/arm-none-eabi/6.3.1/../../../../arm-none-eabi/lib/thumb/v6-m\libc_nano.a(lib_a-nano-mallocr.o)
                0x000079b8                _malloc_r
 .text.__ssputs_r
                0x00007a74       0xc4 c:/program files (x86)/atmel/studio/7.0/toolchain/arm/arm-gnu-toolchain/bin/../lib/gcc/arm-none-eabi/6.3.1/../../../../arm-none-eabi/lib/thumb/v6-m\libc_nano.a(lib_a-nano-svfprintf.o)
                0x00007a74                __ssputs_r
 .text._svfprintf_r
                0x00007b38      0x208 c:/program files (x86)/atmel/studio/7.0/toolchain/arm/arm-gnu-toolchain/bin/../lib/gcc/arm-none-eabi/6.3.1/../../../../arm-none-eabi/lib/thumb/v6-m\libc_nano.a(lib_a-nano-svfprintf.o)
                0x00007b38                _svfiprintf_r
                0x00007b38                _svfprintf_r
 .text.__sfputc_r
                0x00007d40       0x2a c:/program files (x86)/atmel/studio/7.0/toolchain/arm/arm-gnu-toolchain/bin/../lib/gcc/arm-none-eabi/6.3.1/../../../../arm-none-eabi/lib/thumb/v6-m\libc_nano.a(lib_a-nano-vfprintf.o)
 .text.__sfputs_r
                0x00007d6a       0x24 c:/program files (x86)/atmel/studio/7.0/toolchain/arm/arm-gnu-toolchain/bin/../lib/gcc/arm-none-eabi/6.3.1/../../../../arm-none-eabi/lib/thumb/v6-m\libc_nano.a(lib_a-nano-vfprintf.o)
                0x00007d6a                __sfputs_r
 *fill*         0x00007d8e        0x2 
 .text._vfprintf_r
                0x00007d90      0x238 c:/program files (x86)/atmel/studio/7.0/toolchain/arm/arm-gnu-toolchain/bin/../lib/gcc/arm-none-eabi/6.3.1/../../../../arm-none-eabi/lib/thumb/v6-m\libc_nano.a(lib_a-nano-vfprintf.o)
                0x00007d90                _vfprintf_r
                0x00007d90                _vfiprintf_r
 .text._printf_common
                0x00007fc8       0xda c:/program files (x86)/atmel/studio/7.0/toolchain/arm/arm-gnu-toolchain/bin/../lib/gcc/arm-none-eabi/6.3.1/../../../../arm-none-eabi/lib/thumb/v6-m\libc_nano.a(lib_a-nano-vfprintf_i.o)
                0x00007fc8                _printf_common
 *fill*         0x000080a2        0x2 
 .text._printf_i
                0x000080a4      0x234 c:/program files (x86)/atmel/studio/7.0/toolchain/arm/arm-gnu-toolchain/bin/../lib/gcc/arm-none-eabi/6.3.1/../../../../arm-none-eabi/lib/thumb/v6-m\libc_nano.a(lib_a-nano-vfprintf_i.o)
                0x000080a4                _printf_i
 .text._sbrk_r  0x000082d8       0x24 c:/program files (x86)/atmel/studio/7.0/toolchain/arm/arm-gnu-toolchain/bin/../lib/gcc/arm-none-eabi/6.3.1/../../../../arm-none-eabi/lib/thumb/v6-m\libc_nano.a(lib_a-sbrkr.o)
                0x000082d8                _sbrk_r
 .text.__sread  0x000082fc       0x28 c:/program files (x86)/atmel/studio/7.0/toolchain/arm/arm-gnu-toolchain/bin/../lib/gcc/arm-none-eabi/6.3.1/../../../../arm-none-eabi/lib/thumb/v6-m\libc_nano.a(lib_a-stdio.o)
                0x000082fc                __sread
 .text.__swrite
                0x00008324       0x38 c:/program files (x86)/atmel/studio/7.0/toolchain/arm/arm-gnu-toolchain/bin/../lib/gcc/arm-none-eabi/6.3.1/../../../../arm-none-eabi/lib/thumb/v6-m\libc_nano.a(lib_a-stdio.o)
                0x00008324                __swrite
 .text.__sseek  0x0000835c       0x2c c:/program files (x86)/atmel/studio/7.0/toolchain/arm/arm-gnu-toolchain/bin/../lib/gcc/arm-none-eabi/6.3.1/../../../../arm-none-eabi/lib/thumb/v6-m\libc_nano.a(lib_a-stdio.o)
                0x0000835c                __sseek
 .text.__sclose
                0x00008388        0xc c:/program files (x86)/atmel/studio/7.0/toolchain/arm/arm-gnu-toolchain/bin/../lib/gcc/arm-none-eabi/6.3.1/../../../../arm-none-eabi/lib/thumb/v6-m\libc_nano.a(lib_a-stdio.o)
                0x00008388                __sclose
 .text._write_r
                0x00008394       0x28 c:/program files (x86)/atmel/studio/7.0/toolchain/arm/arm-gnu-toolchain/bin/../lib/gcc/arm-none-eabi/6.3.1/../../../../arm-none-eabi/lib/thumb/v6-m\libc_nano.a(lib_a-writer.o)
                0x00008394                _write_r
 .text._close_r
                0x000083bc       0x24 c:/program files (x86)/atmel/studio/7.0/toolchain/arm/arm-gnu-toolchain/bin/../lib/gcc/arm-none-eabi/6.3.1/../../../../arm-none-eabi/lib/thumb/v6-m\libc_nano.a(lib_a-closer.o)
                0x000083bc                _close_r
 .text._fstat_r
                0x000083e0       0x24 c:/program files (x86)/atmel/studio/7.0/toolchain/arm/arm-gnu-toolchain/bin/../lib/gcc/arm-none-eabi/6.3.1/../../../../arm-none-eabi/lib/thumb/v6-m\libc_nano.a(lib_a-fstatr.o)
                0x000083e0                _fstat_r
 .text._isatty_r
                0x00008404       0x24 c:/program files (x86)/atmel/studio/7.0/toolchain/arm/arm-gnu-toolchain/bin/../lib/gcc/arm-none-eabi/6.3.1/../../../../arm-none-eabi/lib/thumb/v6-m\libc_nano.a(lib_a-isattyr.o)
                0x00008404                _isatty_r
 .text._lseek_r
                0x00008428       0x28 c:/program files (x86)/atmel/studio/7.0/toolchain/arm/arm-gnu-toolchain/bin/../lib/gcc/arm-none-eabi/6.3.1/../../../../arm-none-eabi/lib/thumb/v6-m\libc_nano.a(lib_a-lseekr.o)
                0x00008428                _lseek_r
 .text.memchr   0x00008450       0x16 c:/program files (x86)/atmel/studio/7.0/toolchain/arm/arm-gnu-toolchain/bin/../lib/gcc/arm-none-eabi/6.3.1/../../../../arm-none-eabi/lib/thumb/v6-m\libc_nano.a(lib_a-memchr-stub.o)
                0x00008450                memchr
 .text.memmove  0x00008466       0x24 c:/program files (x86)/atmel/studio/7.0/toolchain/arm/arm-gnu-toolchain/bin/../lib/gcc/arm-none-eabi/6.3.1/../../../../arm-none-eabi/lib/thumb/v6-m\libc_nano.a(lib_a-memmove.o)
                0x00008466                memmove
 .text.__malloc_lock
                0x0000848a        0x2 c:/program files (x86)/atmel/studio/7.0/toolchain/arm/arm-gnu-toolchain/bin/../lib/gcc/arm-none-eabi/6.3.1/../../../../arm-none-eabi/lib/thumb/v6-m\libc_nano.a(lib_a-mlock.o)
                0x0000848a                __malloc_lock
 .text.__malloc_unlock
                0x0000848c        0x2 c:/program files (x86)/atmel/studio/7.0/toolchain/arm/arm-gnu-toolchain/bin/../lib/gcc/arm-none-eabi/6.3.1/../../../../arm-none-eabi/lib/thumb/v6-m\libc_nano.a(lib_a-mlock.o)
                0x0000848c                __malloc_unlock
 .text._realloc_r
                0x0000848e       0x4c c:/program files (x86)/atmel/studio/7.0/toolchain/arm/arm-gnu-toolchain/bin/../lib/gcc/arm-none-eabi/6.3.1/../../../../arm-none-eabi/lib/thumb/v6-m\libc_nano.a(lib_a-nano-reallocr.o)
                0x0000848e                _realloc_r
 *fill*         0x000084da        0x2 
 .text._read_r  0x000084dc       0x28 c:/program files (x86)/atmel/studio/7.0/toolchain/arm/arm-gnu-toolchain/bin/../lib/gcc/arm-none-eabi/6.3.1/../../../../arm-none-eabi/lib/thumb/v6-m\libc_nano.a(lib_a-readr.o)
                0x000084dc                _read_r
 .text._malloc_usable_size_r
                0x00008504       0x10 c:/program files (x86)/atmel/studio/7.0/toolchain/arm/arm-gnu-toolchain/bin/../lib/gcc/arm-none-eabi/6.3.1/../../../../arm-none-eabi/lib/thumb/v6-m\libc_nano.a(lib_a-nano-msizer.o)
                0x00008504                _malloc_usable_size_r
 *(.glue_7t)
 .glue_7t       0x00008514        0x0 linker stubs
 *(.glue_7)
 .glue_7        0x00008514        0x0 linker stubs
 *(.rodata .rodata* .gnu.linkonce.r.*)
 .rodata.str1.1
                0x00008514       0x21 atmel_start.o
 *fill*         0x00008535        0x3 
 .rodata        0x00008538       0x1c hpl/adc/hpl_adc.o
 .rodata        0x00008554       0x80 hpl/eic/hpl_eic.o
 .rodata        0x000085d4       0x40 hpl/sercom/hpl_sercom.o
 .rodata        0x00008614       0x48 hpl/usb/hpl_usb.o
 .rodata        0x0000865c     0x2d5c main.o
                0x0000865c                error_beep_sound_data
                0x00009f60                click_sound_data
                0x0000a250                beep_sound_data
                0x0000ab48                sync_beep_sound_data
                0x0000b2f4                switch_to_default_form
                0x0000b2fa                switch_to_session_running_form
                0x0000b300                switch_to_manual_trigger_form
                0x0000b306                switch_to_simulation_running_form
                0x0000b30c                switch_to_settings_1_form
                0x0000b312                set_response_sound_on
                0x0000b318                set_response_sound_switch_on
                0x0000b31e                set_response_sound_off
                0x0000b324                set_response_sound_switch_off
                0x0000b32a                set_trigger_sound_on
                0x0000b330                set_trigger_sound_switch_on
                0x0000b336                set_trigger_sound_off
                0x0000b33c                set_trigger_sound_switch_off
                0x0000b342                switch_to_settings_2_form
                0x0000b348                switch_to_settings_3_form
                0x0000b34e                switch_to_keyboard_form
                0x0000b354                switch_to_menu_form
                0x0000b35a                switch_to_about_form
                0x0000b360                switch_to_error_form
                0x0000b366                set_error_text_PS_low
                0x0000b36c                set_error_text_PS_high
                0x0000b372                set_error_text_USB_error
                0x0000b378                simulation_trigger_LED_off
                0x0000b37e                man_trig_trigger_LED_off
                0x0000b384                man_trig_trigger_LED_on
                0x0000b38a                simulation_trigger_LED_on
                0x0000b390                set_trigg_slice_txt
                0x0000b396                set_trigg_volume_txt
                0x0000b39c                set_no_of_slices_txt
                0x0000b3a2                set_no_of_volumes_txt
                0x0000b3a8                set_pulse_length_txt
                0x0000b3ae                set_tr_time_txt
                0x0000b3b4                ad
 .rodata.str1.1
                0x0000b3b8      0xee8 main.o
                                0xf15 (size before relaxing)
 .rodata.str1.1
                0x0000c2a0        0x8 persistent_storage/nv_storage.o
 .rodata.str1.1
                0x0000c2a8       0x3a uart.o
                                 0x3b (size before relaxing)
 .rodata        0x0000c2e2       0x3b usb/class/hid/device/hiddf_keyboard.o
                0x0000c2e2                keyboard_report_desc
 .rodata        0x0000c31d       0x34 usb/class/hid/device/hiddf_mouse.o
                0x0000c31d                mouse_report_desc
 .rodata.str1.1
                0x0000c351       0x68 usb_start.o
 *fill*         0x0000c3b9        0x3 
 .rodata._global_impure_ptr
                0x0000c3bc        0x4 c:/program files (x86)/atmel/studio/7.0/toolchain/arm/arm-gnu-toolchain/bin/../lib/gcc/arm-none-eabi/6.3.1/../../../../arm-none-eabi/lib/thumb/v6-m\libc_nano.a(lib_a-impure.o)
                0x0000c3bc                _global_impure_ptr
 .rodata.__sf_fake_stderr
                0x0000c3c0       0x20 c:/program files (x86)/atmel/studio/7.0/toolchain/arm/arm-gnu-toolchain/bin/../lib/gcc/arm-none-eabi/6.3.1/../../../../arm-none-eabi/lib/thumb/v6-m\libc_nano.a(lib_a-findfp.o)
                0x0000c3c0                __sf_fake_stderr
 .rodata.__sf_fake_stdin
                0x0000c3e0       0x20 c:/program files (x86)/atmel/studio/7.0/toolchain/arm/arm-gnu-toolchain/bin/../lib/gcc/arm-none-eabi/6.3.1/../../../../arm-none-eabi/lib/thumb/v6-m\libc_nano.a(lib_a-findfp.o)
                0x0000c3e0                __sf_fake_stdin
 .rodata.__sf_fake_stdout
                0x0000c400       0x20 c:/program files (x86)/atmel/studio/7.0/toolchain/arm/arm-gnu-toolchain/bin/../lib/gcc/arm-none-eabi/6.3.1/../../../../arm-none-eabi/lib/thumb/v6-m\libc_nano.a(lib_a-findfp.o)
                0x0000c400                __sf_fake_stdout
 .rodata._svfprintf_r.str1.1
                0x0000c420       0x11 c:/program files (x86)/atmel/studio/7.0/toolchain/arm/arm-gnu-toolchain/bin/../lib/gcc/arm-none-eabi/6.3.1/../../../../arm-none-eabi/lib/thumb/v6-m\libc_nano.a(lib_a-nano-svfprintf.o)
 .rodata._vfprintf_r.str1.1
                0x0000c431       0x11 c:/program files (x86)/atmel/studio/7.0/toolchain/arm/arm-gnu-toolchain/bin/../lib/gcc/arm-none-eabi/6.3.1/../../../../arm-none-eabi/lib/thumb/v6-m\libc_nano.a(lib_a-nano-vfprintf.o)
 .rodata._printf_i.str1.1
                0x0000c431       0x22 c:/program files (x86)/atmel/studio/7.0/toolchain/arm/arm-gnu-toolchain/bin/../lib/gcc/arm-none-eabi/6.3.1/../../../../arm-none-eabi/lib/thumb/v6-m\libc_nano.a(lib_a-nano-vfprintf_i.o)
 *(.ARM.extab* .gnu.linkonce.armextab.*)
                0x0000c454                . = ALIGN (0x4)
 *fill*         0x0000c453        0x1 
 *(.init)
 .init          0x0000c454        0x4 c:/program files (x86)/atmel/studio/7.0/toolchain/arm/arm-gnu-toolchain/bin/../lib/gcc/arm-none-eabi/6.3.1/thumb/v6-m/crti.o
                0x0000c454                _init
 .init          0x0000c458        0x8 c:/program files (x86)/atmel/studio/7.0/toolchain/arm/arm-gnu-toolchain/bin/../lib/gcc/arm-none-eabi/6.3.1/thumb/v6-m/crtn.o
                0x0000c460                . = ALIGN (0x4)
                0x0000c460                __preinit_array_start = .
 *(.preinit_array)
                0x0000c460                __preinit_array_end = .
                0x0000c460                . = ALIGN (0x4)
                0x0000c460                __init_array_start = .
 *(SORT(.init_array.*))
 *(.init_array)
 .init_array    0x0000c460        0x4 c:/program files (x86)/atmel/studio/7.0/toolchain/arm/arm-gnu-toolchain/bin/../lib/gcc/arm-none-eabi/6.3.1/thumb/v6-m/crtbegin.o
                0x0000c464                __init_array_end = .
                0x0000c464                . = ALIGN (0x4)
 *crtbegin.o(.ctors)
 *(EXCLUDE_FILE(*crtend.o) .ctors)
 *(SORT(.ctors.*))
 *crtend.o(.ctors)
                0x0000c464                . = ALIGN (0x4)
 *(.fini)
 .fini          0x0000c464        0x4 c:/program files (x86)/atmel/studio/7.0/toolchain/arm/arm-gnu-toolchain/bin/../lib/gcc/arm-none-eabi/6.3.1/thumb/v6-m/crti.o
                0x0000c464                _fini
 .fini          0x0000c468        0x8 c:/program files (x86)/atmel/studio/7.0/toolchain/arm/arm-gnu-toolchain/bin/../lib/gcc/arm-none-eabi/6.3.1/thumb/v6-m/crtn.o
                0x0000c470                . = ALIGN (0x4)
                0x0000c470                __fini_array_start = .
 *(.fini_array)
 .fini_array    0x0000c470        0x4 c:/program files (x86)/atmel/studio/7.0/toolchain/arm/arm-gnu-toolchain/bin/../lib/gcc/arm-none-eabi/6.3.1/thumb/v6-m/crtbegin.o
 *(SORT(.fini_array.*))
                0x0000c474                __fini_array_end = .
 *crtbegin.o(.dtors)
 *(EXCLUDE_FILE(*crtend.o) .dtors)
 *(SORT(.dtors.*))
 *crtend.o(.dtors)
                0x0000c474                . = ALIGN (0x4)
                0x0000c474                _efixed = .
                [!provide]                PROVIDE (__exidx_start, .)

.vfp11_veneer   0x0000c474        0x0
 .vfp11_veneer  0x0000c474        0x0 linker stubs

.v4_bx          0x0000c474        0x0
 .v4_bx         0x0000c474        0x0 linker stubs

.iplt           0x0000c474        0x0
 .iplt          0x0000c474        0x0 c:/program files (x86)/atmel/studio/7.0/toolchain/arm/arm-gnu-toolchain/bin/../lib/gcc/arm-none-eabi/6.3.1/thumb/v6-m/crtbegin.o

.eh_frame       0x0000c474        0x0
 .eh_frame      0x0000c474        0x0 c:/program files (x86)/atmel/studio/7.0/toolchain/arm/arm-gnu-toolchain/bin/../lib/gcc/arm-none-eabi/6.3.1/thumb/v6-m/crtbegin.o

.rel.dyn        0x0000c474        0x0
 .rel.iplt      0x0000c474        0x0 c:/program files (x86)/atmel/studio/7.0/toolchain/arm/arm-gnu-toolchain/bin/../lib/gcc/arm-none-eabi/6.3.1/thumb/v6-m/crtbegin.o

.jcr            0x0000c474        0x0
 .jcr           0x0000c474        0x0 c:/program files (x86)/atmel/studio/7.0/toolchain/arm/arm-gnu-toolchain/bin/../lib/gcc/arm-none-eabi/6.3.1/thumb/v6-m/crtbegin.o

.igot.plt       0x0000c474        0x0
 .igot.plt      0x0000c474        0x0 c:/program files (x86)/atmel/studio/7.0/toolchain/arm/arm-gnu-toolchain/bin/../lib/gcc/arm-none-eabi/6.3.1/thumb/v6-m/crtbegin.o

.ARM.exidx
 *(.ARM.exidx* .gnu.linkonce.armexidx.*)
                [!provide]                PROVIDE (__exidx_end, .)
                0x0000c474                . = ALIGN (0x4)
                0x0000c474                _etext = .

.relocate       0x20000000      0x140 load address 0x0000c474
                0x20000000                . = ALIGN (0x4)
                0x20000000                _srelocate = .
 *(.ramfunc .ramfunc.*)
 *(.data .data.*)
 .data          0x20000000        0xa main.o
 *fill*         0x2000000a        0x2 
 .data          0x2000000c        0x8 usb/class/cdc/device/cdcdf_acm.o
 .data          0x20000014        0x8 usb/class/hid/device/hiddf_keyboard.o
 .data          0x2000001c        0x8 usb/class/hid/device/hiddf_mouse.o
 .data          0x20000024       0xb6 usb_start.o
 *fill*         0x200000da        0x2 
 .data._impure_ptr
                0x200000dc        0x4 c:/program files (x86)/atmel/studio/7.0/toolchain/arm/arm-gnu-toolchain/bin/../lib/gcc/arm-none-eabi/6.3.1/../../../../arm-none-eabi/lib/thumb/v6-m\libc_nano.a(lib_a-impure.o)
                0x200000dc                _impure_ptr
 .data.impure_data
                0x200000e0       0x60 c:/program files (x86)/atmel/studio/7.0/toolchain/arm/arm-gnu-toolchain/bin/../lib/gcc/arm-none-eabi/6.3.1/../../../../arm-none-eabi/lib/thumb/v6-m\libc_nano.a(lib_a-impure.o)
                0x20000140                . = ALIGN (0x4)
                0x20000140                _erelocate = .

.bss            0x20000140      0x98c load address 0x0000c5b4
                0x20000140                . = ALIGN (0x4)
                0x20000140                _sbss = .
                0x20000140                _szero = .
 *(.bss .bss.*)
 .bss           0x20000140       0x1c c:/program files (x86)/atmel/studio/7.0/toolchain/arm/arm-gnu-toolchain/bin/../lib/gcc/arm-none-eabi/6.3.1/thumb/v6-m/crtbegin.o
 .bss           0x2000015c       0x21 driver_init.o
 *fill*         0x2000017d        0x1 
 .bss           0x2000017e        0x6 global.o
                0x2000017e                usb_disconnected
                0x20000180                sync_beep_length
                0x20000182                beep_sound_length
 .bss           0x20000184        0x4 hal/src/hal_delay.o
 .bss           0x20000188       0x80 hal/src/hal_ext_irq.o
 .bss           0x20000208      0x1a0 hal/src/hal_usb_device.o
 .bss           0x200003a8        0x4 hal/utils/src/utils_syscalls.o
 .bss           0x200003ac        0x4 hpl/adc/hpl_adc.o
 .bss           0x200003b0        0x4 hpl/dac/hpl_dac.o
 .bss           0x200003b4        0x4 hpl/eic/hpl_eic.o
 .bss           0x200003b8        0x4 hpl/nvmctrl/hpl_nvmctrl.o
 .bss           0x200003bc        0x4 hpl/rtc/hpl_rtc.o
 .bss           0x200003c0        0x4 hpl/sercom/hpl_sercom.o
 .bss           0x200003c4      0x378 hpl/usb/hpl_usb.o
 .bss           0x2000073c       0x54 main.o
 .bss           0x20000790        0x4 persistent_storage/nv_internal_flash_ultra.o
 .bss           0x20000794       0x2e persistent_storage/nv_storage.o
 *fill*         0x200007c2        0x2 
 .bss           0x200007c4        0x4 stdio_redirect/stdio_io.o
 .bss           0x200007c8       0x6c uart.o
                0x200007c8                RX_in_progress
                0x200007c9                parameter
                0x200007ca                chksum
                0x200007cb                storage_txbuffer
                0x200007cc                Buffer
                0x20000830                TX_in_progress
                0x20000831                stage_txbuffer
                0x20000832                total_Bytes
                0x20000833                UART0_WaitforReturn
 .bss           0x20000834       0x24 usb/class/cdc/device/cdcdf_acm.o
 .bss           0x20000858       0x20 usb/class/hid/device/hiddf_keyboard.o
 .bss           0x20000878       0x18 usb/class/hid/device/hiddf_mouse.o
 .bss           0x20000890       0x20 usb/device/usbdc.o
 .bss           0x200008b0       0x47 usb_start.o
 *fill*         0x200008f7        0x1 
 .bss.__malloc_free_list
                0x200008f8        0x4 c:/program files (x86)/atmel/studio/7.0/toolchain/arm/arm-gnu-toolchain/bin/../lib/gcc/arm-none-eabi/6.3.1/../../../../arm-none-eabi/lib/thumb/v6-m\libc_nano.a(lib_a-nano-mallocr.o)
                0x200008f8                __malloc_free_list
 .bss.__malloc_sbrk_start
                0x200008fc        0x4 c:/program files (x86)/atmel/studio/7.0/toolchain/arm/arm-gnu-toolchain/bin/../lib/gcc/arm-none-eabi/6.3.1/../../../../arm-none-eabi/lib/thumb/v6-m\libc_nano.a(lib_a-nano-mallocr.o)
                0x200008fc                __malloc_sbrk_start
 *(COMMON)
 COMMON         0x20000900      0x134 driver_init.o
                0x20000900                FLASH_0
                0x2000091c                ADC_0
                0x20000948                DAC_0
                0x2000096c                ADC_0_ch
                0x20000984                SPI_0
                0x2000099c                USART_0
                0x200009a8                USART_1
                0x200009f8                I2C_0
                0x20000a18                TIMER_0
 COMMON         0x20000a34       0x4d global.o
                0x20000a34                event_report
                0x20000a3c                session_data
                0x20000a64                ACK_received
                0x20000a68                session_temp
                0x20000a7c                NAK_received
                0x20000a7d                menu_structure
 COMMON         0x20000a81       0x40 main.o
                0x20000a81                buffer
 *fill*         0x20000ac1        0x3 
 COMMON         0x20000ac4        0x4 uart.o
                0x20000ac4                io
 COMMON         0x20000ac8        0x4 c:/program files (x86)/atmel/studio/7.0/toolchain/arm/arm-gnu-toolchain/bin/../lib/gcc/arm-none-eabi/6.3.1/../../../../arm-none-eabi/lib/thumb/v6-m\libc_nano.a(lib_a-reent.o)
                0x20000ac8                errno
                0x20000acc                . = ALIGN (0x4)
                0x20000acc                _ebss = .
                0x20000acc                _ezero = .

.stack          0x20000acc     0x2004 load address 0x0000cf40
                0x20000ad0                . = ALIGN (0x8)
 *fill*         0x20000acc        0x4 
                0x20000ad0                _sstack = .
                0x20002ad0                . = (. + STACK_SIZE)
 *fill*         0x20000ad0     0x2000 
                0x20002ad0                . = ALIGN (0x8)
                0x20002ad0                _estack = .
                0x20002ad0                . = ALIGN (0x4)
                0x20002ad0                _end = .
OUTPUT(MTA_response_box.elf elf32-littlearm)

.ARM.attributes
                0x00000000       0x28
 .ARM.attributes
                0x00000000       0x1e c:/program files (x86)/atmel/studio/7.0/toolchain/arm/arm-gnu-toolchain/bin/../lib/gcc/arm-none-eabi/6.3.1/thumb/v6-m/crti.o
 .ARM.attributes
                0x0000001e       0x2c c:/program files (x86)/atmel/studio/7.0/toolchain/arm/arm-gnu-toolchain/bin/../lib/gcc/arm-none-eabi/6.3.1/thumb/v6-m/crtbegin.o
 .ARM.attributes
                0x0000004a       0x32 atmel_start.o
 .ARM.attributes
                0x0000007c       0x32 Device_Startup/startup_samd21.o
 .ARM.attributes
                0x000000ae       0x32 driver_init.o
 .ARM.attributes
                0x000000e0       0x32 global.o
 .ARM.attributes
                0x00000112       0x32 hal/src/hal_adc_async.o
 .ARM.attributes
                0x00000144       0x32 hal/src/hal_atomic.o
 .ARM.attributes
                0x00000176       0x32 hal/src/hal_dac_async.o
 .ARM.attributes
                0x000001a8       0x32 hal/src/hal_delay.o
 .ARM.attributes
                0x000001da       0x32 hal/src/hal_ext_irq.o
 .ARM.attributes
                0x0000020c       0x32 hal/src/hal_flash.o
 .ARM.attributes
                0x0000023e       0x32 hal/src/hal_i2c_m_sync.o
 .ARM.attributes
                0x00000270       0x32 hal/src/hal_io.o
 .ARM.attributes
                0x000002a2       0x32 hal/src/hal_spi_m_sync.o
 .ARM.attributes
                0x000002d4       0x32 hal/src/hal_timer.o
 .ARM.attributes
                0x00000306       0x32 hal/src/hal_usart_async.o
 .ARM.attributes
                0x00000338       0x32 hal/src/hal_usart_sync.o
 .ARM.attributes
                0x0000036a       0x32 hal/src/hal_usb_device.o
 .ARM.attributes
                0x0000039c       0x32 hal/utils/src/utils_list.o
 .ARM.attributes
                0x000003ce       0x32 hal/utils/src/utils_ringbuffer.o
 .ARM.attributes
                0x00000400       0x32 hal/utils/src/utils_syscalls.o
 .ARM.attributes
                0x00000432       0x32 hpl/adc/hpl_adc.o
 .ARM.attributes
                0x00000464       0x32 hpl/core/hpl_core_m0plus_base.o
 .ARM.attributes
                0x00000496       0x32 hpl/core/hpl_init.o
 .ARM.attributes
                0x000004c8       0x32 hpl/dac/hpl_dac.o
 .ARM.attributes
                0x000004fa       0x32 hpl/eic/hpl_eic.o
 .ARM.attributes
                0x0000052c       0x32 hpl/gclk/hpl_gclk.o
 .ARM.attributes
                0x0000055e       0x32 hpl/nvmctrl/hpl_nvmctrl.o
 .ARM.attributes
                0x00000590       0x32 hpl/pm/hpl_pm.o
 .ARM.attributes
                0x000005c2       0x32 hpl/rtc/hpl_rtc.o
 .ARM.attributes
                0x000005f4       0x32 hpl/sercom/hpl_sercom.o
 .ARM.attributes
                0x00000626       0x32 hpl/sysctrl/hpl_sysctrl.o
 .ARM.attributes
                0x00000658       0x32 hpl/usb/hpl_usb.o
 .ARM.attributes
                0x0000068a       0x32 main.o
 .ARM.attributes
                0x000006bc       0x32 persistent_storage/nv_internal_flash_ultra.o
 .ARM.attributes
                0x000006ee       0x32 persistent_storage/nv_storage.o
 .ARM.attributes
                0x00000720       0x32 persistent_storage_start.o
 .ARM.attributes
                0x00000752       0x32 stdio_redirect/gcc/read.o
 .ARM.attributes
                0x00000784       0x32 stdio_redirect/gcc/write.o
 .ARM.attributes
                0x000007b6       0x32 stdio_redirect/stdio_io.o
 .ARM.attributes
                0x000007e8       0x32 stdio_start.o
 .ARM.attributes
                0x0000081a       0x32 uart.o
 .ARM.attributes
                0x0000084c       0x32 usb/class/cdc/device/cdcdf_acm.o
 .ARM.attributes
                0x0000087e       0x32 usb/class/hid/device/hiddf_keyboard.o
 .ARM.attributes
                0x000008b0       0x32 usb/class/hid/device/hiddf_mouse.o
 .ARM.attributes
                0x000008e2       0x32 usb/device/usbdc.o
 .ARM.attributes
                0x00000914       0x32 usb/usb_protocol.o
 .ARM.attributes
                0x00000946       0x32 usb_start.o
 .ARM.attributes
                0x00000978       0x1e c:/program files (x86)/atmel/studio/7.0/toolchain/arm/arm-gnu-toolchain/bin/../lib/gcc/arm-none-eabi/6.3.1/thumb/v6-m\libgcc.a(_thumb1_case_sqi.o)
 .ARM.attributes
                0x00000996       0x1e c:/program files (x86)/atmel/studio/7.0/toolchain/arm/arm-gnu-toolchain/bin/../lib/gcc/arm-none-eabi/6.3.1/thumb/v6-m\libgcc.a(_thumb1_case_uqi.o)
 .ARM.attributes
                0x000009b4       0x1e c:/program files (x86)/atmel/studio/7.0/toolchain/arm/arm-gnu-toolchain/bin/../lib/gcc/arm-none-eabi/6.3.1/thumb/v6-m\libgcc.a(_thumb1_case_shi.o)
 .ARM.attributes
                0x000009d2       0x1e c:/program files (x86)/atmel/studio/7.0/toolchain/arm/arm-gnu-toolchain/bin/../lib/gcc/arm-none-eabi/6.3.1/thumb/v6-m\libgcc.a(_thumb1_case_uhi.o)
 .ARM.attributes
                0x000009f0       0x1e c:/program files (x86)/atmel/studio/7.0/toolchain/arm/arm-gnu-toolchain/bin/../lib/gcc/arm-none-eabi/6.3.1/thumb/v6-m\libgcc.a(_udivsi3.o)
 .ARM.attributes
                0x00000a0e       0x1e c:/program files (x86)/atmel/studio/7.0/toolchain/arm/arm-gnu-toolchain/bin/../lib/gcc/arm-none-eabi/6.3.1/thumb/v6-m\libgcc.a(_divsi3.o)
 .ARM.attributes
                0x00000a2c       0x1e c:/program files (x86)/atmel/studio/7.0/toolchain/arm/arm-gnu-toolchain/bin/../lib/gcc/arm-none-eabi/6.3.1/thumb/v6-m\libgcc.a(_dvmd_tls.o)
 .ARM.attributes
                0x00000a4a       0x2c c:/program files (x86)/atmel/studio/7.0/toolchain/arm/arm-gnu-toolchain/bin/../lib/gcc/arm-none-eabi/6.3.1/thumb/v6-m\libgcc.a(_ffssi2.o)
 .ARM.attributes
                0x00000a76       0x1e c:/program files (x86)/atmel/studio/7.0/toolchain/arm/arm-gnu-toolchain/bin/../lib/gcc/arm-none-eabi/6.3.1/thumb/v6-m\libgcc.a(_ctzsi2.o)
 .ARM.attributes
                0x00000a94       0x2c c:/program files (x86)/atmel/studio/7.0/toolchain/arm/arm-gnu-toolchain/bin/../lib/gcc/arm-none-eabi/6.3.1/../../../../arm-none-eabi/lib/thumb/v6-m\libc_nano.a(lib_a-impure.o)
 .ARM.attributes
                0x00000ac0       0x2c c:/program files (x86)/atmel/studio/7.0/toolchain/arm/arm-gnu-toolchain/bin/../lib/gcc/arm-none-eabi/6.3.1/../../../../arm-none-eabi/lib/thumb/v6-m\libc_nano.a(lib_a-init.o)
 .ARM.attributes
                0x00000aec       0x2c c:/program files (x86)/atmel/studio/7.0/toolchain/arm/arm-gnu-toolchain/bin/../lib/gcc/arm-none-eabi/6.3.1/../../../../arm-none-eabi/lib/thumb/v6-m\libc_nano.a(lib_a-memcmp.o)
 .ARM.attributes
                0x00000b18       0x2c c:/program files (x86)/atmel/studio/7.0/toolchain/arm/arm-gnu-toolchain/bin/../lib/gcc/arm-none-eabi/6.3.1/../../../../arm-none-eabi/lib/thumb/v6-m\libc_nano.a(lib_a-memcpy-stub.o)
 .ARM.attributes
                0x00000b44       0x2c c:/program files (x86)/atmel/studio/7.0/toolchain/arm/arm-gnu-toolchain/bin/../lib/gcc/arm-none-eabi/6.3.1/../../../../arm-none-eabi/lib/thumb/v6-m\libc_nano.a(lib_a-memset.o)
 .ARM.attributes
                0x00000b70       0x2c c:/program files (x86)/atmel/studio/7.0/toolchain/arm/arm-gnu-toolchain/bin/../lib/gcc/arm-none-eabi/6.3.1/../../../../arm-none-eabi/lib/thumb/v6-m\libc_nano.a(lib_a-printf.o)
 .ARM.attributes
                0x00000b9c       0x2c c:/program files (x86)/atmel/studio/7.0/toolchain/arm/arm-gnu-toolchain/bin/../lib/gcc/arm-none-eabi/6.3.1/../../../../arm-none-eabi/lib/thumb/v6-m\libc_nano.a(lib_a-puts.o)
 .ARM.attributes
                0x00000bc8       0x2c c:/program files (x86)/atmel/studio/7.0/toolchain/arm/arm-gnu-toolchain/bin/../lib/gcc/arm-none-eabi/6.3.1/../../../../arm-none-eabi/lib/thumb/v6-m\libc_nano.a(lib_a-setbuf.o)
 .ARM.attributes
                0x00000bf4       0x2c c:/program files (x86)/atmel/studio/7.0/toolchain/arm/arm-gnu-toolchain/bin/../lib/gcc/arm-none-eabi/6.3.1/../../../../arm-none-eabi/lib/thumb/v6-m\libc_nano.a(lib_a-setvbuf.o)
 .ARM.attributes
                0x00000c20       0x2c c:/program files (x86)/atmel/studio/7.0/toolchain/arm/arm-gnu-toolchain/bin/../lib/gcc/arm-none-eabi/6.3.1/../../../../arm-none-eabi/lib/thumb/v6-m\libc_nano.a(lib_a-snprintf.o)
 .ARM.attributes
                0x00000c4c       0x1c c:/program files (x86)/atmel/studio/7.0/toolchain/arm/arm-gnu-toolchain/bin/../lib/gcc/arm-none-eabi/6.3.1/../../../../arm-none-eabi/lib/thumb/v6-m\libc_nano.a(lib_a-strlen.o)
 .ARM.attributes
                0x00000c68       0x2c c:/program files (x86)/atmel/studio/7.0/toolchain/arm/arm-gnu-toolchain/bin/../lib/gcc/arm-none-eabi/6.3.1/../../../../arm-none-eabi/lib/thumb/v6-m\libc_nano.a(lib_a-wbuf.o)
 .ARM.attributes
                0x00000c94       0x2c c:/program files (x86)/atmel/studio/7.0/toolchain/arm/arm-gnu-toolchain/bin/../lib/gcc/arm-none-eabi/6.3.1/../../../../arm-none-eabi/lib/thumb/v6-m\libc_nano.a(lib_a-wsetup.o)
 .ARM.attributes
                0x00000cc0       0x2c c:/program files (x86)/atmel/studio/7.0/toolchain/arm/arm-gnu-toolchain/bin/../lib/gcc/arm-none-eabi/6.3.1/../../../../arm-none-eabi/lib/thumb/v6-m\libc_nano.a(lib_a-fflush.o)
 .ARM.attributes
                0x00000cec       0x2c c:/program files (x86)/atmel/studio/7.0/toolchain/arm/arm-gnu-toolchain/bin/../lib/gcc/arm-none-eabi/6.3.1/../../../../arm-none-eabi/lib/thumb/v6-m\libc_nano.a(lib_a-findfp.o)
 .ARM.attributes
                0x00000d18       0x2c c:/program files (x86)/atmel/studio/7.0/toolchain/arm/arm-gnu-toolchain/bin/../lib/gcc/arm-none-eabi/6.3.1/../../../../arm-none-eabi/lib/thumb/v6-m\libc_nano.a(lib_a-fwalk.o)
 .ARM.attributes
                0x00000d44       0x2c c:/program files (x86)/atmel/studio/7.0/toolchain/arm/arm-gnu-toolchain/bin/../lib/gcc/arm-none-eabi/6.3.1/../../../../arm-none-eabi/lib/thumb/v6-m\libc_nano.a(lib_a-makebuf.o)
 .ARM.attributes
                0x00000d70       0x2c c:/program files (x86)/atmel/studio/7.0/toolchain/arm/arm-gnu-toolchain/bin/../lib/gcc/arm-none-eabi/6.3.1/../../../../arm-none-eabi/lib/thumb/v6-m\libc_nano.a(lib_a-malloc.o)
 .ARM.attributes
                0x00000d9c       0x2c c:/program files (x86)/atmel/studio/7.0/toolchain/arm/arm-gnu-toolchain/bin/../lib/gcc/arm-none-eabi/6.3.1/../../../../arm-none-eabi/lib/thumb/v6-m\libc_nano.a(lib_a-nano-freer.o)
 .ARM.attributes
                0x00000dc8       0x2c c:/program files (x86)/atmel/studio/7.0/toolchain/arm/arm-gnu-toolchain/bin/../lib/gcc/arm-none-eabi/6.3.1/../../../../arm-none-eabi/lib/thumb/v6-m\libc_nano.a(lib_a-nano-mallocr.o)
 .ARM.attributes
                0x00000df4       0x2c c:/program files (x86)/atmel/studio/7.0/toolchain/arm/arm-gnu-toolchain/bin/../lib/gcc/arm-none-eabi/6.3.1/../../../../arm-none-eabi/lib/thumb/v6-m\libc_nano.a(lib_a-nano-svfprintf.o)
 .ARM.attributes
                0x00000e20       0x2c c:/program files (x86)/atmel/studio/7.0/toolchain/arm/arm-gnu-toolchain/bin/../lib/gcc/arm-none-eabi/6.3.1/../../../../arm-none-eabi/lib/thumb/v6-m\libc_nano.a(lib_a-nano-vfprintf.o)
 .ARM.attributes
                0x00000e4c       0x2c c:/program files (x86)/atmel/studio/7.0/toolchain/arm/arm-gnu-toolchain/bin/../lib/gcc/arm-none-eabi/6.3.1/../../../../arm-none-eabi/lib/thumb/v6-m\libc_nano.a(lib_a-nano-vfprintf_i.o)
 .ARM.attributes
                0x00000e78       0x2c c:/program files (x86)/atmel/studio/7.0/toolchain/arm/arm-gnu-toolchain/bin/../lib/gcc/arm-none-eabi/6.3.1/../../../../arm-none-eabi/lib/thumb/v6-m\libc_nano.a(lib_a-sbrkr.o)
 .ARM.attributes
                0x00000ea4       0x2c c:/program files (x86)/atmel/studio/7.0/toolchain/arm/arm-gnu-toolchain/bin/../lib/gcc/arm-none-eabi/6.3.1/../../../../arm-none-eabi/lib/thumb/v6-m\libc_nano.a(lib_a-stdio.o)
 .ARM.attributes
                0x00000ed0       0x2c c:/program files (x86)/atmel/studio/7.0/toolchain/arm/arm-gnu-toolchain/bin/../lib/gcc/arm-none-eabi/6.3.1/../../../../arm-none-eabi/lib/thumb/v6-m\libc_nano.a(lib_a-writer.o)
 .ARM.attributes
                0x00000efc       0x2c c:/program files (x86)/atmel/studio/7.0/toolchain/arm/arm-gnu-toolchain/bin/../lib/gcc/arm-none-eabi/6.3.1/../../../../arm-none-eabi/lib/thumb/v6-m\libc_nano.a(lib_a-closer.o)
 .ARM.attributes
                0x00000f28       0x2c c:/program files (x86)/atmel/studio/7.0/toolchain/arm/arm-gnu-toolchain/bin/../lib/gcc/arm-none-eabi/6.3.1/../../../../arm-none-eabi/lib/thumb/v6-m\libc_nano.a(lib_a-fstatr.o)
 .ARM.attributes
                0x00000f54       0x2c c:/program files (x86)/atmel/studio/7.0/toolchain/arm/arm-gnu-toolchain/bin/../lib/gcc/arm-none-eabi/6.3.1/../../../../arm-none-eabi/lib/thumb/v6-m\libc_nano.a(lib_a-isattyr.o)
 .ARM.attributes
                0x00000f80       0x2c c:/program files (x86)/atmel/studio/7.0/toolchain/arm/arm-gnu-toolchain/bin/../lib/gcc/arm-none-eabi/6.3.1/../../../../arm-none-eabi/lib/thumb/v6-m\libc_nano.a(lib_a-lseekr.o)
 .ARM.attributes
                0x00000fac       0x2c c:/program files (x86)/atmel/studio/7.0/toolchain/arm/arm-gnu-toolchain/bin/../lib/gcc/arm-none-eabi/6.3.1/../../../../arm-none-eabi/lib/thumb/v6-m\libc_nano.a(lib_a-memchr-stub.o)
 .ARM.attributes
                0x00000fd8       0x2c c:/program files (x86)/atmel/studio/7.0/toolchain/arm/arm-gnu-toolchain/bin/../lib/gcc/arm-none-eabi/6.3.1/../../../../arm-none-eabi/lib/thumb/v6-m\libc_nano.a(lib_a-memmove.o)
 .ARM.attributes
                0x00001004       0x2c c:/program files (x86)/atmel/studio/7.0/toolchain/arm/arm-gnu-toolchain/bin/../lib/gcc/arm-none-eabi/6.3.1/../../../../arm-none-eabi/lib/thumb/v6-m\libc_nano.a(lib_a-mlock.o)
 .ARM.attributes
                0x00001030       0x2c c:/program files (x86)/atmel/studio/7.0/toolchain/arm/arm-gnu-toolchain/bin/../lib/gcc/arm-none-eabi/6.3.1/../../../../arm-none-eabi/lib/thumb/v6-m\libc_nano.a(lib_a-nano-reallocr.o)
 .ARM.attributes
                0x0000105c       0x2c c:/program files (x86)/atmel/studio/7.0/toolchain/arm/arm-gnu-toolchain/bin/../lib/gcc/arm-none-eabi/6.3.1/../../../../arm-none-eabi/lib/thumb/v6-m\libc_nano.a(lib_a-readr.o)
 .ARM.attributes
                0x00001088       0x2c c:/program files (x86)/atmel/studio/7.0/toolchain/arm/arm-gnu-toolchain/bin/../lib/gcc/arm-none-eabi/6.3.1/../../../../arm-none-eabi/lib/thumb/v6-m\libc_nano.a(lib_a-reent.o)
 .ARM.attributes
                0x000010b4       0x2c c:/program files (x86)/atmel/studio/7.0/toolchain/arm/arm-gnu-toolchain/bin/../lib/gcc/arm-none-eabi/6.3.1/../../../../arm-none-eabi/lib/thumb/v6-m\libc_nano.a(lib_a-nano-msizer.o)
 .ARM.attributes
                0x000010e0       0x1e c:/program files (x86)/atmel/studio/7.0/toolchain/arm/arm-gnu-toolchain/bin/../lib/gcc/arm-none-eabi/6.3.1/thumb/v6-m/crtn.o

.comment        0x00000000       0x59
 .comment       0x00000000       0x59 atmel_start.o
                                 0x5a (size before relaxing)
 .comment       0x00000059       0x5a Device_Startup/startup_samd21.o
 .comment       0x00000059       0x5a driver_init.o
 .comment       0x00000059       0x5a global.o
 .comment       0x00000059       0x5a hal/src/hal_adc_async.o
 .comment       0x00000059       0x5a hal/src/hal_atomic.o
 .comment       0x00000059       0x5a hal/src/hal_dac_async.o
 .comment       0x00000059       0x5a hal/src/hal_delay.o
 .comment       0x00000059       0x5a hal/src/hal_ext_irq.o
 .comment       0x00000059       0x5a hal/src/hal_flash.o
 .comment       0x00000059       0x5a hal/src/hal_i2c_m_sync.o
 .comment       0x00000059       0x5a hal/src/hal_io.o
 .comment       0x00000059       0x5a hal/src/hal_spi_m_sync.o
 .comment       0x00000059       0x5a hal/src/hal_timer.o
 .comment       0x00000059       0x5a hal/src/hal_usart_async.o
 .comment       0x00000059       0x5a hal/src/hal_usart_sync.o
 .comment       0x00000059       0x5a hal/src/hal_usb_device.o
 .comment       0x00000059       0x5a hal/utils/src/utils_list.o
 .comment       0x00000059       0x5a hal/utils/src/utils_ringbuffer.o
 .comment       0x00000059       0x5a hal/utils/src/utils_syscalls.o
 .comment       0x00000059       0x5a hpl/adc/hpl_adc.o
 .comment       0x00000059       0x5a hpl/core/hpl_core_m0plus_base.o
 .comment       0x00000059       0x5a hpl/core/hpl_init.o
 .comment       0x00000059       0x5a hpl/dac/hpl_dac.o
 .comment       0x00000059       0x5a hpl/eic/hpl_eic.o
 .comment       0x00000059       0x5a hpl/gclk/hpl_gclk.o
 .comment       0x00000059       0x5a hpl/nvmctrl/hpl_nvmctrl.o
 .comment       0x00000059       0x5a hpl/pm/hpl_pm.o
 .comment       0x00000059       0x5a hpl/rtc/hpl_rtc.o
 .comment       0x00000059       0x5a hpl/sercom/hpl_sercom.o
 .comment       0x00000059       0x5a hpl/sysctrl/hpl_sysctrl.o
 .comment       0x00000059       0x5a hpl/usb/hpl_usb.o
 .comment       0x00000059       0x5a main.o
 .comment       0x00000059       0x5a persistent_storage/nv_internal_flash_ultra.o
 .comment       0x00000059       0x5a persistent_storage/nv_storage.o
 .comment       0x00000059       0x5a persistent_storage_start.o
 .comment       0x00000059       0x5a stdio_redirect/gcc/read.o
 .comment       0x00000059       0x5a stdio_redirect/gcc/write.o
 .comment       0x00000059       0x5a stdio_redirect/stdio_io.o
 .comment       0x00000059       0x5a stdio_start.o
 .comment       0x00000059       0x5a uart.o
 .comment       0x00000059       0x5a usb/class/cdc/device/cdcdf_acm.o
 .comment       0x00000059       0x5a usb/class/hid/device/hiddf_keyboard.o
 .comment       0x00000059       0x5a usb/class/hid/device/hiddf_mouse.o
 .comment       0x00000059       0x5a usb/device/usbdc.o
 .comment       0x00000059       0x5a usb/usb_protocol.o
 .comment       0x00000059       0x5a usb_start.o

.debug_frame    0x00000000      0x9dc
 .debug_frame   0x00000000       0x20 c:/program files (x86)/atmel/studio/7.0/toolchain/arm/arm-gnu-toolchain/bin/../lib/gcc/arm-none-eabi/6.3.1/thumb/v6-m\libgcc.a(_udivsi3.o)
 .debug_frame   0x00000020       0x20 c:/program files (x86)/atmel/studio/7.0/toolchain/arm/arm-gnu-toolchain/bin/../lib/gcc/arm-none-eabi/6.3.1/thumb/v6-m\libgcc.a(_divsi3.o)
 .debug_frame   0x00000040       0x28 c:/program files (x86)/atmel/studio/7.0/toolchain/arm/arm-gnu-toolchain/bin/../lib/gcc/arm-none-eabi/6.3.1/thumb/v6-m\libgcc.a(_ffssi2.o)
 .debug_frame   0x00000068       0x2c c:/program files (x86)/atmel/studio/7.0/toolchain/arm/arm-gnu-toolchain/bin/../lib/gcc/arm-none-eabi/6.3.1/../../../../arm-none-eabi/lib/thumb/v6-m\libc_nano.a(lib_a-init.o)