Archive member included to satisfy reference by file (symbol)

c:/program files (x86)/atmel/studio/7.0/toolchain/arm/arm-gnu-toolchain/bin/../lib/gcc/arm-none-eabi/6.3.1/thumb/v6-m\libgcc.a(_thumb1_case_sqi.o)
                              usb/device/usbdc.o (__gnu_thumb1_case_sqi)
c:/program files (x86)/atmel/studio/7.0/toolchain/arm/arm-gnu-toolchain/bin/../lib/gcc/arm-none-eabi/6.3.1/thumb/v6-m\libgcc.a(_thumb1_case_uqi.o)
                              hal/src/hal_usb_device.o (__gnu_thumb1_case_uqi)
c:/program files (x86)/atmel/studio/7.0/toolchain/arm/arm-gnu-toolchain/bin/../lib/gcc/arm-none-eabi/6.3.1/thumb/v6-m\libgcc.a(_thumb1_case_shi.o)
                              usb/device/usbdc.o (__gnu_thumb1_case_shi)
c:/program files (x86)/atmel/studio/7.0/toolchain/arm/arm-gnu-toolchain/bin/../lib/gcc/arm-none-eabi/6.3.1/thumb/v6-m\libgcc.a(_thumb1_case_uhi.o)
                              main.o (__gnu_thumb1_case_uhi)
c:/program files (x86)/atmel/studio/7.0/toolchain/arm/arm-gnu-toolchain/bin/../lib/gcc/arm-none-eabi/6.3.1/thumb/v6-m\libgcc.a(_udivsi3.o)
                              hal/src/hal_flash.o (__aeabi_uidiv)
c:/program files (x86)/atmel/studio/7.0/toolchain/arm/arm-gnu-toolchain/bin/../lib/gcc/arm-none-eabi/6.3.1/thumb/v6-m\libgcc.a(_divsi3.o)
                              main.o (__aeabi_idivmod)
c:/program files (x86)/atmel/studio/7.0/toolchain/arm/arm-gnu-toolchain/bin/../lib/gcc/arm-none-eabi/6.3.1/thumb/v6-m\libgcc.a(_dvmd_tls.o)
                              c:/program files (x86)/atmel/studio/7.0/toolchain/arm/arm-gnu-toolchain/bin/../lib/gcc/arm-none-eabi/6.3.1/thumb/v6-m\libgcc.a(_udivsi3.o) (__aeabi_idiv0)
c:/program files (x86)/atmel/studio/7.0/toolchain/arm/arm-gnu-toolchain/bin/../lib/gcc/arm-none-eabi/6.3.1/thumb/v6-m\libgcc.a(_aeabi_uldivmod.o)
                              hpl/sercom/hpl_sercom.o (__aeabi_uldivmod)
c:/program files (x86)/atmel/studio/7.0/toolchain/arm/arm-gnu-toolchain/bin/../lib/gcc/arm-none-eabi/6.3.1/thumb/v6-m\libgcc.a(_muldi3.o)
                              hpl/sercom/hpl_sercom.o (__aeabi_lmul)
c:/program files (x86)/atmel/studio/7.0/toolchain/arm/arm-gnu-toolchain/bin/../lib/gcc/arm-none-eabi/6.3.1/thumb/v6-m\libgcc.a(_ffssi2.o)
                              hpl/eic/hpl_eic.o (__ffssi2)
c:/program files (x86)/atmel/studio/7.0/toolchain/arm/arm-gnu-toolchain/bin/../lib/gcc/arm-none-eabi/6.3.1/thumb/v6-m\libgcc.a(_fixunsdfsi.o)
                              hpl/sercom/hpl_sercom.o (__aeabi_d2uiz)
c:/program files (x86)/atmel/studio/7.0/toolchain/arm/arm-gnu-toolchain/bin/../lib/gcc/arm-none-eabi/6.3.1/thumb/v6-m\libgcc.a(_udivmoddi4.o)
                              c:/program files (x86)/atmel/studio/7.0/toolchain/arm/arm-gnu-toolchain/bin/../lib/gcc/arm-none-eabi/6.3.1/thumb/v6-m\libgcc.a(_aeabi_uldivmod.o) (__udivmoddi4)
c:/program files (x86)/atmel/studio/7.0/toolchain/arm/arm-gnu-toolchain/bin/../lib/gcc/arm-none-eabi/6.3.1/thumb/v6-m\libgcc.a(divdf3.o)
                              hpl/sercom/hpl_sercom.o (__aeabi_ddiv)
c:/program files (x86)/atmel/studio/7.0/toolchain/arm/arm-gnu-toolchain/bin/../lib/gcc/arm-none-eabi/6.3.1/thumb/v6-m\libgcc.a(muldf3.o)
                              hpl/sercom/hpl_sercom.o (__aeabi_dmul)
c:/program files (x86)/atmel/studio/7.0/toolchain/arm/arm-gnu-toolchain/bin/../lib/gcc/arm-none-eabi/6.3.1/thumb/v6-m\libgcc.a(subdf3.o)
                              hpl/sercom/hpl_sercom.o (__aeabi_dsub)
c:/program files (x86)/atmel/studio/7.0/toolchain/arm/arm-gnu-toolchain/bin/../lib/gcc/arm-none-eabi/6.3.1/thumb/v6-m\libgcc.a(fixdfsi.o)
                              c:/program files (x86)/atmel/studio/7.0/toolchain/arm/arm-gnu-toolchain/bin/../lib/gcc/arm-none-eabi/6.3.1/thumb/v6-m\libgcc.a(_fixunsdfsi.o) (__aeabi_d2iz)
c:/program files (x86)/atmel/studio/7.0/toolchain/arm/arm-gnu-toolchain/bin/../lib/gcc/arm-none-eabi/6.3.1/thumb/v6-m\libgcc.a(floatsidf.o)
                              hpl/sercom/hpl_sercom.o (__aeabi_i2d)
c:/program files (x86)/atmel/studio/7.0/toolchain/arm/arm-gnu-toolchain/bin/../lib/gcc/arm-none-eabi/6.3.1/thumb/v6-m\libgcc.a(floatunsidf.o)
                              hpl/sercom/hpl_sercom.o (__aeabi_ui2d)
c:/program files (x86)/atmel/studio/7.0/toolchain/arm/arm-gnu-toolchain/bin/../lib/gcc/arm-none-eabi/6.3.1/thumb/v6-m\libgcc.a(_arm_cmpdf2.o)
                              c:/program files (x86)/atmel/studio/7.0/toolchain/arm/arm-gnu-toolchain/bin/../lib/gcc/arm-none-eabi/6.3.1/thumb/v6-m\libgcc.a(_fixunsdfsi.o) (__aeabi_dcmpge)
c:/program files (x86)/atmel/studio/7.0/toolchain/arm/arm-gnu-toolchain/bin/../lib/gcc/arm-none-eabi/6.3.1/thumb/v6-m\libgcc.a(_clzsi2.o)
                              c:/program files (x86)/atmel/studio/7.0/toolchain/arm/arm-gnu-toolchain/bin/../lib/gcc/arm-none-eabi/6.3.1/thumb/v6-m\libgcc.a(divdf3.o) (__clzsi2)
c:/program files (x86)/atmel/studio/7.0/toolchain/arm/arm-gnu-toolchain/bin/../lib/gcc/arm-none-eabi/6.3.1/thumb/v6-m\libgcc.a(_clzdi2.o)
[...]
Memory Configuration

Name             Origin             Length             Attributes
rom              0x00000000         0x00040000         xr
ram              0x20000000         0x00008000         xrw
*default*        0x00000000         0xffffffff

Linker script and memory map

LOAD c:/program files (x86)/atmel/studio/7.0/toolchain/arm/arm-gnu-toolchain/bin/../lib/gcc/arm-none-eabi/6.3.1/thumb/v6-m/crti.o
LOAD c:/program files (x86)/atmel/studio/7.0/toolchain/arm/arm-gnu-toolchain/bin/../lib/gcc/arm-none-eabi/6.3.1/thumb/v6-m/crtbegin.o
LOAD c:/program files (x86)/atmel/studio/7.0/toolchain/arm/arm-gnu-toolchain/bin/../lib/gcc/arm-none-eabi/6.3.1/../../../../arm-none-eabi/lib/thumb/v6-m/crt0.o
LOAD atmel_start.o
LOAD Device_Startup/startup_samd21.o
LOAD Device_Startup/system_samd21.o
LOAD driver_init.o
LOAD examples/driver_examples.o
LOAD global.o
LOAD hal/src/hal_adc_async.o
LOAD hal/src/hal_atomic.o
LOAD hal/src/hal_dac_async.o
LOAD hal/src/hal_delay.o
LOAD hal/src/hal_ext_irq.o
LOAD hal/src/hal_flash.o
LOAD hal/src/hal_gpio.o
LOAD hal/src/hal_i2c_m_sync.o
LOAD hal/src/hal_init.o
LOAD hal/src/hal_io.o
LOAD hal/src/hal_sleep.o
LOAD hal/src/hal_spi_m_sync.o
LOAD hal/src/hal_timer.o
LOAD hal/src/hal_usart_async.o
LOAD hal/src/hal_usart_sync.o
LOAD hal/src/hal_usb_device.o
LOAD hal/utils/src/utils_assert.o
LOAD hal/utils/src/utils_event.o
LOAD hal/utils/src/utils_list.o
LOAD hal/utils/src/utils_ringbuffer.o
LOAD hal/utils/src/utils_syscalls.o
LOAD hpl/adc/hpl_adc.o
LOAD hpl/core/hpl_core_m0plus_base.o
LOAD hpl/core/hpl_init.o
LOAD hpl/dac/hpl_dac.o
LOAD hpl/dmac/hpl_dmac.o
LOAD hpl/eic/hpl_eic.o
LOAD hpl/gclk/hpl_gclk.o
LOAD hpl/nvmctrl/hpl_nvmctrl.o
LOAD hpl/pm/hpl_pm.o
LOAD hpl/rtc/hpl_rtc.o
LOAD hpl/sercom/hpl_sercom.o
LOAD hpl/sysctrl/hpl_sysctrl.o
LOAD hpl/usb/hpl_usb.o
LOAD main.o
LOAD persistent_storage/nv_internal_flash_ultra.o
LOAD persistent_storage/nv_storage.o
LOAD persistent_storage_start.o
LOAD stdio_redirect/gcc/read.o
LOAD stdio_redirect/gcc/write.o
LOAD stdio_redirect/stdio_io.o
LOAD stdio_start.o
LOAD uart.o
LOAD usb/class/cdc/device/cdcdf_acm.o
LOAD usb/class/hid/device/hiddf_generic.o
LOAD usb/class/hid/device/hiddf_keyboard.o
LOAD usb/class/hid/device/hiddf_mouse.o
LOAD usb/class/msc/device/mscdf.o
LOAD usb/device/usbdc.o
LOAD usb/usb_protocol.o
LOAD usb_start.o
START GROUP
LOAD c:/program files (x86)/atmel/studio/7.0/toolchain/arm/arm-gnu-toolchain/bin/../lib/gcc/arm-none-eabi/6.3.1/../../../../arm-none-eabi/lib/thumb/v6-m\libm.a
END GROUP
START GROUP
LOAD c:/program files (x86)/atmel/studio/7.0/toolchain/arm/arm-gnu-toolchain/bin/../lib/gcc/arm-none-eabi/6.3.1/thumb/v6-m\libgcc.a
LOAD c:/program files (x86)/atmel/studio/7.0/toolchain/arm/arm-gnu-toolchain/bin/../lib/gcc/arm-none-eabi/6.3.1/../../../../arm-none-eabi/lib/thumb/v6-m\libc_nano.a
END GROUP
START GROUP
LOAD c:/program files (x86)/atmel/studio/7.0/toolchain/arm/arm-gnu-toolchain/bin/../lib/gcc/arm-none-eabi/6.3.1/thumb/v6-m\libgcc.a
LOAD c:/program files (x86)/atmel/studio/7.0/toolchain/arm/arm-gnu-toolchain/bin/../lib/gcc/arm-none-eabi/6.3.1/../../../../arm-none-eabi/lib/thumb/v6-m\libc_nano.a
END GROUP
LOAD c:/program files (x86)/atmel/studio/7.0/toolchain/arm/arm-gnu-toolchain/bin/../lib/gcc/arm-none-eabi/6.3.1/thumb/v6-m/crtend.o
LOAD c:/program files (x86)/atmel/studio/7.0/toolchain/arm/arm-gnu-toolchain/bin/../lib/gcc/arm-none-eabi/6.3.1/thumb/v6-m/crtn.o
                0x00002000                STACK_SIZE = DEFINED (STACK_SIZE)?STACK_SIZE:DEFINED (__stack_size__)?__stack_size__:0x2000

.text           0x00000000     0xc778
                0x00000000                . = ALIGN (0x4)
                0x00000000                _sfixed = .
 *(.vectors .vectors.*)
 .vectors       0x00000000       0xb4 Device_Startup/startup_samd21.o
                0x00000000                exception_table
 *(.text .text.* .gnu.linkonce.t.*)
 .text          0x000000b4       0x60 c:/program files (x86)/atmel/studio/7.0/toolchain/arm/arm-gnu-toolchain/bin/../lib/gcc/arm-none-eabi/6.3.1/thumb/v6-m/crtbegin.o
 .text.atmel_start_init
                0x00000114       0x3c atmel_start.o
                0x00000114                atmel_start_init
 .text.Dummy_Handler
                0x00000150        0x2 Device_Startup/startup_samd21.o
                0x00000150                SVCall_Handler
                0x00000150                DMAC_Handler
                0x00000150                HardFault_Handler
                0x00000150                AC_Handler
                0x00000150                SysTick_Handler
                0x00000150                PendSV_Handler
                0x00000150                TC7_Handler
                0x00000150                NonMaskableInt_Handler
                0x00000150                TCC1_Handler
                0x00000150                SERCOM2_Handler
                0x00000150                TCC0_Handler
                0x00000150                TC6_Handler
                0x00000150                WDT_Handler
                0x00000150                TC4_Handler
                0x00000150                TC3_Handler
                0x00000150                Dummy_Handler
                0x00000150                PM_Handler
                0x00000150                SERCOM5_Handler
                0x00000150                TCC2_Handler
                0x00000150                EVSYS_Handler
                0x00000150                SERCOM3_Handler
                0x00000150                SERCOM4_Handler
                0x00000150                I2S_Handler
                0x00000150                SERCOM0_Handler
                0x00000150                PTC_Handler
                0x00000150                TC5_Handler
                0x00000150                SYSCTRL_Handler
 *fill*         0x00000152        0x2 
 .text.Reset_Handler
                0x00000154       0xbc Device_Startup/startup_samd21.o
                0x00000154                Reset_Handler
 .text._gpio_set_pin_function
                0x00000210       0x70 driver_init.o
 .text.gpio_set_pin_pull_mode
                0x00000280       0x6c driver_init.o
 .text.gpio_set_pin_direction
                0x000002ec       0x84 driver_init.o
 .text.ADC_0_init
                0x00000370       0x84 driver_init.o
                0x00000370                ADC_0_init
 .text.EXTERNAL_IRQ_0_init
                0x000003f4      0x1ac driver_init.o
                0x000003f4                EXTERNAL_IRQ_0_init
 .text.FLASH_0_CLOCK_init
                0x000005a0       0x10 driver_init.o
                0x000005a0                FLASH_0_CLOCK_init
 .text.FLASH_0_init
                0x000005b0       0x20 driver_init.o
                0x000005b0                FLASH_0_init
 .text.SPI_0_PORT_init
                0x000005d0       0x60 driver_init.o
                0x000005d0                SPI_0_PORT_init
 .text.SPI_0_CLOCK_init
                0x00000630       0x20 driver_init.o
                0x00000630                SPI_0_CLOCK_init
 .text.SPI_0_init
                0x00000650       0x28 driver_init.o
                0x00000650                SPI_0_init
 .text.USART_1_CLOCK_init
                0x00000678       0x20 driver_init.o
                0x00000678                USART_1_CLOCK_init
 .text.USART_1_PORT_init
                0x00000698       0x20 driver_init.o
                0x00000698                USART_1_PORT_init
 .text.USART_1_init
                0x000006b8       0x38 driver_init.o
                0x000006b8                USART_1_init
 .text.I2C_0_PORT_init
                0x000006f0       0x38 driver_init.o
                0x000006f0                I2C_0_PORT_init
 .text.I2C_0_CLOCK_init
                0x00000728       0x28 driver_init.o
                0x00000728                I2C_0_CLOCK_init
 .text.I2C_0_init
                0x00000750       0x28 driver_init.o
                0x00000750                I2C_0_init
 .text.USART_0_PORT_init
                0x00000778       0x20 driver_init.o
                0x00000778                USART_0_PORT_init
 .text.USART_0_CLOCK_init
                0x00000798       0x20 driver_init.o
                0x00000798                USART_0_CLOCK_init
 .text.USART_0_init
                0x000007b8       0x2c driver_init.o
                0x000007b8                USART_0_init
 .text.DAC_0_PORT_init
                0x000007e4       0x20 driver_init.o
                0x000007e4                DAC_0_PORT_init
 .text.DAC_0_CLOCK_init
                0x00000804       0x20 driver_init.o
                0x00000804                DAC_0_CLOCK_init
 .text.DAC_0_init
                0x00000824       0x28 driver_init.o
                0x00000824                DAC_0_init
 .text.USB_0_PORT_init
                0x0000084c       0x5c driver_init.o
                0x0000084c                USB_0_PORT_init
 .text.USB_0_CLOCK_init
                0x000008a8       0x28 driver_init.o
                0x000008a8                USB_0_CLOCK_init
 .text.USB_0_init
                0x000008d0       0x1c driver_init.o
                0x000008d0                USB_0_init
 .text.system_init
                0x000008ec      0x2bc driver_init.o
                0x000008ec                system_init
 .text.adc_async_window_threshold_reached
                0x00000ba8        0xc hal/src/hal_adc_async.o
 .text.adc_async_error_occured
                0x00000bb4        0xc hal/src/hal_adc_async.o
 .text.adc_async_channel_conversion_done
                0x00000bc0       0x58 hal/src/hal_adc_async.o
 .text.adc_async_init
                0x00000c18       0x4c hal/src/hal_adc_async.o
                0x00000c18                adc_async_init
 .text.adc_async_register_channel_buffer
                0x00000c64       0x64 hal/src/hal_adc_async.o
                0x00000c64                adc_async_register_channel_buffer
 .text.adc_async_enable_channel
                0x00000cc8       0x10 hal/src/hal_adc_async.o
                0x00000cc8                adc_async_enable_channel
 .text.adc_async_register_callback
                0x00000cd8       0x3c hal/src/hal_adc_async.o
                0x00000cd8                adc_async_register_callback
 .text.adc_async_read_channel
                0x00000d14       0x74 hal/src/hal_adc_async.o
                0x00000d14                adc_async_read_channel
 .text.adc_async_start_conversion
                0x00000d88       0x10 hal/src/hal_adc_async.o
                0x00000d88                adc_async_start_conversion
 .text.atomic_enter_critical
                0x00000d98        0xe hal/src/hal_atomic.o
                0x00000d98                atomic_enter_critical
 .text.atomic_leave_critical
                0x00000da6        0xc hal/src/hal_atomic.o
                0x00000da6                atomic_leave_critical
 .text.dac_tx_error
                0x00000db2        0xe hal/src/hal_dac_async.o
 .text.dac_tx_ready
                0x00000dc0       0x34 hal/src/hal_dac_async.o
 .text.dac_async_init
                0x00000df4       0x28 hal/src/hal_dac_async.o
                0x00000df4                dac_async_init
 .text.dac_async_enable_channel
                0x00000e1c       0x10 hal/src/hal_dac_async.o
                0x00000e1c                dac_async_enable_channel
 .text.dac_async_write
                0x00000e2c       0x40 hal/src/hal_dac_async.o
                0x00000e2c                dac_async_write
 .text.delay_us
                0x00000e6c       0x20 hal/src/hal_delay.o
                0x00000e6c                delay_us
 .text.delay_ms
                0x00000e8c       0x20 hal/src/hal_delay.o
                0x00000e8c                delay_ms
 .text.process_ext_irq
                0x00000eac       0x40 hal/src/hal_ext_irq.o
 .text.ext_irq_init
                0x00000eec       0x2c hal/src/hal_ext_irq.o
                0x00000eec                ext_irq_init
 .text.ext_irq_register
                0x00000f18       0x80 hal/src/hal_ext_irq.o
                0x00000f18                ext_irq_register
 .text.flash_ready
                0x00000f98        0xc hal/src/hal_flash.o
 .text.flash_error
                0x00000fa4        0xc hal/src/hal_flash.o
 .text.flash_init
                0x00000fb0       0x24 hal/src/hal_flash.o
                0x00000fb0                flash_init
 .text.flash_read
                0x00000fd4       0x44 hal/src/hal_flash.o
                0x00000fd4                flash_read
 .text.flash_write
                0x00001018       0x58 hal/src/hal_flash.o
                0x00001018                flash_write
 .text.flash_append
                0x00001070       0x58 hal/src/hal_flash.o
                0x00001070                flash_append
 .text.flash_erase
                0x000010c8       0x60 hal/src/hal_flash.o
                0x000010c8                flash_erase
 .text.flash_get_page_size
                0x00001128        0xc hal/src/hal_flash.o
                0x00001128                flash_get_page_size
 .text.i2c_m_sync_write
                0x00001134       0x2c hal/src/hal_i2c_m_sync.o
 .text.i2c_m_sync_read
                0x00001160       0x2c hal/src/hal_i2c_m_sync.o
 .text.i2c_m_sync_init
                0x0000118c       0x24 hal/src/hal_i2c_m_sync.o
                0x0000118c                i2c_m_sync_init
 .text.io_write
                0x000011b0        0x8 hal/src/hal_io.o
                0x000011b0                io_write
 .text.io_read  0x000011b8        0x8 hal/src/hal_io.o
                0x000011b8                io_read
 .text.spi_m_sync_init
                0x000011c0       0x30 hal/src/hal_spi_m_sync.o
                0x000011c0                spi_m_sync_init
 .text.spi_m_sync_transfer
                0x000011f0       0x20 hal/src/hal_spi_m_sync.o
                0x000011f0                spi_m_sync_transfer
 .text._spi_m_sync_io_write
                0x00001210       0x1c hal/src/hal_spi_m_sync.o
 .text._spi_m_sync_io_read
                0x0000122c       0x1c hal/src/hal_spi_m_sync.o
 .text.timer_add_timer_task
                0x00001248       0x58 hal/src/hal_timer.o
 .text.timer_process_counted
                0x000012a0       0x60 hal/src/hal_timer.o
 .text.timer_init
                0x00001300       0x1c hal/src/hal_timer.o
                0x00001300                timer_init
 .text.timer_start
                0x0000131c       0x24 hal/src/hal_timer.o
                0x0000131c                timer_start
 .text.timer_add_task
                0x00001340       0x78 hal/src/hal_timer.o
                0x00001340                timer_add_task
 .text.usart_transmission_complete
                0x000013b8       0x12 hal/src/hal_usart_async.o
 .text.usart_error
                0x000013ca       0x12 hal/src/hal_usart_async.o
 .text.usart_fill_rx_buffer
                0x000013dc       0x1c hal/src/hal_usart_async.o
 .text.usart_async_write
                0x000013f8       0x34 hal/src/hal_usart_async.o
 .text.usart_process_byte_sent
                0x0000142c       0x3c hal/src/hal_usart_async.o
 .text.usart_async_read
                0x00001468       0x58 hal/src/hal_usart_async.o
 .text.usart_async_init
                0x000014c0       0x64 hal/src/hal_usart_async.o
                0x000014c0                usart_async_init
 .text.usart_async_enable
                0x00001524       0x10 hal/src/hal_usart_async.o
                0x00001524                usart_async_enable
 .text.usart_async_get_io_descriptor
                0x00001534        0x6 hal/src/hal_usart_async.o
                0x00001534                usart_async_get_io_descriptor
 *fill*         0x0000153a        0x2 
 .text.usart_async_register_callback
                0x0000153c       0x48 hal/src/hal_usart_async.o
                0x0000153c                usart_async_register_callback
 .text.usart_async_is_tx_empty
                0x00001584       0x10 hal/src/hal_usart_async.o
                0x00001584                usart_async_is_tx_empty
 .text.usart_sync_write
                0x00001594       0x4c hal/src/hal_usart_sync.o
 .text.usart_sync_read
                0x000015e0       0x34 hal/src/hal_usart_sync.o
 .text.usart_sync_init
                0x00001614       0x24 hal/src/hal_usart_sync.o
                0x00001614                usart_sync_init
 .text.usart_sync_enable
                0x00001638       0x10 hal/src/hal_usart_sync.o
                0x00001638                usart_sync_enable
 .text._usb_d_find_ep
                0x00001648       0x34 hal/src/hal_usb_device.o
 .text.usb_d_dummy_cb_false
                0x0000167c        0x4 hal/src/hal_usb_device.o
 .text.usb_d_cb_trans_more
                0x00001680       0x2c hal/src/hal_usb_device.o
 .text._usb_d_cb_trans_done
                0x000016ac       0xf8 hal/src/hal_usb_device.o
 .text.usb_d_cb_trans_setup
                0x000017a4       0x84 hal/src/hal_usb_device.o
 .text.usb_d_init
                0x00001828       0x6c hal/src/hal_usb_device.o
                0x00001828                usb_d_init
 .text.usb_d_register_callback
                0x00001894        0xc hal/src/hal_usb_device.o
                0x00001894                usb_d_register_callback
 .text.usb_d_enable
                0x000018a0        0xc hal/src/hal_usb_device.o
                0x000018a0                usb_d_enable
 .text.usb_d_attach
                0x000018ac        0xc hal/src/hal_usb_device.o
                0x000018ac                usb_d_attach
 .text.usb_d_set_address
                0x000018b8        0xc hal/src/hal_usb_device.o
                0x000018b8                usb_d_set_address
 .text.usb_d_ep_init
                0x000018c4       0x50 hal/src/hal_usb_device.o
                0x000018c4                usb_d_ep_init
 .text.usb_d_ep0_init
                0x00001914       0x14 hal/src/hal_usb_device.o
                0x00001914                usb_d_ep0_init
 .text.usb_d_ep_deinit
                0x00001928       0x2c hal/src/hal_usb_device.o
                0x00001928                usb_d_ep_deinit
 .text.usb_d_ep_enable
                0x00001954       0x40 hal/src/hal_usb_device.o
                0x00001954                usb_d_ep_enable
 .text.usb_d_ep_transfer
                0x00001994       0xf8 hal/src/hal_usb_device.o
                0x00001994                usb_d_ep_transfer
 .text.usb_d_ep_halt
                0x00001a8c       0x60 hal/src/hal_usb_device.o
                0x00001a8c                usb_d_ep_halt
 .text.usb_d_ep_register_callback
                0x00001aec       0x4c hal/src/hal_usb_device.o
                0x00001aec                usb_d_ep_register_callback
 .text.is_list_element
                0x00001b38       0x10 hal/utils/src/utils_list.o
                0x00001b38                is_list_element
 .text.list_insert_as_head
                0x00001b48        0x8 hal/utils/src/utils_list.o
                0x00001b48                list_insert_as_head
 .text.list_insert_after
                0x00001b50        0x8 hal/utils/src/utils_list.o
                0x00001b50                list_insert_after
 .text.list_insert_at_end
                0x00001b58       0x1a hal/utils/src/utils_list.o
                0x00001b58                list_insert_at_end
 .text.list_remove_head
                0x00001b72        0xe hal/utils/src/utils_list.o
                0x00001b72                list_remove_head
 .text.ringbuffer_init
                0x00001b80       0x18 hal/utils/src/utils_ringbuffer.o
                0x00001b80                ringbuffer_init
 .text.ringbuffer_get
                0x00001b98       0x22 hal/utils/src/utils_ringbuffer.o
                0x00001b98                ringbuffer_get
 .text.ringbuffer_put
                0x00001bba       0x22 hal/utils/src/utils_ringbuffer.o
                0x00001bba                ringbuffer_put
 .text.ringbuffer_num
                0x00001bdc        0x8 hal/utils/src/utils_ringbuffer.o
                0x00001bdc                ringbuffer_num
 .text._sbrk    0x00001be4       0x20 hal/utils/src/utils_syscalls.o
                0x00001be4                _sbrk
 .text._close   0x00001c04        0x6 hal/utils/src/utils_syscalls.o
                0x00001c04                _close
 .text._fstat   0x00001c0a        0xa hal/utils/src/utils_syscalls.o
                0x00001c0a                _fstat
 .text._isatty  0x00001c14        0x4 hal/utils/src/utils_syscalls.o
                0x00001c14                _isatty
 .text._lseek   0x00001c18        0x4 hal/utils/src/utils_syscalls.o
                0x00001c18                _lseek
 .text.hri_adc_wait_for_sync
                0x00001c1c        0x8 hpl/adc/hpl_adc.o
 .text._adc_init
                0x00001c24       0xa4 hpl/adc/hpl_adc.o
 .text._adc_get_regs.isra.1
                0x00001cc8        0x4 hpl/adc/hpl_adc.o
 .text._adc_async_init
                0x00001ccc       0x4c hpl/adc/hpl_adc.o
                0x00001ccc                _adc_async_init
 .text._adc_async_enable_channel
                0x00001d18        0xc hpl/adc/hpl_adc.o
                0x00001d18                _adc_async_enable_channel
 .text._adc_async_get_data_size
                0x00001d24       0x20 hpl/adc/hpl_adc.o
                0x00001d24                _adc_async_get_data_size
 .text._adc_async_convert
                0x00001d44       0x18 hpl/adc/hpl_adc.o
                0x00001d44                _adc_async_convert
 .text._adc_async_set_irq_state
                0x00001d5c       0x20 hpl/adc/hpl_adc.o
                0x00001d5c                _adc_async_set_irq_state
 .text.ADC_Handler
                0x00001d7c       0x54 hpl/adc/hpl_adc.o
                0x00001d7c                ADC_Handler
 .text._get_cycles_for_us
                0x00001dd0       0x1c hpl/core/hpl_core_m0plus_base.o
                0x00001dd0                _get_cycles_for_us
 .text._get_cycles_for_ms
                0x00001dec       0x1c hpl/core/hpl_core_m0plus_base.o
                0x00001dec                _get_cycles_for_ms
 .text._delay_cycles
                0x00001e08        0x6 hpl/core/hpl_core_m0plus_base.o
                0x00001e08                _delay_cycles
 *fill*         0x00001e0e        0x2 
 .text._init_chip
                0x00001e10       0x30 hpl/core/hpl_init.o
                0x00001e10                _init_chip
 .text.hri_dac_wait_for_sync
                0x00001e40        0x8 hpl/dac/hpl_dac.o
 .text._dac_init
                0x00001e48       0x40 hpl/dac/hpl_dac.o
 .text.DAC_Handler
                0x00001e88       0x44 hpl/dac/hpl_dac.o
                0x00001e88                DAC_Handler
 .text._dac_async_init
                0x00001ecc       0x44 hpl/dac/hpl_dac.o
                0x00001ecc                _dac_async_init
 .text._dac_async_enable_channel
                0x00001f10       0x18 hpl/dac/hpl_dac.o
                0x00001f10                _dac_async_enable_channel
 .text._dac_async_is_channel_enable
                0x00001f28       0x18 hpl/dac/hpl_dac.o
                0x00001f28                _dac_async_is_channel_enable
 .text._dac_async_write_data
                0x00001f40       0x10 hpl/dac/hpl_dac.o
                0x00001f40                _dac_async_write_data
 .text.hri_eic_wait_for_sync.constprop.3
                0x00001f50       0x10 hpl/eic/hpl_eic.o
 .text._ext_irq_init
                0x00001f60       0x74 hpl/eic/hpl_eic.o
                0x00001f60                _ext_irq_init
 .text._ext_irq_enable
                0x00001fd4       0x44 hpl/eic/hpl_eic.o
                0x00001fd4                _ext_irq_enable
 .text.EIC_Handler
                0x00002018       0x94 hpl/eic/hpl_eic.o
                0x00002018                EIC_Handler
 .text._gclk_init_generators_by_fref
                0x000020ac       0x54 hpl/gclk/hpl_gclk.o
                0x000020ac                _gclk_init_generators_by_fref
 .text._flash_program.constprop.1
                0x00002100       0x58 hpl/nvmctrl/hpl_nvmctrl.o
 .text._flash_init
                0x00002158       0x34 hpl/nvmctrl/hpl_nvmctrl.o
                0x00002158                _flash_init
 .text._flash_get_page_size
                0x0000218c        0x4 hpl/nvmctrl/hpl_nvmctrl.o
                0x0000218c                _flash_get_page_size
 .text._flash_get_total_pages
                0x00002190        0x6 hpl/nvmctrl/hpl_nvmctrl.o
                0x00002190                _flash_get_total_pages
 .text._flash_read
                0x00002196       0x48 hpl/nvmctrl/hpl_nvmctrl.o
                0x00002196                _flash_read
 *fill*         0x000021de        0x2 
 .text._flash_write
                0x000021e0       0xd8 hpl/nvmctrl/hpl_nvmctrl.o
                0x000021e0                _flash_write
 .text._flash_append
                0x000022b8       0x60 hpl/nvmctrl/hpl_nvmctrl.o
                0x000022b8                _flash_append
 .text._flash_erase
                0x00002318       0xa8 hpl/nvmctrl/hpl_nvmctrl.o
                0x00002318                _flash_erase
 .text._flash_is_locked
                0x000023c0       0x16 hpl/nvmctrl/hpl_nvmctrl.o
                0x000023c0                _flash_is_locked
 *fill*         0x000023d6        0x2 
 .text.NVMCTRL_Handler
                0x000023d8       0x30 hpl/nvmctrl/hpl_nvmctrl.o
                0x000023d8                NVMCTRL_Handler
 .text._pm_init
                0x00002408       0x20 hpl/pm/hpl_pm.o
                0x00002408                _pm_init
 .text.hri_rtc_wait_for_sync
                0x00002428        0x8 hpl/rtc/hpl_rtc.o
 .text._timer_init
                0x00002430       0x3c hpl/rtc/hpl_rtc.o
                0x00002430                _timer_init
 .text._timer_start
                0x0000246c       0x30 hpl/rtc/hpl_rtc.o
                0x0000246c                _timer_start
 .text._timer_is_started
                0x0000249c       0x18 hpl/rtc/hpl_rtc.o
                0x0000249c                _timer_is_started
 .text._timer_set_irq
                0x000024b4        0x2 hpl/rtc/hpl_rtc.o
                0x000024b4                _timer_set_irq
 .text._rtc_get_timer
                0x000024b6        0x4 hpl/rtc/hpl_rtc.o
                0x000024b6                _rtc_get_timer
 *fill*         0x000024ba        0x2 
 .text.RTC_Handler
                0x000024bc       0x24 hpl/rtc/hpl_rtc.o
                0x000024bc                RTC_Handler
 .text.__NVIC_EnableIRQ
                0x000024e0       0x18 hpl/sercom/hpl_sercom.o
 .text.__NVIC_DisableIRQ
                0x000024f8       0x20 hpl/sercom/hpl_sercom.o
 .text.__NVIC_ClearPendingIRQ
                0x00002518       0x1c hpl/sercom/hpl_sercom.o
 .text.hri_sercomi2cm_wait_for_sync
                0x00002534        0x8 hpl/sercom/hpl_sercom.o
 .text.hri_sercomspi_wait_for_sync
                0x0000253c        0x8 hpl/sercom/hpl_sercom.o
 .text.hri_sercomusart_wait_for_sync
                0x00002544        0x8 hpl/sercom/hpl_sercom.o
 .text.hri_sercomi2cm_clear_CTRLA_ENABLE_bit
                0x0000254c       0x18 hpl/sercom/hpl_sercom.o
 .text.hri_sercomusart_clear_CTRLA_ENABLE_bit
                0x00002564       0x18 hpl/sercom/hpl_sercom.o
 .text._get_i2cm_index
                0x0000257c       0x18 hpl/sercom/hpl_sercom.o
 .text._sercom_i2c_send_stop
                0x00002594       0x18 hpl/sercom/hpl_sercom.o
 .text._sercom_i2c_sync_analyse_flags
                0x000025ac      0x188 hpl/sercom/hpl_sercom.o
 .text._i2c_m_sync_init_impl
                0x00002734       0xb4 hpl/sercom/hpl_sercom.o
 .text._usart_init
                0x000027e8       0xd4 hpl/sercom/hpl_sercom.o
 .text._usart_sync_init
                0x000028bc       0x10 hpl/sercom/hpl_sercom.o
                0x000028bc                _usart_sync_init
 .text._usart_async_init
                0x000028cc       0x58 hpl/sercom/hpl_sercom.o
                0x000028cc                _usart_async_init
 .text._usart_sync_enable
                0x00002924       0x18 hpl/sercom/hpl_sercom.o
                0x00002924                _usart_sync_enable
 .text._usart_async_enable
                0x0000293c       0x18 hpl/sercom/hpl_sercom.o
                0x0000293c                _usart_async_enable
 .text._usart_sync_write_byte
                0x00002954        0x8 hpl/sercom/hpl_sercom.o
                0x00002954                _usart_sync_write_byte
 .text._usart_async_write_byte
                0x0000295c        0x8 hpl/sercom/hpl_sercom.o
                0x0000295c                _usart_async_write_byte
 .text._usart_sync_read_byte
                0x00002964        0x8 hpl/sercom/hpl_sercom.o
                0x00002964                _usart_sync_read_byte
 .text._usart_sync_is_ready_to_send
                0x0000296c        0xa hpl/sercom/hpl_sercom.o
                0x0000296c                _usart_sync_is_ready_to_send
 .text._usart_sync_is_transmit_done
                0x00002976        0xa hpl/sercom/hpl_sercom.o
                0x00002976                _usart_sync_is_transmit_done
 .text._usart_async_is_byte_sent
                0x00002980        0xa hpl/sercom/hpl_sercom.o
                0x00002980                _usart_async_is_byte_sent
 .text._usart_sync_is_byte_received
                0x0000298a        0xa hpl/sercom/hpl_sercom.o
                0x0000298a                _usart_sync_is_byte_received
 .text._usart_async_enable_byte_sent_irq
                0x00002994        0x8 hpl/sercom/hpl_sercom.o
                0x00002994                _usart_async_enable_byte_sent_irq
 .text._usart_async_enable_tx_done_irq
                0x0000299c        0x8 hpl/sercom/hpl_sercom.o
                0x0000299c                _usart_async_enable_tx_done_irq
 .text._usart_async_set_irq_state
                0x000029a4       0x3c hpl/sercom/hpl_sercom.o
                0x000029a4                _usart_async_set_irq_state
 .text._i2c_m_sync_init
                0x000029e0       0x10 hpl/sercom/hpl_sercom.o
                0x000029e0                _i2c_m_sync_init
 .text._i2c_m_sync_transfer
                0x000029f0      0x154 hpl/sercom/hpl_sercom.o
                0x000029f0                _i2c_m_sync_transfer
 .text.SERCOM1_Handler
                0x00002b44       0x6c hpl/sercom/hpl_sercom.o
                0x00002b44                SERCOM1_Handler
 .text._spi_m_sync_init
                0x00002bb0       0x8c hpl/sercom/hpl_sercom.o
                0x00002bb0                _spi_m_sync_init
 .text._spi_m_sync_trans
                0x00002c3c       0xc0 hpl/sercom/hpl_sercom.o
                0x00002c3c                _spi_m_sync_trans
 .text._sysctrl_init_sources
                0x00002cfc       0x40 hpl/sysctrl/hpl_sysctrl.o
                0x00002cfc                _sysctrl_init_sources
 .text._sysctrl_init_referenced_generators
                0x00002d3c       0x70 hpl/sysctrl/hpl_sysctrl.o
                0x00002d3c                _sysctrl_init_referenced_generators
 .text._dummy_func_no_return
                0x00002dac        0x4 hpl/usb/hpl_usb.o
 .text._usb_d_dev_wait_dfll_rdy
                0x00002db0       0x24 hpl/usb/hpl_usb.o
 .text._usb_d_dev_ept
                0x00002dd4       0x1c hpl/usb/hpl_usb.o
 .text._usb_d_dev_handle_setup
                0x00002df0       0x7c hpl/usb/hpl_usb.o
 .text._usb_d_dev_handle_stall
                0x00002e6c       0x2c hpl/usb/hpl_usb.o
 .text._usb_d_dev_trans_done
                0x00002e98       0x24 hpl/usb/hpl_usb.o
 .text._usb_d_dev_trans_stop
                0x00002ebc       0x60 hpl/usb/hpl_usb.o
 .text._usb_d_dev_handle_trfail
                0x00002f1c       0xe4 hpl/usb/hpl_usb.o
 .text._usb_d_dev_reset_epts
                0x00003000       0x40 hpl/usb/hpl_usb.o
 .text._usb_d_dev_in_next
                0x00003040      0x170 hpl/usb/hpl_usb.o
 .text._usb_d_dev_out_next
                0x000031b0      0x1d4 hpl/usb/hpl_usb.o
 .text._usbd_ep_pcksize_size
                0x00003384       0x38 hpl/usb/hpl_usb.o
 .text._usb_d_dev_init
                0x000033bc       0xc4 hpl/usb/hpl_usb.o
                0x000033bc                _usb_d_dev_init
 .text._usb_d_dev_enable
                0x00003480       0x48 hpl/usb/hpl_usb.o
                0x00003480                _usb_d_dev_enable
 .text._usb_d_dev_attach
                0x000034c8       0x10 hpl/usb/hpl_usb.o
                0x000034c8                _usb_d_dev_attach
 .text._usb_d_dev_set_address
                0x000034d8       0x10 hpl/usb/hpl_usb.o
                0x000034d8                _usb_d_dev_set_address
 .text._usb_d_dev_ep_init
                0x000034e8       0xc8 hpl/usb/hpl_usb.o
                0x000034e8                _usb_d_dev_ep_init
 .text._usb_d_dev_ep_deinit
                0x000035b0       0x7c hpl/usb/hpl_usb.o
                0x000035b0                _usb_d_dev_ep_deinit
 .text._usb_d_dev_ep_enable
                0x0000362c      0x13c hpl/usb/hpl_usb.o
                0x0000362c                _usb_d_dev_ep_enable
 .text._usb_d_dev_ep_stall
                0x00003768       0xd0 hpl/usb/hpl_usb.o
                0x00003768                _usb_d_dev_ep_stall
 .text._usb_d_dev_ep_read_req
                0x00003838       0x58 hpl/usb/hpl_usb.o
                0x00003838                _usb_d_dev_ep_read_req
 .text._usb_d_dev_ep_trans
                0x00003890      0x118 hpl/usb/hpl_usb.o
                0x00003890                _usb_d_dev_ep_trans
 .text._usb_d_dev_register_callback
                0x000039a8       0x24 hpl/usb/hpl_usb.o
                0x000039a8                _usb_d_dev_register_callback
 .text._usb_d_dev_register_ep_callback
                0x000039cc       0x2c hpl/usb/hpl_usb.o
                0x000039cc                _usb_d_dev_register_ep_callback
 .text.USB_Handler
                0x000039f8      0x1cc hpl/usb/hpl_usb.o
                0x000039f8                USB_Handler
 .text.set_prev_curr_form
                0x00003bc4       0x10 main.o
 .text.convert_cb_ADC_0
                0x00003bd4       0x20 main.o
 .text.TIMER_task1_cb
                0x00003bf4      0x1f8 main.o
 .text.sync_trigger
                0x00003dec       0x80 main.o
 .text.button   0x00003e6c       0x2c main.o
 .text.TIMER_task2_cb
                0x00003e98       0x24 main.o
 .text.write_flash
                0x00003ebc      0x128 main.o
                0x00003ebc                write_flash
 .text.read_flash
                0x00003fe4      0x210 main.o
                0x00003fe4                read_flash
 .text.resync   0x000041f4       0x14 main.o
                0x000041f4                resync
 .text.io_write_clear_ack
                0x00004208       0xa0 main.o
                0x00004208                io_write_clear_ack
 .text.getCRC   0x000042a8       0x14 main.o
                0x000042a8                getCRC
 .text.print_no
                0x000042bc       0x90 main.o
 .text.switch_to_form
                0x0000434c      0x35c main.o
 .text.print_slices
                0x000046a8       0x74 main.o
 .text.print_volumes
                0x0000471c       0x74 main.o
 .text.ADC_init
                0x00004790       0x2c main.o
                0x00004790                ADC_init
 .text.ps_error
                0x000047bc       0x84 main.o
                0x000047bc                ps_error
 .text.usb_error
                0x00004840       0x64 main.o
                0x00004840                usb_error
 .text.start_simulation
                0x000048a4       0x88 main.o
                0x000048a4                start_simulation
 .text.stop_simulation
                0x0000492c       0x54 main.o
                0x0000492c                stop_simulation
 .text.start_man_trig
                0x00004980       0x68 main.o
                0x00004980                start_man_trig
 .text.stop_man_trig
                0x000049e8       0x54 main.o
                0x000049e8                stop_man_trig
 .text.start_session
                0x00004a3c       0xec main.o
                0x00004a3c                start_session
 .text.stop_session
                0x00004b28       0x60 main.o
                0x00004b28                stop_session
 .text.TIMER_init
                0x00004b88       0x54 main.o
                0x00004b88                TIMER_init
 .text.startup.main
                0x00004bdc      0xb84 main.o
                0x00004bdc                main
 .text.nv_init  0x00005760        0xc persistent_storage/nv_internal_flash_ultra.o
                0x00005760                nv_init
 .text.nv_write
                0x0000576c       0x1c persistent_storage/nv_internal_flash_ultra.o
                0x0000576c                nv_write
 .text.nv_read  0x00005788       0x1c persistent_storage/nv_internal_flash_ultra.o
                0x00005788                nv_read
 .text.nv_erase_sector
                0x000057a4       0x38 persistent_storage/nv_internal_flash_ultra.o
                0x000057a4                nv_erase_sector
 .text.nv_is_equal
                0x000057dc       0x64 persistent_storage/nv_internal_flash_ultra.o
                0x000057dc                nv_is_equal
 .text.nv_is_empty
                0x00005840       0x68 persistent_storage/nv_internal_flash_ultra.o
                0x00005840                nv_is_empty
 .text.nv_align_next_access_address
                0x000058a8        0xe persistent_storage/nv_internal_flash_ultra.o
                0x000058a8                nv_align_next_access_address
 *fill*         0x000058b6        0x2 
 .text.find_item
                0x000058b8       0x30 persistent_storage/nv_storage.o
 .text.calculate_block_header_checksum
                0x000058e8       0x30 persistent_storage/nv_storage.o
 .text.write_and_verify
                0x00005918       0x24 persistent_storage/nv_storage.o
 .text.create_sector
                0x0000593c       0xb4 persistent_storage/nv_storage.o
 .text.nv_storage_init
                0x000059f0      0x16c persistent_storage/nv_storage.o
                0x000059f0                nv_storage_init
 .text.persistent_storage_init
                0x00005b5c       0x1c persistent_storage_start.o
                0x00005b5c                persistent_storage_init
 .text._read    0x00005b78       0x20 stdio_redirect/gcc/read.o
                0x00005b78                _read
 .text._write   0x00005b98       0x20 stdio_redirect/gcc/write.o
                0x00005b98                _write
 .text.stdio_io_init
                0x00005bb8       0x2c stdio_redirect/stdio_io.o
                0x00005bb8                stdio_io_init
 .text.stdio_io_read
                0x00005be4       0x20 stdio_redirect/stdio_io.o
                0x00005be4                stdio_io_read
 .text.stdio_io_write
                0x00005c04       0x20 stdio_redirect/stdio_io.o
                0x00005c04                stdio_io_write
 .text.stdio_redirect_init
                0x00005c24       0x20 stdio_start.o
                0x00005c24                stdio_redirect_init
 .text.serial_rx_callback
                0x00005c44       0xb0 uart.o
                0x00005c44                serial_rx_callback
 .text.send_uart
                0x00005cf4       0x7c uart.o
                0x00005cf4                send_uart
 .text.serial_tx_callback
                0x00005d70       0x20 uart.o
                0x00005d70                serial_tx_callback
 .text.uart_init
                0x00005d90       0x60 uart.o
                0x00005d90                uart_init
 .text.cdcdf_acm_req
                0x00005df0       0xdc usb/class/cdc/device/cdcdf_acm.o
 .text.cdcdf_acm_ctrl
                0x00005ecc      0x124 usb/class/cdc/device/cdcdf_acm.o
 .text.cdcdf_acm_init
                0x00005ff0       0x44 usb/class/cdc/device/cdcdf_acm.o
                0x00005ff0                cdcdf_acm_init
 .text.hid_keyboard_req
                0x00006034       0x88 usb/class/hid/device/hiddf_keyboard.o
 .text.hid_keyboard_ctrl
                0x000060bc      0x100 usb/class/hid/device/hiddf_keyboard.o
 .text.hiddf_keyboard_init
                0x000061bc       0x44 usb/class/hid/device/hiddf_keyboard.o
                0x000061bc                hiddf_keyboard_init
 .text.hiddf_keyboard_keys_state_change
                0x00006200       0x98 usb/class/hid/device/hiddf_keyboard.o
                0x00006200                hiddf_keyboard_keys_state_change
 .text.hid_mouse_req
                0x00006298       0x88 usb/class/hid/device/hiddf_mouse.o
 .text.hid_mouse_ctrl
                0x00006320       0xe0 usb/class/hid/device/hiddf_mouse.o
 .text.hiddf_mouse_init
                0x00006400       0x44 usb/class/hid/device/hiddf_mouse.o
                0x00006400                hiddf_mouse_init
 .text.usbdc_unconfig
                0x00006444       0x20 usb/device/usbdc.o
 .text.usbdc_change_notify
                0x00006464       0x24 usb/device/usbdc.o
 .text.usbdc_request_handler
                0x00006488       0x3c usb/device/usbdc.o
 .text.usbd_sof_cb
                0x000064c4       0x1c usb/device/usbdc.o
 .text.usbdc_cb_ctl_done
                0x000064e0       0x70 usb/device/usbdc.o
 .text.usbdc_reset
                0x00006550       0x58 usb/device/usbdc.o
                0x00006550                usbdc_reset
 .text.usbd_event_cb
                0x000065a8       0x20 usb/device/usbdc.o
 .text.usbdc_xfer
                0x000065c8       0x1c usb/device/usbdc.o
                0x000065c8                usbdc_xfer
 .text.usbdc_cb_ctl_req
                0x000065e4      0x31c usb/device/usbdc.o
 .text.usbdc_register_handler
                0x00006900       0x30 usb/device/usbdc.o
                0x00006900                usbdc_register_handler
 .text.usbdc_init
                0x00006930       0x44 usb/device/usbdc.o
                0x00006930                usbdc_init
 .text.usbdc_register_function
                0x00006974       0x18 usb/device/usbdc.o
                0x00006974                usbdc_register_function
 .text.usbdc_start
                0x0000698c       0x34 usb/device/usbdc.o
                0x0000698c                usbdc_start
 .text.usbdc_attach
                0x000069c0        0xc usb/device/usbdc.o
                0x000069c0                usbdc_attach
 .text.usbdc_get_ctrl_buffer
                0x000069cc        0xc usb/device/usbdc.o
                0x000069cc                usbdc_get_ctrl_buffer
 .text.usbdc_get_state
                0x000069d8       0x14 usb/device/usbdc.o
                0x000069d8                usbdc_get_state
 .text.usb_find_desc
                0x000069ec       0x1a usb/usb_protocol.o
                0x000069ec                usb_find_desc
 .text.usb_find_ep_desc
                0x00006a06       0x1c usb/usb_protocol.o
                0x00006a06                usb_find_ep_desc
 *fill*         0x00006a22        0x2 
 .text.usb_find_cfg_desc
                0x00006a24       0x3c usb/usb_protocol.o
                0x00006a24                usb_find_cfg_desc
 .text.usb_find_str_desc
                0x00006a60       0x30 usb/usb_protocol.o
                0x00006a60                usb_find_str_desc
 .text.gpio_get_pin_level
                0x00006a90       0x44 usb_start.o
 .text.hiddf_sof_event
                0x00006ad4      0x244 usb_start.o
 .text.hiddf_init
                0x00006d18       0x18 usb_start.o
                0x00006d18                hiddf_init
 .text.composite_device_init
                0x00006d30       0x68 usb_start.o
                0x00006d30                composite_device_init
 .text.composite_device_start
                0x00006d98       0x34 usb_start.o
                0x00006d98                composite_device_start
 .text.usb_init
                0x00006dcc       0x1c usb_start.o
                0x00006dcc                usb_init
 .text          0x00006de8       0x14 c:/program files (x86)/atmel/studio/7.0/toolchain/arm/arm-gnu-toolchain/bin/../lib/gcc/arm-none-eabi/6.3.1/thumb/v6-m\libgcc.a(_thumb1_case_sqi.o)
                0x00006de8                __gnu_thumb1_case_sqi
 .text          0x00006dfc       0x14 c:/program files (x86)/atmel/studio/7.0/toolchain/arm/arm-gnu-toolchain/bin/../lib/gcc/arm-none-eabi/6.3.1/thumb/v6-m\libgcc.a(_thumb1_case_uqi.o)
                0x00006dfc                __gnu_thumb1_case_uqi
 .text          0x00006e10       0x14 c:/program files (x86)/atmel/studio/7.0/toolchain/arm/arm-gnu-toolchain/bin/../lib/gcc/arm-none-eabi/6.3.1/thumb/v6-m\libgcc.a(_thumb1_case_shi.o)
                0x00006e10                __gnu_thumb1_case_shi
 .text          0x00006e24       0x14 c:/program files (x86)/atmel/studio/7.0/toolchain/arm/arm-gnu-toolchain/bin/../lib/gcc/arm-none-eabi/6.3.1/thumb/v6-m\libgcc.a(_thumb1_case_uhi.o)
                0x00006e24                __gnu_thumb1_case_uhi
 .text          0x00006e38      0x114 c:/program files (x86)/atmel/studio/7.0/toolchain/arm/arm-gnu-toolchain/bin/../lib/gcc/arm-none-eabi/6.3.1/thumb/v6-m\libgcc.a(_udivsi3.o)
                0x00006e38                __aeabi_uidiv
                0x00006e38                __udivsi3
                0x00006f44                __aeabi_uidivmod
 .text          0x00006f4c      0x1d4 c:/program files (x86)/atmel/studio/7.0/toolchain/arm/arm-gnu-toolchain/bin/../lib/gcc/arm-none-eabi/6.3.1/thumb/v6-m\libgcc.a(_divsi3.o)
                0x00006f4c                __divsi3
                0x00006f4c                __aeabi_idiv
                0x00007118                __aeabi_idivmod
 .text          0x00007120        0x4 c:/program files (x86)/atmel/studio/7.0/toolchain/arm/arm-gnu-toolchain/bin/../lib/gcc/arm-none-eabi/6.3.1/thumb/v6-m\libgcc.a(_dvmd_tls.o)
                0x00007120                __aeabi_idiv0
                0x00007120                __aeabi_ldiv0
 .text          0x00007124       0x14 c:/program files (x86)/atmel/studio/7.0/toolchain/arm/arm-gnu-toolchain/bin/../lib/gcc/arm-none-eabi/6.3.1/thumb/v6-m\libgcc.a(_ffssi2.o)
                0x00007124                __ffssi2
 .text          0x00007138       0x40 c:/program files (x86)/atmel/studio/7.0/toolchain/arm/arm-gnu-toolchain/bin/../lib/gcc/arm-none-eabi/6.3.1/thumb/v6-m\libgcc.a(_ctzsi2.o)
                0x00007138                __ctzsi2
 .text.__libc_init_array
                0x00007178       0x48 c:/program files (x86)/atmel/studio/7.0/toolchain/arm/arm-gnu-toolchain/bin/../lib/gcc/arm-none-eabi/6.3.1/../../../../arm-none-eabi/lib/thumb/v6-m\libc_nano.a(lib_a-init.o)
                0x00007178                __libc_init_array
 .text.memcmp   0x000071c0       0x1e c:/program files (x86)/atmel/studio/7.0/toolchain/arm/arm-gnu-toolchain/bin/../lib/gcc/arm-none-eabi/6.3.1/../../../../arm-none-eabi/lib/thumb/v6-m\libc_nano.a(lib_a-memcmp.o)
                0x000071c0                memcmp
 .text.memcpy   0x000071de       0x12 c:/program files (x86)/atmel/studio/7.0/toolchain/arm/arm-gnu-toolchain/bin/../lib/gcc/arm-none-eabi/6.3.1/../../../../arm-none-eabi/lib/thumb/v6-m\libc_nano.a(lib_a-memcpy-stub.o)
                0x000071de                memcpy
 .text.memset   0x000071f0       0x10 c:/program files (x86)/atmel/studio/7.0/toolchain/arm/arm-gnu-toolchain/bin/../lib/gcc/arm-none-eabi/6.3.1/../../../../arm-none-eabi/lib/thumb/v6-m\libc_nano.a(lib_a-memset.o)
                0x000071f0                memset
 .text.printf   0x00007200       0x34 c:/program files (x86)/atmel/studio/7.0/toolchain/arm/arm-gnu-toolchain/bin/../lib/gcc/arm-none-eabi/6.3.1/../../../../arm-none-eabi/lib/thumb/v6-m\libc_nano.a(lib_a-printf.o)
                0x00007200                iprintf
                0x00007200                printf
 .text.setbuf   0x00007234       0x12 c:/program files (x86)/atmel/studio/7.0/toolchain/arm/arm-gnu-toolchain/bin/../lib/gcc/arm-none-eabi/6.3.1/../../../../arm-none-eabi/lib/thumb/v6-m\libc_nano.a(lib_a-setbuf.o)
                0x00007234                setbuf
 *fill*         0x00007246        0x2 
 .text.setvbuf  0x00007248      0x158 c:/program files (x86)/atmel/studio/7.0/toolchain/arm/arm-gnu-toolchain/bin/../lib/gcc/arm-none-eabi/6.3.1/../../../../arm-none-eabi/lib/thumb/v6-m\libc_nano.a(lib_a-setvbuf.o)
                0x00007248                setvbuf
 .text.snprintf
                0x000073a0       0x64 c:/program files (x86)/atmel/studio/7.0/toolchain/arm/arm-gnu-toolchain/bin/../lib/gcc/arm-none-eabi/6.3.1/../../../../arm-none-eabi/lib/thumb/v6-m\libc_nano.a(lib_a-snprintf.o)
                0x000073a0                sniprintf
                0x000073a0                snprintf
 .text          0x00007404        0xe c:/program files (x86)/atmel/studio/7.0/toolchain/arm/arm-gnu-toolchain/bin/../lib/gcc/arm-none-eabi/6.3.1/../../../../arm-none-eabi/lib/thumb/v6-m\libc_nano.a(lib_a-strlen.o)
                0x00007404                strlen
 *fill*         0x00007412        0x2 
 .text.__swbuf_r
                0x00007414       0xac c:/program files (x86)/atmel/studio/7.0/toolchain/arm/arm-gnu-toolchain/bin/../lib/gcc/arm-none-eabi/6.3.1/../../../../arm-none-eabi/lib/thumb/v6-m\libc_nano.a(lib_a-wbuf.o)
                0x00007414                __swbuf_r
 .text.__swsetup_r
                0x000074c0       0xec c:/program files (x86)/atmel/studio/7.0/toolchain/arm/arm-gnu-toolchain/bin/../lib/gcc/arm-none-eabi/6.3.1/../../../../arm-none-eabi/lib/thumb/v6-m\libc_nano.a(lib_a-wsetup.o)
                0x000074c0                __swsetup_r
 .text.__sflush_r
                0x000075ac      0x114 c:/program files (x86)/atmel/studio/7.0/toolchain/arm/arm-gnu-toolchain/bin/../lib/gcc/arm-none-eabi/6.3.1/../../../../arm-none-eabi/lib/thumb/v6-m\libc_nano.a(lib_a-fflush.o)
                0x000075ac                __sflush_r
 .text._fflush_r
                0x000076c0       0x58 c:/program files (x86)/atmel/studio/7.0/toolchain/arm/arm-gnu-toolchain/bin/../lib/gcc/arm-none-eabi/6.3.1/../../../../arm-none-eabi/lib/thumb/v6-m\libc_nano.a(lib_a-fflush.o)
                0x000076c0                _fflush_r
 .text._cleanup_r
                0x00007718       0x10 c:/program files (x86)/atmel/studio/7.0/toolchain/arm/arm-gnu-toolchain/bin/../lib/gcc/arm-none-eabi/6.3.1/../../../../arm-none-eabi/lib/thumb/v6-m\libc_nano.a(lib_a-findfp.o)
                0x00007718                _cleanup_r
 .text.std.isra.0
                0x00007728       0x48 c:/program files (x86)/atmel/studio/7.0/toolchain/arm/arm-gnu-toolchain/bin/../lib/gcc/arm-none-eabi/6.3.1/../../../../arm-none-eabi/lib/thumb/v6-m\libc_nano.a(lib_a-findfp.o)
 .text.__sfmoreglue
                0x00007770       0x2c c:/program files (x86)/atmel/studio/7.0/toolchain/arm/arm-gnu-toolchain/bin/../lib/gcc/arm-none-eabi/6.3.1/../../../../arm-none-eabi/lib/thumb/v6-m\libc_nano.a(lib_a-findfp.o)
                0x00007770                __sfmoreglue
 .text.__sinit  0x0000779c       0x68 c:/program files (x86)/atmel/studio/7.0/toolchain/arm/arm-gnu-toolchain/bin/../lib/gcc/arm-none-eabi/6.3.1/../../../../arm-none-eabi/lib/thumb/v6-m\libc_nano.a(lib_a-findfp.o)
                0x0000779c                __sinit
 .text.__sfp    0x00007804       0x80 c:/program files (x86)/atmel/studio/7.0/toolchain/arm/arm-gnu-toolchain/bin/../lib/gcc/arm-none-eabi/6.3.1/../../../../arm-none-eabi/lib/thumb/v6-m\libc_nano.a(lib_a-findfp.o)
                0x00007804                __sfp
 .text._fwalk_reent
                0x00007884       0x42 c:/program files (x86)/atmel/studio/7.0/toolchain/arm/arm-gnu-toolchain/bin/../lib/gcc/arm-none-eabi/6.3.1/../../../../arm-none-eabi/lib/thumb/v6-m\libc_nano.a(lib_a-fwalk.o)
                0x00007884                _fwalk_reent
 *fill*         0x000078c6        0x2 
 .text.__swhatbuf_r
                0x000078c8       0x50 c:/program files (x86)/atmel/studio/7.0/toolchain/arm/arm-gnu-toolchain/bin/../lib/gcc/arm-none-eabi/6.3.1/../../../../arm-none-eabi/lib/thumb/v6-m\libc_nano.a(lib_a-makebuf.o)
                0x000078c8                __swhatbuf_r
 .text.__smakebuf_r
                0x00007918       0x88 c:/program files (x86)/atmel/studio/7.0/toolchain/arm/arm-gnu-toolchain/bin/../lib/gcc/arm-none-eabi/6.3.1/../../../../arm-none-eabi/lib/thumb/v6-m\libc_nano.a(lib_a-makebuf.o)
                0x00007918                __smakebuf_r
 .text.malloc   0x000079a0       0x14 c:/program files (x86)/atmel/studio/7.0/toolchain/arm/arm-gnu-toolchain/bin/../lib/gcc/arm-none-eabi/6.3.1/../../../../arm-none-eabi/lib/thumb/v6-m\libc_nano.a(lib_a-malloc.o)
                0x000079a0                malloc
 .text._free_r  0x000079b4       0x94 c:/program files (x86)/atmel/studio/7.0/toolchain/arm/arm-gnu-toolchain/bin/../lib/gcc/arm-none-eabi/6.3.1/../../../../arm-none-eabi/lib/thumb/v6-m\libc_nano.a(lib_a-nano-freer.o)
                0x000079b4                _free_r
 .text._malloc_r
                0x00007a48       0xbc c:/program files (x86)/atmel/studio/7.0/toolchain/arm/arm-gnu-toolchain/bin/../lib/gcc/arm-none-eabi/6.3.1/../../../../arm-none-eabi/lib/thumb/v6-m\libc_nano.a(lib_a-nano-mallocr.o)
                0x00007a48                _malloc_r
 .text.__ssputs_r
                0x00007b04       0xc4 c:/program files (x86)/atmel/studio/7.0/toolchain/arm/arm-gnu-toolchain/bin/../lib/gcc/arm-none-eabi/6.3.1/../../../../arm-none-eabi/lib/thumb/v6-m\libc_nano.a(lib_a-nano-svfprintf.o)
                0x00007b04                __ssputs_r
 .text._svfprintf_r
                0x00007bc8      0x208 c:/program files (x86)/atmel/studio/7.0/toolchain/arm/arm-gnu-toolchain/bin/../lib/gcc/arm-none-eabi/6.3.1/../../../../arm-none-eabi/lib/thumb/v6-m\libc_nano.a(lib_a-nano-svfprintf.o)
                0x00007bc8                _svfiprintf_r
                0x00007bc8                _svfprintf_r
 .text.__sfputc_r
                0x00007dd0       0x2a c:/program files (x86)/atmel/studio/7.0/toolchain/arm/arm-gnu-toolchain/bin/../lib/gcc/arm-none-eabi/6.3.1/../../../../arm-none-eabi/lib/thumb/v6-m\libc_nano.a(lib_a-nano-vfprintf.o)
 .text.__sfputs_r
                0x00007dfa       0x24 c:/program files (x86)/atmel/studio/7.0/toolchain/arm/arm-gnu-toolchain/bin/../lib/gcc/arm-none-eabi/6.3.1/../../../../arm-none-eabi/lib/thumb/v6-m\libc_nano.a(lib_a-nano-vfprintf.o)
                0x00007dfa                __sfputs_r
 *fill*         0x00007e1e        0x2 
 .text._vfprintf_r
                0x00007e20      0x238 c:/program files (x86)/atmel/studio/7.0/toolchain/arm/arm-gnu-toolchain/bin/../lib/gcc/arm-none-eabi/6.3.1/../../../../arm-none-eabi/lib/thumb/v6-m\libc_nano.a(lib_a-nano-vfprintf.o)
                0x00007e20                _vfprintf_r
                0x00007e20                _vfiprintf_r
 .text._printf_common
                0x00008058       0xda c:/program files (x86)/atmel/studio/7.0/toolchain/arm/arm-gnu-toolchain/bin/../lib/gcc/arm-none-eabi/6.3.1/../../../../arm-none-eabi/lib/thumb/v6-m\libc_nano.a(lib_a-nano-vfprintf_i.o)
                0x00008058                _printf_common
 *fill*         0x00008132        0x2 
 .text._printf_i
                0x00008134      0x234 c:/program files (x86)/atmel/studio/7.0/toolchain/arm/arm-gnu-toolchain/bin/../lib/gcc/arm-none-eabi/6.3.1/../../../../arm-none-eabi/lib/thumb/v6-m\libc_nano.a(lib_a-nano-vfprintf_i.o)
                0x00008134                _printf_i
 .text._sbrk_r  0x00008368       0x24 c:/program files (x86)/atmel/studio/7.0/toolchain/arm/arm-gnu-toolchain/bin/../lib/gcc/arm-none-eabi/6.3.1/../../../../arm-none-eabi/lib/thumb/v6-m\libc_nano.a(lib_a-sbrkr.o)
                0x00008368                _sbrk_r
 .text.__sread  0x0000838c       0x28 c:/program files (x86)/atmel/studio/7.0/toolchain/arm/arm-gnu-toolchain/bin/../lib/gcc/arm-none-eabi/6.3.1/../../../../arm-none-eabi/lib/thumb/v6-m\libc_nano.a(lib_a-stdio.o)
                0x0000838c                __sread
 .text.__swrite
                0x000083b4       0x38 c:/program files (x86)/atmel/studio/7.0/toolchain/arm/arm-gnu-toolchain/bin/../lib/gcc/arm-none-eabi/6.3.1/../../../../arm-none-eabi/lib/thumb/v6-m\libc_nano.a(lib_a-stdio.o)
                0x000083b4                __swrite
 .text.__sseek  0x000083ec       0x2c c:/program files (x86)/atmel/studio/7.0/toolchain/arm/arm-gnu-toolchain/bin/../lib/gcc/arm-none-eabi/6.3.1/../../../../arm-none-eabi/lib/thumb/v6-m\libc_nano.a(lib_a-stdio.o)
                0x000083ec                __sseek
 .text.__sclose
                0x00008418        0xc c:/program files (x86)/atmel/studio/7.0/toolchain/arm/arm-gnu-toolchain/bin/../lib/gcc/arm-none-eabi/6.3.1/../../../../arm-none-eabi/lib/thumb/v6-m\libc_nano.a(lib_a-stdio.o)
                0x00008418                __sclose
 .text._write_r
                0x00008424       0x28 c:/program files (x86)/atmel/studio/7.0/toolchain/arm/arm-gnu-toolchain/bin/../lib/gcc/arm-none-eabi/6.3.1/../../../../arm-none-eabi/lib/thumb/v6-m\libc_nano.a(lib_a-writer.o)
                0x00008424                _write_r
 .text._close_r
                0x0000844c       0x24 c:/program files (x86)/atmel/studio/7.0/toolchain/arm/arm-gnu-toolchain/bin/../lib/gcc/arm-none-eabi/6.3.1/../../../../arm-none-eabi/lib/thumb/v6-m\libc_nano.a(lib_a-closer.o)
                0x0000844c                _close_r
 .text._fstat_r
                0x00008470       0x24 c:/program files (x86)/atmel/studio/7.0/toolchain/arm/arm-gnu-toolchain/bin/../lib/gcc/arm-none-eabi/6.3.1/../../../../arm-none-eabi/lib/thumb/v6-m\libc_nano.a(lib_a-fstatr.o)
                0x00008470                _fstat_r
 .text._isatty_r
                0x00008494       0x24 c:/program files (x86)/atmel/studio/7.0/toolchain/arm/arm-gnu-toolchain/bin/../lib/gcc/arm-none-eabi/6.3.1/../../../../arm-none-eabi/lib/thumb/v6-m\libc_nano.a(lib_a-isattyr.o)
                0x00008494                _isatty_r
 .text._lseek_r
                0x000084b8       0x28 c:/program files (x86)/atmel/studio/7.0/toolchain/arm/arm-gnu-toolchain/bin/../lib/gcc/arm-none-eabi/6.3.1/../../../../arm-none-eabi/lib/thumb/v6-m\libc_nano.a(lib_a-lseekr.o)
                0x000084b8                _lseek_r
 .text.memchr   0x000084e0       0x16 c:/program files (x86)/atmel/studio/7.0/toolchain/arm/arm-gnu-toolchain/bin/../lib/gcc/arm-none-eabi/6.3.1/../../../../arm-none-eabi/lib/thumb/v6-m\libc_nano.a(lib_a-memchr-stub.o)
                0x000084e0                memchr
 .text.memmove  0x000084f6       0x24 c:/program files (x86)/atmel/studio/7.0/toolchain/arm/arm-gnu-toolchain/bin/../lib/gcc/arm-none-eabi/6.3.1/../../../../arm-none-eabi/lib/thumb/v6-m\libc_nano.a(lib_a-memmove.o)
                0x000084f6                memmove
 .text.__malloc_lock
                0x0000851a        0x2 c:/program files (x86)/atmel/studio/7.0/toolchain/arm/arm-gnu-toolchain/bin/../lib/gcc/arm-none-eabi/6.3.1/../../../../arm-none-eabi/lib/thumb/v6-m\libc_nano.a(lib_a-mlock.o)
                0x0000851a                __malloc_lock
 .text.__malloc_unlock
                0x0000851c        0x2 c:/program files (x86)/atmel/studio/7.0/toolchain/arm/arm-gnu-toolchain/bin/../lib/gcc/arm-none-eabi/6.3.1/../../../../arm-none-eabi/lib/thumb/v6-m\libc_nano.a(lib_a-mlock.o)
                0x0000851c                __malloc_unlock
 .text._realloc_r
                0x0000851e       0x4c c:/program files (x86)/atmel/studio/7.0/toolchain/arm/arm-gnu-toolchain/bin/../lib/gcc/arm-none-eabi/6.3.1/../../../../arm-none-eabi/lib/thumb/v6-m\libc_nano.a(lib_a-nano-reallocr.o)
                0x0000851e                _realloc_r
 *fill*         0x0000856a        0x2 
 .text._read_r  0x0000856c       0x28 c:/program files (x86)/atmel/studio/7.0/toolchain/arm/arm-gnu-toolchain/bin/../lib/gcc/arm-none-eabi/6.3.1/../../../../arm-none-eabi/lib/thumb/v6-m\libc_nano.a(lib_a-readr.o)
                0x0000856c                _read_r
 .text._malloc_usable_size_r
                0x00008594       0x10 c:/program files (x86)/atmel/studio/7.0/toolchain/arm/arm-gnu-toolchain/bin/../lib/gcc/arm-none-eabi/6.3.1/../../../../arm-none-eabi/lib/thumb/v6-m\libc_nano.a(lib_a-nano-msizer.o)
                0x00008594                _malloc_usable_size_r
 *(.glue_7t)
 .glue_7t       0x000085a4        0x0 linker stubs
 *(.glue_7)
 .glue_7        0x000085a4        0x0 linker stubs
 *(.rodata .rodata* .gnu.linkonce.r.*)
 .rodata.str1.1
                0x000085a4       0x34 atmel_start.o
 .rodata.str1.1
                0x000085d8       0x81 driver_init.o
 *fill*         0x00008659        0x3 
 .rodata        0x0000865c       0x1c hpl/adc/hpl_adc.o
 .rodata        0x00008678       0x80 hpl/eic/hpl_eic.o
 .rodata        0x000086f8       0x40 hpl/sercom/hpl_sercom.o
 .rodata        0x00008738       0x48 hpl/usb/hpl_usb.o
 .rodata        0x00008780     0x2dac main.o
                0x00008780                error_beep_sound_data
                0x0000a084                click_sound_data
                0x0000a374                response_beep_sound_data
                0x0000ac6c                sync_beep_sound_data
                0x0000b418                switch_to_default_form
                0x0000b41e                switch_to_session_running_form
                0x0000b424                set_form1_response_sound_on
                0x0000b42a                set_form1_response_sound_switch_on
                0x0000b430                set_form1_response_sound_off
                0x0000b436                set_form1_response_sound_switch_off
                0x0000b43c                set_form1_trigger_sound_on
                0x0000b442                set_form1_trigger_sound_switch_on
                0x0000b448                set_form1_trigger_sound_off
                0x0000b44e                set_form1_trigger_sound_switch_off
                0x0000b454                switch_to_manual_trigger_form
                0x0000b45a                switch_to_simulation_running_form
                0x0000b460                switch_to_settings_1_form
                0x0000b466                set_response_sound_on
                0x0000b46c                set_response_sound_switch_on
                0x0000b472                set_response_sound_off
                0x0000b478                set_response_sound_switch_off
                0x0000b47e                set_trigger_sound_on
                0x0000b484                set_trigger_sound_switch_on
                0x0000b48a                set_trigger_sound_off
                0x0000b490                set_trigger_sound_switch_off
                0x0000b496                switch_to_settings_2_form
                0x0000b49c                switch_to_settings_3_form
                0x0000b4a2                switch_to_keyboard_form
                0x0000b4a8                switch_to_menu_form
                0x0000b4ae                switch_to_about_form
                0x0000b4b4                switch_to_error_form
                0x0000b4ba                switch_to_help_form
                0x0000b4c0                set_error_text_PS_low
                0x0000b4c6                set_error_text_PS_high
                0x0000b4cc                set_error_text_USB_error
                0x0000b4d2                simulation_trigger_LED_off
                0x0000b4d8                man_trig_trigger_LED_off
                0x0000b4de                trigger_received_LED_off
                0x0000b4e4                trigger_sent_LED_off
                0x0000b4ea                trigger_sent_LED_on
                0x0000b4f0                trigger_received_LED_on
                0x0000b4f6                man_trig_trigger_LED_on
                0x0000b4fc                simulation_trigger_LED_on
                0x0000b502                set_trigg_slice_txt
                0x0000b508                set_trigg_volume_txt
                0x0000b50e                set_no_of_slices_txt
                0x0000b514                set_no_of_volumes_txt
                0x0000b51a                set_pulse_length_txt
                0x0000b520                set_tr_time_txt
                0x0000b528                ad
 .rodata.str1.1
                0x0000b52c     0x104a main.o
                               0x1088 (size before relaxing)
 .rodata.str1.1
                0x0000c576        0x8 persistent_storage/nv_storage.o
 .rodata.str1.1
                0x0000c57e       0x43 uart.o
                                 0x44 (size before relaxing)
 .rodata        0x0000c5c1       0x3b usb/class/hid/device/hiddf_keyboard.o
                0x0000c5c1                keyboard_report_desc
 .rodata        0x0000c5fc       0x34 usb/class/hid/device/hiddf_mouse.o
                0x0000c5fc                mouse_report_desc
 .rodata.str1.1
                0x0000c630       0x90 usb_start.o
 .rodata._global_impure_ptr
                0x0000c6c0        0x4 c:/program files (x86)/atmel/studio/7.0/toolchain/arm/arm-gnu-toolchain/bin/../lib/gcc/arm-none-eabi/6.3.1/../../../../arm-none-eabi/lib/thumb/v6-m\libc_nano.a(lib_a-impure.o)
                0x0000c6c0                _global_impure_ptr
 .rodata.__sf_fake_stderr
                0x0000c6c4       0x20 c:/program files (x86)/atmel/studio/7.0/toolchain/arm/arm-gnu-toolchain/bin/../lib/gcc/arm-none-eabi/6.3.1/../../../../arm-none-eabi/lib/thumb/v6-m\libc_nano.a(lib_a-findfp.o)
                0x0000c6c4                __sf_fake_stderr
 .rodata.__sf_fake_stdin
                0x0000c6e4       0x20 c:/program files (x86)/atmel/studio/7.0/toolchain/arm/arm-gnu-toolchain/bin/../lib/gcc/arm-none-eabi/6.3.1/../../../../arm-none-eabi/lib/thumb/v6-m\libc_nano.a(lib_a-findfp.o)
                0x0000c6e4                __sf_fake_stdin
 .rodata.__sf_fake_stdout
                0x0000c704       0x20 c:/program files (x86)/atmel/studio/7.0/toolchain/arm/arm-gnu-toolchain/bin/../lib/gcc/arm-none-eabi/6.3.1/../../../../arm-none-eabi/lib/thumb/v6-m\libc_nano.a(lib_a-findfp.o)
                0x0000c704                __sf_fake_stdout
 .rodata._svfprintf_r.str1.1
                0x0000c724       0x11 c:/program files (x86)/atmel/studio/7.0/toolchain/arm/arm-gnu-toolchain/bin/../lib/gcc/arm-none-eabi/6.3.1/../../../../arm-none-eabi/lib/thumb/v6-m\libc_nano.a(lib_a-nano-svfprintf.o)
 .rodata._vfprintf_r.str1.1
                0x0000c735       0x11 c:/program files (x86)/atmel/studio/7.0/toolchain/arm/arm-gnu-toolchain/bin/../lib/gcc/arm-none-eabi/6.3.1/../../../../arm-none-eabi/lib/thumb/v6-m\libc_nano.a(lib_a-nano-vfprintf.o)
 .rodata._printf_i.str1.1
                0x0000c735       0x22 c:/program files (x86)/atmel/studio/7.0/toolchain/arm/arm-gnu-toolchain/bin/../lib/gcc/arm-none-eabi/6.3.1/../../../../arm-none-eabi/lib/thumb/v6-m\libc_nano.a(lib_a-nano-vfprintf_i.o)
 *(.ARM.extab* .gnu.linkonce.armextab.*)
                0x0000c758                . = ALIGN (0x4)
 *fill*         0x0000c757        0x1 
 *(.init)
 .init          0x0000c758        0x4 c:/program files (x86)/atmel/studio/7.0/toolchain/arm/arm-gnu-toolchain/bin/../lib/gcc/arm-none-eabi/6.3.1/thumb/v6-m/crti.o
                0x0000c758                _init
 .init          0x0000c75c        0x8 c:/program files (x86)/atmel/studio/7.0/toolchain/arm/arm-gnu-toolchain/bin/../lib/gcc/arm-none-eabi/6.3.1/thumb/v6-m/crtn.o
                0x0000c764                . = ALIGN (0x4)
                0x0000c764                __preinit_array_start = .
 *(.preinit_array)
                0x0000c764                __preinit_array_end = .
                0x0000c764                . = ALIGN (0x4)
                0x0000c764                __init_array_start = .
 *(SORT(.init_array.*))
 *(.init_array)
 .init_array    0x0000c764        0x4 c:/program files (x86)/atmel/studio/7.0/toolchain/arm/arm-gnu-toolchain/bin/../lib/gcc/arm-none-eabi/6.3.1/thumb/v6-m/crtbegin.o
                0x0000c768                __init_array_end = .
                0x0000c768                . = ALIGN (0x4)
 *crtbegin.o(.ctors)
 *(EXCLUDE_FILE(*crtend.o) .ctors)
 *(SORT(.ctors.*))
 *crtend.o(.ctors)
                0x0000c768                . = ALIGN (0x4)
 *(.fini)
 .fini          0x0000c768        0x4 c:/program files (x86)/atmel/studio/7.0/toolchain/arm/arm-gnu-toolchain/bin/../lib/gcc/arm-none-eabi/6.3.1/thumb/v6-m/crti.o
                0x0000c768                _fini
 .fini          0x0000c76c        0x8 c:/program files (x86)/atmel/studio/7.0/toolchain/arm/arm-gnu-toolchain/bin/../lib/gcc/arm-none-eabi/6.3.1/thumb/v6-m/crtn.o
                0x0000c774                . = ALIGN (0x4)
                0x0000c774                __fini_array_start = .
 *(.fini_array)
 .fini_array    0x0000c774        0x4 c:/program files (x86)/atmel/studio/7.0/toolchain/arm/arm-gnu-toolchain/bin/../lib/gcc/arm-none-eabi/6.3.1/thumb/v6-m/crtbegin.o
 *(SORT(.fini_array.*))
                0x0000c778                __fini_array_end = .
 *crtbegin.o(.dtors)
 *(EXCLUDE_FILE(*crtend.o) .dtors)
 *(SORT(.dtors.*))
 *crtend.o(.dtors)
                0x0000c778                . = ALIGN (0x4)
                0x0000c778                _efixed = .
                [!provide]                PROVIDE (__exidx_start, .)

.vfp11_veneer   0x0000c778        0x0
 .vfp11_veneer  0x0000c778        0x0 linker stubs

.v4_bx          0x0000c778        0x0
 .v4_bx         0x0000c778        0x0 linker stubs

.iplt           0x0000c778        0x0
 .iplt          0x0000c778        0x0 c:/program files (x86)/atmel/studio/7.0/toolchain/arm/arm-gnu-toolchain/bin/../lib/gcc/arm-none-eabi/6.3.1/thumb/v6-m/crtbegin.o

.eh_frame       0x0000c778        0x0
 .eh_frame      0x0000c778        0x0 c:/program files (x86)/atmel/studio/7.0/toolchain/arm/arm-gnu-toolchain/bin/../lib/gcc/arm-none-eabi/6.3.1/thumb/v6-m/crtbegin.o

.rel.dyn        0x0000c778        0x0
 .rel.iplt      0x0000c778        0x0 c:/program files (x86)/atmel/studio/7.0/toolchain/arm/arm-gnu-toolchain/bin/../lib/gcc/arm-none-eabi/6.3.1/thumb/v6-m/crtbegin.o

.jcr            0x0000c778        0x0
 .jcr           0x0000c778        0x0 c:/program files (x86)/atmel/studio/7.0/toolchain/arm/arm-gnu-toolchain/bin/../lib/gcc/arm-none-eabi/6.3.1/thumb/v6-m/crtbegin.o

.igot.plt       0x0000c778        0x0
 .igot.plt      0x0000c778        0x0 c:/program files (x86)/atmel/studio/7.0/toolchain/arm/arm-gnu-toolchain/bin/../lib/gcc/arm-none-eabi/6.3.1/thumb/v6-m/crtbegin.o

.ARM.exidx
 *(.ARM.exidx* .gnu.linkonce.armexidx.*)
                [!provide]                PROVIDE (__exidx_end, .)
                0x0000c778                . = ALIGN (0x4)
                0x0000c778                _etext = .

.relocate       0x20000000      0x140 load address 0x0000c778
                0x20000000                . = ALIGN (0x4)
                0x20000000                _srelocate = .
 *(.ramfunc .ramfunc.*)
 *(.data .data.*)
 .data          0x20000000        0xc main.o
 .data          0x2000000c        0x8 usb/class/cdc/device/cdcdf_acm.o
 .data          0x20000014        0x8 usb/class/hid/device/hiddf_keyboard.o
 .data          0x2000001c        0x8 usb/class/hid/device/hiddf_mouse.o
 .data          0x20000024       0xb6 usb_start.o
 *fill*         0x200000da        0x2 
 .data._impure_ptr
                0x200000dc        0x4 c:/program files (x86)/atmel/studio/7.0/toolchain/arm/arm-gnu-toolchain/bin/../lib/gcc/arm-none-eabi/6.3.1/../../../../arm-none-eabi/lib/thumb/v6-m\libc_nano.a(lib_a-impure.o)
                0x200000dc                _impure_ptr
 .data.impure_data
                0x200000e0       0x60 c:/program files (x86)/atmel/studio/7.0/toolchain/arm/arm-gnu-toolchain/bin/../lib/gcc/arm-none-eabi/6.3.1/../../../../arm-none-eabi/lib/thumb/v6-m\libc_nano.a(lib_a-impure.o)
                0x20000140                . = ALIGN (0x4)
                0x20000140                _erelocate = .

.bss            0x20000140      0x98c load address 0x0000c8b8
                0x20000140                . = ALIGN (0x4)
                0x20000140                _sbss = .
                0x20000140                _szero = .
 *(.bss .bss.*)
 .bss           0x20000140       0x1c c:/program files (x86)/atmel/studio/7.0/toolchain/arm/arm-gnu-toolchain/bin/../lib/gcc/arm-none-eabi/6.3.1/thumb/v6-m/crtbegin.o
 .bss           0x2000015c       0x21 driver_init.o
 *fill*         0x2000017d        0x1 
 .bss           0x2000017e        0x6 global.o
                0x2000017e                usb_disconnected
                0x20000180                sync_beep_length
                0x20000182                response_beep_length
 .bss           0x20000184        0x4 hal/src/hal_delay.o
 .bss           0x20000188       0x80 hal/src/hal_ext_irq.o
 .bss           0x20000208      0x1a0 hal/src/hal_usb_device.o
 .bss           0x200003a8        0x4 hal/utils/src/utils_syscalls.o
 .bss           0x200003ac        0x4 hpl/adc/hpl_adc.o
 .bss           0x200003b0        0x4 hpl/dac/hpl_dac.o
 .bss           0x200003b4        0x4 hpl/eic/hpl_eic.o
 .bss           0x200003b8        0x4 hpl/nvmctrl/hpl_nvmctrl.o
 .bss           0x200003bc        0x4 hpl/rtc/hpl_rtc.o
 .bss           0x200003c0        0x4 hpl/sercom/hpl_sercom.o
 .bss           0x200003c4      0x378 hpl/usb/hpl_usb.o
 .bss           0x2000073c       0x54 main.o
 .bss           0x20000790        0x4 persistent_storage/nv_internal_flash_ultra.o
 .bss           0x20000794       0x2e persistent_storage/nv_storage.o
 *fill*         0x200007c2        0x2 
 .bss           0x200007c4        0x4 stdio_redirect/stdio_io.o
 .bss           0x200007c8       0x6c uart.o
                0x200007c8                RX_in_progress
                0x200007c9                parameter
                0x200007ca                chksum
                0x200007cb                storage_txbuffer
                0x200007cc                Buffer
                0x20000830                TX_in_progress
                0x20000831                stage_txbuffer
                0x20000832                total_Bytes
                0x20000833                UART0_WaitforReturn
 .bss           0x20000834       0x24 usb/class/cdc/device/cdcdf_acm.o
 .bss           0x20000858       0x20 usb/class/hid/device/hiddf_keyboard.o
 .bss           0x20000878       0x18 usb/class/hid/device/hiddf_mouse.o
 .bss           0x20000890       0x20 usb/device/usbdc.o
 .bss           0x200008b0       0x47 usb_start.o
 *fill*         0x200008f7        0x1 
 .bss.__malloc_free_list
                0x200008f8        0x4 c:/program files (x86)/atmel/studio/7.0/toolchain/arm/arm-gnu-toolchain/bin/../lib/gcc/arm-none-eabi/6.3.1/../../../../arm-none-eabi/lib/thumb/v6-m\libc_nano.a(lib_a-nano-mallocr.o)
                0x200008f8                __malloc_free_list
 .bss.__malloc_sbrk_start
                0x200008fc        0x4 c:/program files (x86)/atmel/studio/7.0/toolchain/arm/arm-gnu-toolchain/bin/../lib/gcc/arm-none-eabi/6.3.1/../../../../arm-none-eabi/lib/thumb/v6-m\libc_nano.a(lib_a-nano-mallocr.o)
                0x200008fc                __malloc_sbrk_start
 *(COMMON)
 COMMON         0x20000900      0x134 driver_init.o
                0x20000900                FLASH_0
                0x2000091c                ADC_0
                0x20000948                DAC_0
                0x2000096c                ADC_0_ch
                0x20000984                SPI_0
                0x2000099c                USART_0
                0x200009a8                USART_1
                0x200009f8                I2C_0
                0x20000a18                TIMER_0
 COMMON         0x20000a34       0x4d global.o
                0x20000a34                event_report
                0x20000a3c                session_data
                0x20000a64                ACK_received
                0x20000a68                session_temp
                0x20000a7c                NAK_received
                0x20000a7d                menu_structure
 COMMON         0x20000a81       0x40 main.o
                0x20000a81                buffer
 *fill*         0x20000ac1        0x3 
 COMMON         0x20000ac4        0x4 uart.o
                0x20000ac4                io
 COMMON         0x20000ac8        0x4 c:/program files (x86)/atmel/studio/7.0/toolchain/arm/arm-gnu-toolchain/bin/../lib/gcc/arm-none-eabi/6.3.1/../../../../arm-none-eabi/lib/thumb/v6-m\libc_nano.a(lib_a-reent.o)
                0x20000ac8                errno
                0x20000acc                . = ALIGN (0x4)
                0x20000acc                _ebss = .
                0x20000acc                _ezero = .

.stack          0x20000acc     0x2004 load address 0x0000d244
                0x20000ad0                . = ALIGN (0x8)
 *fill*         0x20000acc        0x4 
                0x20000ad0                _sstack = .
                0x20002ad0                . = (. + STACK_SIZE)
 *fill*         0x20000ad0     0x2000 
                0x20002ad0                . = ALIGN (0x8)
                0x20002ad0                _estack = .
                0x20002ad0                . = ALIGN (0x4)
                0x20002ad0                _end = .
OUTPUT(MTA_response_box.elf elf32-littlearm)

.ARM.attributes
                0x00000000       0x28
 .ARM.attributes
                0x00000000       0x1e c:/program files (x86)/atmel/studio/7.0/toolchain/arm/arm-gnu-toolchain/bin/../lib/gcc/arm-none-eabi/6.3.1/thumb/v6-m/crti.o
 .ARM.attributes
                0x0000001e       0x2c c:/program files (x86)/atmel/studio/7.0/toolchain/arm/arm-gnu-toolchain/bin/../lib/gcc/arm-none-eabi/6.3.1/thumb/v6-m/crtbegin.o
 .ARM.attributes
                0x0000004a       0x32 atmel_start.o
 .ARM.attributes
                0x0000007c       0x32 Device_Startup/startup_samd21.o
 .ARM.attributes
                0x000000ae       0x32 driver_init.o
 .ARM.attributes
                0x000000e0       0x32 global.o
 .ARM.attributes
                0x00000112       0x32 hal/src/hal_adc_async.o
 .ARM.attributes
                0x00000144       0x32 hal/src/hal_atomic.o
 .ARM.attributes
                0x00000176       0x32 hal/src/hal_dac_async.o
 .ARM.attributes
                0x000001a8       0x32 hal/src/hal_delay.o
 .ARM.attributes
                0x000001da       0x32 hal/src/hal_ext_irq.o
 .ARM.attributes
                0x0000020c       0x32 hal/src/hal_flash.o
 .ARM.attributes
                0x0000023e       0x32 hal/src/hal_i2c_m_sync.o
 .ARM.attributes
                0x00000270       0x32 hal/src/hal_io.o
 .ARM.attributes
                0x000002a2       0x32 hal/src/hal_spi_m_sync.o
 .ARM.attributes
                0x000002d4       0x32 hal/src/hal_timer.o
 .ARM.attributes
                0x00000306       0x32 hal/src/hal_usart_async.o
 .ARM.attributes
                0x00000338       0x32 hal/src/hal_usart_sync.o
 .ARM.attributes
                0x0000036a       0x32 hal/src/hal_usb_device.o
 .ARM.attributes
                0x0000039c       0x32 hal/utils/src/utils_list.o
 .ARM.attributes
                0x000003ce       0x32 hal/utils/src/utils_ringbuffer.o
 .ARM.attributes
                0x00000400       0x32 hal/utils/src/utils_syscalls.o
 .ARM.attributes
                0x00000432       0x32 hpl/adc/hpl_adc.o
 .ARM.attributes
                0x00000464       0x32 hpl/core/hpl_core_m0plus_base.o
 .ARM.attributes
                0x00000496       0x32 hpl/core/hpl_init.o
 .ARM.attributes
                0x000004c8       0x32 hpl/dac/hpl_dac.o
 .ARM.attributes
                0x000004fa       0x32 hpl/eic/hpl_eic.o
 .ARM.attributes
                0x0000052c       0x32 hpl/gclk/hpl_gclk.o
 .ARM.attributes
                0x0000055e       0x32 hpl/nvmctrl/hpl_nvmctrl.o
 .ARM.attributes
                0x00000590       0x32 hpl/pm/hpl_pm.o
 .ARM.attributes
                0x000005c2       0x32 hpl/rtc/hpl_rtc.o
 .ARM.attributes
                0x000005f4       0x32 hpl/sercom/hpl_sercom.o
 .ARM.attributes
                0x00000626       0x32 hpl/sysctrl/hpl_sysctrl.o
 .ARM.attributes
                0x00000658       0x32 hpl/usb/hpl_usb.o
 .ARM.attributes
                0x0000068a       0x32 main.o
 .ARM.attributes
                0x000006bc       0x32 persistent_storage/nv_internal_flash_ultra.o
 .ARM.attributes
                0x000006ee       0x32 persistent_storage/nv_storage.o
 .ARM.attributes
                0x00000720       0x32 persistent_storage_start.o
 .ARM.attributes
                0x00000752       0x32 stdio_redirect/gcc/read.o
 .ARM.attributes
                0x00000784       0x32 stdio_redirect/gcc/write.o
 .ARM.attributes
                0x000007b6       0x32 stdio_redirect/stdio_io.o
 .ARM.attributes
                0x000007e8       0x32 stdio_start.o
 .ARM.attributes
                0x0000081a       0x32 uart.o
 .ARM.attributes
                0x0000084c       0x32 usb/class/cdc/device/cdcdf_acm.o
 .ARM.attributes
                0x0000087e       0x32 usb/class/hid/device/hiddf_keyboard.o
 .ARM.attributes
                0x000008b0       0x32 usb/class/hid/device/hiddf_mouse.o
 .ARM.attributes
                0x000008e2       0x32 usb/device/usbdc.o
 .ARM.attributes
                0x00000914       0x32 usb/usb_protocol.o
 .ARM.attributes
                0x00000946       0x32 usb_start.o
 .ARM.attributes
                0x00000978       0x1e c:/program files (x86)/atmel/studio/7.0/toolchain/arm/arm-gnu-toolchain/bin/../lib/gcc/arm-none-eabi/6.3.1/thumb/v6-m\libgcc.a(_thumb1_case_sqi.o)
 .ARM.attributes
                0x00000996       0x1e c:/program files (x86)/atmel/studio/7.0/toolchain/arm/arm-gnu-toolchain/bin/../lib/gcc/arm-none-eabi/6.3.1/thumb/v6-m\libgcc.a(_thumb1_case_uqi.o)
 .ARM.attributes
                0x000009b4       0x1e c:/program files (x86)/atmel/studio/7.0/toolchain/arm/arm-gnu-toolchain/bin/../lib/gcc/arm-none-eabi/6.3.1/thumb/v6-m\libgcc.a(_thumb1_case_shi.o)
 .ARM.attributes
                0x000009d2       0x1e c:/program files (x86)/atmel/studio/7.0/toolchain/arm/arm-gnu-toolchain/bin/../lib/gcc/arm-none-eabi/6.3.1/thumb/v6-m\libgcc.a(_thumb1_case_uhi.o)
 .ARM.attributes
                0x000009f0       0x1e c:/program files (x86)/atmel/studio/7.0/toolchain/arm/arm-gnu-toolchain/bin/../lib/gcc/arm-none-eabi/6.3.1/thumb/v6-m\libgcc.a(_udivsi3.o)
 .ARM.attributes
                0x00000a0e       0x1e c:/program files (x86)/atmel/studio/7.0/toolchain/arm/arm-gnu-toolchain/bin/../lib/gcc/arm-none-eabi/6.3.1/thumb/v6-m\libgcc.a(_divsi3.o)
 .ARM.attributes
                0x00000a2c       0x1e c:/program files (x86)/atmel/studio/7.0/toolchain/arm/arm-gnu-toolchain/bin/../lib/gcc/arm-none-eabi/6.3.1/thumb/v6-m\libgcc.a(_dvmd_tls.o)
 .ARM.attributes
                0x00000a4a       0x2c c:/program files (x86)/atmel/studio/7.0/toolchain/arm/arm-gnu-toolchain/bin/../lib/gcc/arm-none-eabi/6.3.1/thumb/v6-m\libgcc.a(_ffssi2.o)
 .ARM.attributes
                0x00000a76       0x1e c:/program files (x86)/atmel/studio/7.0/toolchain/arm/arm-gnu-toolchain/bin/../lib/gcc/arm-none-eabi/6.3.1/thumb/v6-m\libgcc.a(_ctzsi2.o)
 .ARM.attributes
                0x00000a94       0x2c c:/program files (x86)/atmel/studio/7.0/toolchain/arm/arm-gnu-toolchain/bin/../lib/gcc/arm-none-eabi/6.3.1/../../../../arm-none-eabi/lib/thumb/v6-m\libc_nano.a(lib_a-impure.o)
 .ARM.attributes
                0x00000ac0       0x2c c:/program files (x86)/atmel/studio/7.0/toolchain/arm/arm-gnu-toolchain/bin/../lib/gcc/arm-none-eabi/6.3.1/../../../../arm-none-eabi/lib/thumb/v6-m\libc_nano.a(lib_a-init.o)
 .ARM.attributes
                0x00000aec       0x2c c:/program files (x86)/atmel/studio/7.0/toolchain/arm/arm-gnu-toolchain/bin/../lib/gcc/arm-none-eabi/6.3.1/../../../../arm-none-eabi/lib/thumb/v6-m\libc_nano.a(lib_a-memcmp.o)
 .ARM.attributes
                0x00000b18       0x2c c:/program files (x86)/atmel/studio/7.0/toolchain/arm/arm-gnu-toolchain/bin/../lib/gcc/arm-none-eabi/6.3.1/../../../../arm-none-eabi/lib/thumb/v6-m\libc_nano.a(lib_a-memcpy-stub.o)
 .ARM.attributes
                0x00000b44       0x2c c:/program files (x86)/atmel/studio/7.0/toolchain/arm/arm-gnu-toolchain/bin/../lib/gcc/arm-none-eabi/6.3.1/../../../../arm-none-eabi/lib/thumb/v6-m\libc_nano.a(lib_a-memset.o)
 .ARM.attributes
                0x00000b70       0x2c c:/program files (x86)/atmel/studio/7.0/toolchain/arm/arm-gnu-toolchain/bin/../lib/gcc/arm-none-eabi/6.3.1/../../../../arm-none-eabi/lib/thumb/v6-m\libc_nano.a(lib_a-printf.o)
 .ARM.attributes
                0x00000b9c       0x2c c:/program files (x86)/atmel/studio/7.0/toolchain/arm/arm-gnu-toolchain/bin/../lib/gcc/arm-none-eabi/6.3.1/../../../../arm-none-eabi/lib/thumb/v6-m\libc_nano.a(lib_a-setbuf.o)
 .ARM.attributes
                0x00000bc8       0x2c c:/program files (x86)/atmel/studio/7.0/toolchain/arm/arm-gnu-toolchain/bin/../lib/gcc/arm-none-eabi/6.3.1/../../../../arm-none-eabi/lib/thumb/v6-m\libc_nano.a(lib_a-setvbuf.o)
 .ARM.attributes
                0x00000bf4       0x2c c:/program files (x86)/atmel/studio/7.0/toolchain/arm/arm-gnu-toolchain/bin/../lib/gcc/arm-none-eabi/6.3.1/../../../../arm-none-eabi/lib/thumb/v6-m\libc_nano.a(lib_a-snprintf.o)
 .ARM.attributes
                0x00000c20       0x1c c:/program files (x86)/atmel/studio/7.0/toolchain/arm/arm-gnu-toolchain/bin/../lib/gcc/arm-none-eabi/6.3.1/../../../../arm-none-eabi/lib/thumb/v6-m\libc_nano.a(lib_a-strlen.o)
 .ARM.attributes
                0x00000c3c       0x2c c:/program files (x86)/atmel/studio/7.0/toolchain/arm/arm-gnu-toolchain/bin/../lib/gcc/arm-none-eabi/6.3.1/../../../../arm-none-eabi/lib/thumb/v6-m\libc_nano.a(lib_a-wbuf.o)
 .ARM.attributes
                0x00000c68       0x2c c:/program files (x86)/atmel/studio/7.0/toolchain/arm/arm-gnu-toolchain/bin/../lib/gcc/arm-none-eabi/6.3.1/../../../../arm-none-eabi/lib/thumb/v6-m\libc_nano.a(lib_a-wsetup.o)
 .ARM.attributes
                0x00000c94       0x2c c:/program files (x86)/atmel/studio/7.0/toolchain/arm/arm-gnu-toolchain/bin/../lib/gcc/arm-none-eabi/6.3.1/../../../../arm-none-eabi/lib/thumb/v6-m\libc_nano.a(lib_a-fflush.o)
 .ARM.attributes
                0x00000cc0       0x2c c:/program files (x86)/atmel/studio/7.0/toolchain/arm/arm-gnu-toolchain/bin/../lib/gcc/arm-none-eabi/6.3.1/../../../../arm-none-eabi/lib/thumb/v6-m\libc_nano.a(lib_a-findfp.o)
 .ARM.attributes
                0x00000cec       0x2c c:/program files (x86)/atmel/studio/7.0/toolchain/arm/arm-gnu-toolchain/bin/../lib/gcc/arm-none-eabi/6.3.1/../../../../arm-none-eabi/lib/thumb/v6-m\libc_nano.a(lib_a-fwalk.o)
 .ARM.attributes
                0x00000d18       0x2c c:/program files (x86)/atmel/studio/7.0/toolchain/arm/arm-gnu-toolchain/bin/../lib/gcc/arm-none-eabi/6.3.1/../../../../arm-none-eabi/lib/thumb/v6-m\libc_nano.a(lib_a-makebuf.o)
 .ARM.attributes
                0x00000d44       0x2c c:/program files (x86)/atmel/studio/7.0/toolchain/arm/arm-gnu-toolchain/bin/../lib/gcc/arm-none-eabi/6.3.1/../../../../arm-none-eabi/lib/thumb/v6-m\libc_nano.a(lib_a-malloc.o)
 .ARM.attributes
                0x00000d70       0x2c c:/program files (x86)/atmel/studio/7.0/toolchain/arm/arm-gnu-toolchain/bin/../lib/gcc/arm-none-eabi/6.3.1/../../../../arm-none-eabi/lib/thumb/v6-m\libc_nano.a(lib_a-nano-freer.o)
 .ARM.attributes
                0x00000d9c       0x2c c:/program files (x86)/atmel/studio/7.0/toolchain/arm/arm-gnu-toolchain/bin/../lib/gcc/arm-none-eabi/6.3.1/../../../../arm-none-eabi/lib/thumb/v6-m\libc_nano.a(lib_a-nano-mallocr.o)
 .ARM.attributes
                0x00000dc8       0x2c c:/program files (x86)/atmel/studio/7.0/toolchain/arm/arm-gnu-toolchain/bin/../lib/gcc/arm-none-eabi/6.3.1/../../../../arm-none-eabi/lib/thumb/v6-m\libc_nano.a(lib_a-nano-svfprintf.o)
 .ARM.attributes
                0x00000df4       0x2c c:/program files (x86)/atmel/studio/7.0/toolchain/arm/arm-gnu-toolchain/bin/../lib/gcc/arm-none-eabi/6.3.1/../../../../arm-none-eabi/lib/thumb/v6-m\libc_nano.a(lib_a-nano-vfprintf.o)
 .ARM.attributes
                0x00000e20       0x2c c:/program files (x86)/atmel/studio/7.0/toolchain/arm/arm-gnu-toolchain/bin/../lib/gcc/arm-none-eabi/6.3.1/../../../../arm-none-eabi/lib/thumb/v6-m\libc_nano.a(lib_a-nano-vfprintf_i.o)
 .ARM.attributes
                0x00000e4c       0x2c c:/program files (x86)/atmel/studio/7.0/toolchain/arm/arm-gnu-toolchain/bin/../lib/gcc/arm-none-eabi/6.3.1/../../../../arm-none-eabi/lib/thumb/v6-m\libc_nano.a(lib_a-sbrkr.o)
 .ARM.attributes
                0x00000e78       0x2c c:/program files (x86)/atmel/studio/7.0/toolchain/arm/arm-gnu-toolchain/bin/../lib/gcc/arm-none-eabi/6.3.1/../../../../arm-none-eabi/lib/thumb/v6-m\libc_nano.a(lib_a-stdio.o)
 .ARM.attributes
                0x00000ea4       0x2c c:/program files (x86)/atmel/studio/7.0/toolchain/arm/arm-gnu-toolchain/bin/../lib/gcc/arm-none-eabi/6.3.1/../../../../arm-none-eabi/lib/thumb/v6-m\libc_nano.a(lib_a-writer.o)
 .ARM.attributes
                0x00000ed0       0x2c c:/program files (x86)/atmel/studio/7.0/toolchain/arm/arm-gnu-toolchain/bin/../lib/gcc/arm-none-eabi/6.3.1/../../../../arm-none-eabi/lib/thumb/v6-m\libc_nano.a(lib_a-closer.o)
 .ARM.attributes
                0x00000efc       0x2c c:/program files (x86)/atmel/studio/7.0/toolchain/arm/arm-gnu-toolchain/bin/../lib/gcc/arm-none-eabi/6.3.1/../../../../arm-none-eabi/lib/thumb/v6-m\libc_nano.a(lib_a-fstatr.o)
 .ARM.attributes
                0x00000f28       0x2c c:/program files (x86)/atmel/studio/7.0/toolchain/arm/arm-gnu-toolchain/bin/../lib/gcc/arm-none-eabi/6.3.1/../../../../arm-none-eabi/lib/thumb/v6-m\libc_nano.a(lib_a-isattyr.o)
 .ARM.attributes
                0x00000f54       0x2c c:/program files (x86)/atmel/studio/7.0/toolchain/arm/arm-gnu-toolchain/bin/../lib/gcc/arm-none-eabi/6.3.1/../../../../arm-none-eabi/lib/thumb/v6-m\libc_nano.a(lib_a-lseekr.o)
 .ARM.attributes
                0x00000f80       0x2c c:/program files (x86)/atmel/studio/7.0/toolchain/arm/arm-gnu-toolchain/bin/../lib/gcc/arm-none-eabi/6.3.1/../../../../arm-none-eabi/lib/thumb/v6-m\libc_nano.a(lib_a-memchr-stub.o)
 .ARM.attributes
                0x00000fac       0x2c c:/program files (x86)/atmel/studio/7.0/toolchain/arm/arm-gnu-toolchain/bin/../lib/gcc/arm-none-eabi/6.3.1/../../../../arm-none-eabi/lib/thumb/v6-m\libc_nano.a(lib_a-memmove.o)
 .ARM.attributes
                0x00000fd8       0x2c c:/program files (x86)/atmel/studio/7.0/toolchain/arm/arm-gnu-toolchain/bin/../lib/gcc/arm-none-eabi/6.3.1/../../../../arm-none-eabi/lib/thumb/v6-m\libc_nano.a(lib_a-mlock.o)
 .ARM.attributes
                0x00001004       0x2c c:/program files (x86)/atmel/studio/7.0/toolchain/arm/arm-gnu-toolchain/bin/../lib/gcc/arm-none-eabi/6.3.1/../../../../arm-none-eabi/lib/thumb/v6-m\libc_nano.a(lib_a-nano-reallocr.o)
 .ARM.attributes
                0x00001030       0x2c c:/program files (x86)/atmel/studio/7.0/toolchain/arm/arm-gnu-toolchain/bin/../lib/gcc/arm-none-eabi/6.3.1/../../../../arm-none-eabi/lib/thumb/v6-m\libc_nano.a(lib_a-readr.o)
 .ARM.attributes
                0x0000105c       0x2c c:/program files (x86)/atmel/studio/7.0/toolchain/arm/arm-gnu-toolchain/bin/../lib/gcc/arm-none-eabi/6.3.1/../../../../arm-none-eabi/lib/thumb/v6-m\libc_nano.a(lib_a-reent.o)
 .ARM.attributes
                0x00001088       0x2c c:/program files (x86)/atmel/studio/7.0/toolchain/arm/arm-gnu-toolchain/bin/../lib/gcc/arm-none-eabi/6.3.1/../../../../arm-none-eabi/lib/thumb/v6-m\libc_nano.a(lib_a-nano-msizer.o)
 .ARM.attributes
                0x000010b4       0x1e c:/program files (x86)/atmel/studio/7.0/toolchain/arm/arm-gnu-toolchain/bin/../lib/gcc/arm-none-eabi/6.3.1/thumb/v6-m/crtn.o

.comment        0x00000000       0x59
 .comment       0x00000000       0x59 atmel_start.o
                                 0x5a (size before relaxing)
 .comment       0x00000059       0x5a Device_Startup/startup_samd21.o
 .comment       0x00000059       0x5a driver_init.o
 .comment       0x00000059       0x5a global.o
 .comment       0x00000059       0x5a hal/src/hal_adc_async.o
 .comment       0x00000059       0x5a hal/src/hal_atomic.o
 .comment       0x00000059       0x5a hal/src/hal_dac_async.o
 .comment       0x00000059       0x5a hal/src/hal_delay.o
 .comment       0x00000059       0x5a hal/src/hal_ext_irq.o
 .comment       0x00000059       0x5a hal/src/hal_flash.o
 .comment       0x00000059       0x5a hal/src/hal_i2c_m_sync.o
 .comment       0x00000059       0x5a hal/src/hal_io.o
 .comment       0x00000059       0x5a hal/src/hal_spi_m_sync.o
 .comment       0x00000059       0x5a hal/src/hal_timer.o
 .comment       0x00000059       0x5a hal/src/hal_usart_async.o
 .comment       0x00000059       0x5a hal/src/hal_usart_sync.o
 .comment       0x00000059       0x5a hal/src/hal_usb_device.o
 .comment       0x00000059       0x5a hal/utils/src/utils_list.o
 .comment       0x00000059       0x5a hal/utils/src/utils_ringbuffer.o
 .comment       0x00000059       0x5a hal/utils/src/utils_syscalls.o
 .comment       0x00000059       0x5a hpl/adc/hpl_adc.o
 .comment       0x00000059       0x5a hpl/core/hpl_core_m0plus_base.o
 .comment       0x00000059       0x5a hpl/core/hpl_init.o
 .comment       0x00000059       0x5a hpl/dac/hpl_dac.o
 .comment       0x00000059       0x5a hpl/eic/hpl_eic.o
 .comment       0x00000059       0x5a hpl/gclk/hpl_gclk.o
 .comment       0x00000059       0x5a hpl/nvmctrl/hpl_nvmctrl.o
 .comment       0x00000059       0x5a hpl/pm/hpl_pm.o
 .comment       0x00000059       0x5a hpl/rtc/hpl_rtc.o
 .comment       0x00000059       0x5a hpl/sercom/hpl_sercom.o
 .comment       0x00000059       0x5a hpl/sysctrl/hpl_sysctrl.o
 .comment       0x00000059       0x5a hpl/usb/hpl_usb.o
 .comment       0x00000059       0x5a main.o
 .comment       0x00000059       0x5a persistent_storage/nv_internal_flash_ultra.o
 .comment       0x00000059       0x5a persistent_storage/nv_storage.o
 .comment       0x00000059       0x5a persistent_storage_start.o
 .comment       0x00000059       0x5a stdio_redirect/gcc/read.o
 .comment       0x00000059       0x5a stdio_redirect/gcc/write.o
 .comment       0x00000059       0x5a stdio_redirect/stdio_io.o
 .comment       0x00000059       0x5a stdio_start.o
 .comment       0x00000059       0x5a uart.o
 .comment       0x00000059       0x5a usb/class/cdc/device/cdcdf_acm.o
 .comment       0x00000059       0x5a usb/class/hid/device/hiddf_keyboard.o
 .comment       0x00000059       0x5a usb/class/hid/device/hiddf_mouse.o
 .comment       0x00000059       0x5a usb/device/usbdc.o
 .comment       0x00000059       0x5a usb/usb_protocol.o
 .comment       0x00000059       0x5a usb_start.o

.debug_frame    0x00000000      0x998
 .debug_frame   0x00000000       0x20 c:/program files (x86)/atmel/studio/7.0/toolchain/arm/arm-gnu-toolchain/bin/../lib/gcc/arm-none-eabi/6.3.1/thumb/v6-m\libgcc.a(_udivsi3.o)
 .debug_frame   0x00000020       0x20 c:/program files (x86)/atmel/studio/7.0/toolchain/arm/arm-gnu-toolchain/bin/../lib/gcc/arm-none-eabi/6.3.1/thumb/v6-m\libgcc.a(_divsi3.o)
 .debug_frame   0x00000040       0x28 c:/program files (x86)/atmel/studio/7.0/toolchain/arm/arm-gnu-toolchain/bin/../lib/gcc/arm-none-eabi/6.3.1/thumb/v6-m\libgcc.a(_ffssi2.o)